*
**
***
****
*****
******
*******
********
*********
**********
***********
************
*************
**************
***************
****************
*****************
******************
*******************
********************
*********************
**********************
***********************
************************
*************************
**************************
***************************
****************************
*****************************
******************************
