39325
39325
39325
70329
39325
39325
39325
70329
90534
39325
39325
9891
36126
39325
70329
96098
39325
64614
39325
39325
70329
39325
90534
39325
14622
39325
70329
39325
39325
9891
36126
49494
39325
70329
39325
96098
39325
64614
90534
39325
2993
70329
39325
39325
39325
70329
69984
39325
9891
39325
36126
39325
70329
90534
39325
14622
39325
96098
39325
64614
70329
39325
39325
39325
70329
39325
9891
90534
39325
62357
36126
49494
39325
70329
39325
2083
39325
39325
96098
70329
39325
64614
29102
39325
90534
39325
2993
70329
39325
14622
9891
39325
83625
36126
39325
39325
70329
39325
39325
46154
90534
96098
39325
70329
69984
56475
39325
64614
39325
9891
39325
70329
59488
39325
36126
49494
39325
39325
70329
90534
39325
45274
2042
39325
14622
39325
70329
96098
29516
39325
39325
9891
64614
39325
68785
70329
36126
39325
90534
39325
39325
2993
70329
39325
39325
39325
70329
39325
43551
96098
39325
9891
90534
39325
62357
64614
70329
36126
49494
39325
14622
39325
39325
33799
70329
69984
39325
83101
2083
39325
81952
90534
39325
70329
39325
9891
39325
96098
39325
36126
70329
39325
64614
39325
29102
39630
39325
70329
90534
39325
39325
39325
2993
70329
39325
14622
9891
39325
39325
96098
83625
36126
49494
39325
70329
90534
39325
64614
39325
53284
39325
70329
39325
39325
9891
39325
70329
39325
46154
90534
39325
36126
96098
39325
70329
69984
61466
87617
39325
56475
39325
14622
64614
39325
70329
39325
39325
9891
90534
39325
17467
70329
39325
59488
62357
91023
39325
36126
49494
39325
10288
2993
70329
96098
39325
11613
39325
33018
39325
70329
90534
64614
39325
74714
39325
9891
2083
83230
39325
70329
45274
2042
39325
84606
14622
36126
39325
39325
70329
39325
77684
90534
96098
29516
39325
37484
39325
45406
70329
95439
39325
9891
64614
39325
39325
29102
68785
70329
39325
69984
57920
36126
49494
39325
92273
90534
81551
39325
26477
70329
39325
55396
39325
96098
39325
2993
70329
39325
14622
9891
39325
39325
64614
90534
74
70329
39325
83625
36126
39325
39325
33256
39325
70329
39325
43551
39325
96098
39325
70329
9891
90534
39325
39325
39325
62357
64614
70329
31326
36126
49494
77171
39325
39325
14622
39325
51824
70329
46154
39325
90534
39325
33799
9891
23309
96098
39325
70329
69984
39325
16071
56475
39325
83101
2083
39325
2993
36126
70329
39325
64614
81952
90534
39325
31278
39325
70329
39325
39325
9891
39325
70329
96098
39325
14622
39325
59488
90534
39325
36126
49494
70329
39325
39325
64614
39325
70329
29102
39630
39325
19856
39325
9891
39325
92054
90771
70329
90534
39325
49962
96098
39325
37050
36126
39325
70329
71544
39325
39325
53163
45274
2042
39325
64614
2993
70329
56723
39325
14622
69984
9891
90534
39325
14905
39325
70329
39325
57753
78658
39325
30375
62357
96098
29516
83625
36126
49494
39325
39325
70329
39325
90534
39325
87118
39325
5497
70329
9891
64614
39325
53284
39325
68785
39325
70329
88673
39325
21316
36126
12078
39325
96098
68411
90534
14622
39325
70329
2083
39325
82539
21689
39325
24009
9891
39325
70329
39325
64614
39325
46154
39325
2993
70329
90534
1696
39325
36126
49494
30366
39325
96098
39325
77325
72153
70329
2327
39325
69984
61466
87617
39325
56475
9891
46977
39325
70329
39325
90534
20061
14622
39325
64614
34318
39325
70329
39325
36126
29102
39325
39325
43551
70329
96098
39325
7479
39325
9891
90534
39325
17467
70329
39325
39325
59213
59488
39325
76477
62357
91023
64614
70329
39325
36126
49494
75093
39325
39325
10288
90534
29657
15891
2993
70329
39325
14622
96098
9891
39325
44534
39325
11613
23908
70329
39325
33018
39325
33799
39325
83625
70329
36126
39325
90534
33228
10244
64614
69984
69145
39325
74714
39325
83101
39325
70329
9891
2083
39325
96098
83230
39325
68235
39325
70329
81952
60507
45274
2042
90534
39325
84606
39325
41412
14622
36126
49494
39325
70329
72632
39325
78037
64614
39325
39325
9891
70329
39325
77684
90534
39325
96098
29516
39325
2993
70329
37484
39325
30038
39325
45406
36126
39325
70329
95439
39325
39325
46154
9891
90534
64614
39325
70329
39325
39325
14622
29102
39630
68785
96098
39325
70329
39325
69984
62357
39325
57920
36126
49494
39325
56475
92273
70329
90534
39325
81551
39325
9891
50835
39325
26477
70329
79888
39325
64614
21136
39325
55396
39325
96098
70329
39325
90534
39325
84593
36126
39325
35428
2993
70329
39325
14622
9891
39325
95455
17693
39325
27299
70329
39325
55720
39325
64614
2083
90534
74
39325
59488
70329
39325
96098
15487
83625
39325
36126
49494
313
39325
80281
17388
49509
39325
70329
9891
39325
39325
90534
33256
39325
70329
79660
39325
69984
39325
64614
14622
39325
70329
43551
39325
36126
53284
96098
39325
39325
65032
70329
9891
90534
39325
18057
39325
2993
39325
70329
19343
39325
40161
39325
39325
62357
64614
70329
31326
36126
39325
49494
90534
77171
39325
96098
45274
29102
9891
2042
39325
70329
39325
39325
14622
39325
51824
70329
80033
39325
46154
39325
90534
9097
84687
39325
70329
21480
36126
39325
64614
33799
39325
9891
23309
73423
96098
39325
29516
70329
39325
69984
39325
16071
61466
87617
39325
90534
70329
56475
39325
83101
39325
2083
35374
39325
2993
36126
49494
70329
39325
56857
50388
14622
39325
9891
64614
39325
81952
96098
70329
90534
39325
59510
39325
31278
68785
39325
70329
39325
47300
51414
39325
39325
83625
36126
70329
39325
9891
90534
39325
39325
17467
64614
39325
70329
96098
39325
81578
39325
14622
39325
70329
59488
43036
39325
62357
91023
90534
39325
36126
49494
39325
70329
9891
39325
69984
39325
10288
2993
39325
70329
64614
39325
96098
39325
90534
39325
70329
31090
29102
11613
39630
39325
19856
86068
39325
36126
33018
39325
9891
70329
54746
39325
39325
92054
14622
90771
39325
70329
90534
39325
64614
49962
96098
39325
39325
74714
37050
70329
39325
36126
39325
49494
9891
39325
2083
46154
70329
71544
39325
83230
90534
39325
39325
70329
53163
39325
45274
43551
2042
39325
84606
64614
96098
39325
2993
70329
56723
39325
36570
68212
14622
36126
39325
69984
9891
90534
39325
70329
39325
56475
27526
14905
39325
1058
39325
70329
39325
57753
90282
47741
39325
77684
78658
39325
90534
30375
62357
96098
64614
70329
39325
29516
83625
36126
49494
9891
39325
37484
39325
39325
70329
33337
58471
39325
45406
39325
14622
39325
70329
95439
90534
39325
45944
39325
87118
39325
5497
70329
96098
36126
9891
34542
64614
39325
39325
2993
39325
70329
1294
53284
33799
39325
90534
29102
68785
39325
131
54966
39325
70329
88673
39325
59488
69984
39325
21316
57920
39325
49551
9891
36126
70329
12078
49494
39325
96098
92273
68411
64614
39325
90534
83101
14622
88592
39325
81551
70329
2083
39325
28209
39325
72652
26477
39325
82539
70329
21689
39325
81952
39325
3195
24009
9891
90534
39325
36126
55396
70329
82382
39325
96098
39325
81686
35772
39325
64614
20577
70329
39325
39325
28772
46154
32464
39325
2993
70329
90534
39325
1696
14622
62357
39325
9891
36126
39325
49494
70329
30366
39325
41265
39325
96098
39325
6335
77325
72153
70329
39325
64614
2327
90534
39325
74
69984
39325
61466
87617
23597
70329
39325
56475
39325
9891
46977
83625
68506
36126
39325
45274
2042
70329
39325
39325
90534
39325
20061
96098
14622
39325
70329
78261
39325
64614
34318
20589
39325
33256
39325
70329
9891
39325
36126
49494
29102
76422
39325
6723
39630
90534
2993
39325
70329
39325
39325
43551
39325
70329
96098
29516
39325
2083
7479
39325
64614
39325
70329
9891
90534
39325
36126
58305
39325
14622
17467
39325
70329
66859
39325
39325
69984
63828
39325
70329
39325
96098
59213
96974
90534
59488
39325
76477
9891
39325
62357
91023
64614
70329
31326
39325
36126
49494
39325
75093
77171
39325
70329
39325
39325
10288
68785
90534
29657
15891
39325
2993
84759
70329
39325
14622
96098
39325
54369
9891
39325
51824
44534
70329
39325
36126
64614
8028
46154
39325
11613
39325
90534
23908
70329
39325
33018
39325
39325
33799
70329
39325
39325
9891
23309
70250
96098
39325
83625
70329
36126
39325
90534
49494
33228
39325
10244
64614
69984
69145
39325
16071
39325
70329
14622
74714
39325
62211
56475
39325
63193
29102
83101
39325
70329
85300
9891
39325
90534
2083
39325
96098
2993
36126
39325
83230
70329
39325
68235
39325
40839
64614
39325
70329
81952
39325
60507
45274
2042
90534
39325
84606
53284
39325
70329
9891
39325
31278
41412
21477
62357
39325
14622
36126
49494
39325
96098
70329
72632
66258
39325
39325
90534
78037
39325
70329
64614
39325
39325
39325
9891
70329
39325
39325
77684
69984
36126
39325
70329
90534
14687
39325
96098
29516
39325
39325
2993
58551
70329
39325
37484
14622
64614
39325
59488
9891
30038
39325
70329
39325
45406
90534
39325
36126
49494
39325
21307
43551
70329
95439
39325
29854
96098
39325
39325
68797
65163
70329
39325
46154
39325
9891
90534
64614
39325
70329
39325
83625
39325
36126
39325
2083
70329
39325
14622
29102
39630
39325
68785
96098
19856
39325
90534
39325
70329
39325
9891
39325
19100
69984
62357
2993
64614
39325
61466
70329
57920
87617
47197
36126
39325
92054
49494
90771
39325
56475
92273
34467
39325
70329
84587
90534
39325
81551
39325
49962
96098
39325
70329
63997
9891
39325
37050
50835
39325
42143
14622
26477
39325
70329
79888
36126
39325
64614
90534
49140
21136
39325
57567
96187
1040
39325
70329
71544
39325
55396
39325
39325
96098
9891
70329
70897
39325
46315
39325
90534
53163
33799
39325
45274
84593
70329
36126
23291
2042
39325
49494
39325
64614
35428
56957
88689
39325
2993
70329
56723
39325
14622
39325
26467
69984
9891
39325
90534
95455
70329
39325
35697
96098
17693
39325
17467
39325
56408
27299
36126
70329
14905
39325
55720
83101
39325
27015
39325
64614
2083
70329
39325
90534
74
57753
39325
9891
78658
39325
59488
70329
39325
30375
62357
96098
29102
39325
91023
15487
29516
83625
39325
36126
46154
79756
81952
27540
49494
70329
313
39325
14622
31689
90534
39325
39325
41583
80281
17388
49509
39325
70329
64614
39325
10288
9891
39325
2993
39325
70329
95470
39325
96098
90534
39325
36126
33256
9273
39325
70329
70159
39325
79660
39325
69984
87118
39325
11613
5497
70329
26515
56657
9891
39325
64614
39325
60394
31691
14622
90534
36744
56475
39325
33018
70329
39325
43551
39325
36126
53284
49494
96098
39325
70329
39325
68785
39325
39325
65032
70329
9891
90534
39325
88673
39325
64614
18057
39325
21316
70329
39325
74714
36126
39325
12078
2993
93450
39325
96098
70329
68411
19343
39325
90534
14622
39325
40161
39325
9891
70329
39325
2083
39325
83230
39325
8539
62357
92802
79653
891
64614
70329
31326
39325
36126
49256
39325
82539
49494
21689
90534
39325
69984
77171
70329
39325
96098
39325
45274
24009
29102
9891
2042
39325
29331
39630
84606
70329
13628
39325
39325
43209
39325
90534
70329
39325
83625
14622
36126
64614
39325
39325
51824
70329
39325
80033
96098
39325
9891
46154
39325
2993
39325
70329
59488
90534
9097
1696
39325
84687
39325
39325
70329
21480
36126
49494
39325
64614
30366
33799
39325
77684
10150
39325
70329
62714
9891
39325
23309
90534
73423
96098
39325
13288
29516
6496
14622
77325
72153
39325
70329
65328
2327
39325
39325
37484
69984
39325
36126
70329
16071
61466
39325
87617
39325
90534
51354
85471
64614
39325
45406
92684
70329
56475
9891
39325
46977
55243
39325
83101
96098
120
39325
70329
95439
39325
62357
2083
35374
39325
2993
39325
90534
36126
49494
70329
39325
20061
56857
50388
14622
39325
32484
58314
39325
9891
70329
64614
39325
34318
39325
81952
39325
96098
70329
90534
39325
24525
8998
39325
36126
59510
39325
29102
70329
31278
39325
68785
39325
9891
39325
70329
39325
61684
8863
90534
64614
39325
47300
51414
43551
39325
67012
69984
70329
96098
39325
14622
57920
39325
83625
7479
19420
36126
39325
49494
70329
39325
92273
39698
39325
9891
90534
39325
2993
6489
39325
70329
81551
39325
48380
17467
64614
39325
39325
70329
45274
96098
46154
2042
39325
36126
39325
81578
26477
90534
39325
70329
39325
9891
39325
14622
59213
39325
70329
80727
59488
43036
39325
76477
39325
55396
62357
91023
39325
64614
70329
90534
39325
68603
36126
96098
49494
39325
2083
75093
39325
70329
9891
47730
39325
53284
39325
34694
39325
69984
70329
39325
10288
90534
39325
29657
15891
2993
39325
70329
39325
56475
64614
36126
39325
14622
96098
39325
29516
9891
70329
39325
44534
39325
90534
39325
70329
31090
39325
29102
11613
39630
39325
39325
19856
86068
23908
70329
39325
36126
49494
39325
64614
48238
33018
39325
9891
96098
90534
70329
74
39325
54746
39325
33799
39325
70329
39325
92054
17494
14622
39325
61598
90771
8940
39325
43238
69397
83625
70329
36126
39325
90534
33228
39325
9891
79924
10244
39325
2993
64614
49962
69984
69145
96098
70329
39325
31248
23144
39325
39325
74714
20094
37050
39325
70329
65946
62357
39325
90534
39325
83101
36126
39325
70329
49494
68785
39325
9891
39325
31794
33256
2083
14622
39325
46154
70329
64614
71544
96098
39325
83230
90534
39325
81262
39325
68235
70329
39325
41356
39325
36126
39325
70329
53163
9891
39325
81952
60507
39325
45274
43551
2042
90534
39325
70329
84606
39325
64614
96098
59488
66955
39325
2993
39325
41412
70329
56723
39325
36570
68212
39325
14622
36126
49494
39325
69984
70329
9891
90534
72632
39325
61466
29102
39325
87617
39325
70329
39325
78037
56475
27526
39325
96098
64614
14905
87246
39325
1058
70329
39325
90534
39325
36126
39325
4916
9891
70329
39325
39325
57753
90282
47741
39325
77684
78658
70329
925
39325
14622
39325
90534
30375
39325
62357
96098
64614
70329
39325
31326
29516
83625
39325
36126
49494
9891
39325
2993
5441
14688
73938
70329
39325
77171
37484
39325
39325
90534
2083
39325
70329
30038
33337
39325
58471
39325
45406
96098
39325
69984
70329
64614
36126
39325
9891
86990
14791
39325
69322
14622
39325
70329
95439
90534
39325
39325
51824
39325
70329
45944
39325
82160
19746
39325
46154
87118
39325
5497
70329
96098
36126
39325
9891
49494
90534
34542
64614
39325
39325
70329
39325
17467
39325
45886
2993
39325
70329
1294
70463
53284
39325
33799
39325
14622
90534
12485
29102
72127
39325
39630
70329
36126
9891
23309
68785
39325
96098
131
54966
3478
39325
64614
39325
70329
39325
88673
61900
39325
59488
39325
90534
70329
69984
24178
39325
45274
62357
21316
91023
16071
2042
39325
57920
48061
39325
49551
9891
36126
70329
12078
49494
39325
39325
96098
56475
92273
68411
39325
70329
64614
39325
90534
83101
14622
88592
39325
51203
39325
4633
81551
70329
39325
10288
2083
39325
83625
28209
9891
39325
2993
36126
70329
39325
43551
7105
50835
90534
39325
72652
26477
39325
96098
82539
70329
39325
21689
79888
64819
39325
64614
39325
98324
21136
81952
39325
70329
22652
39325
3195
24009
9891
90534
39325
36126
11613
49494
14622
55396
39325
70329
82382
94006
39325
83918
39325
31278
96098
39325
81686
70329
35772
69984
76602
33018
39325
29516
39325
64614
20577
90534
39325
70329
39325
50930
9891
84593
36126
39325
39325
70329
28772
39325
46154
35428
32464
39325
2993
39325
29102
70329
96098
90534
39325
25251
1696
39325
14622
62357
39325
64614
70329
9891
39325
95455
78447
36126
39325
49494
39325
17693
74714
70329
30366
39325
35918
72295
90534
39325
41265
27299
39325
70329
39325
55720
96098
39325
70342
39325
6335
77325
72153
9891
70329
39325
64614
2327
36126
2083
39325
90534
39325
74
74400
70329
69984
39325
83230
14622
39325
61466
39325
59488
87617
23597
70329
39325
73258
39325
70152
96098
56475
15487
39325
2993
9891
90534
46977
70329
83625
39325
77282
68785
68506
36126
39325
49494
64614
313
39325
45274
2042
70329
39325
33360
39325
84606
94641
80281
39325
17388
49509
39325
70329
91067
90534
39325
20061
9891
39325
96098
14622
39325
70329
78261
33799
36126
39325
39325
64614
34318
39325
70329
20589
39325
90534
39325
33256
39325
70329
62357
39325
9891
39325
79660
59487
96098
39325
36126
70329
69984
49494
29102
76422
39325
6723
59349
41771
39630
39325
90534
2993
39325
70329
19856
64614
39325
39325
14622
39325
70329
77684
46154
39325
9891
43551
83101
39325
60854
39325
36126
90534
53284
70329
96098
39325
29516
39325
2083
7479
39325
92054
70329
39325
64614
90771
39325
39325
26488
37484
87906
65032
70329
9891
63719
90534
39325
39325
22917
36126
39325
49494
70329
49962
58305
39325
18057
96098
14622
39325
17467
45406
81952
39325
70329
39325
66859
90534
39325
37050
7793
64614
2993
39325
9891
70329
95439
39325
80517
69984
19343
63828
39325
83625
89877
36126
58885
39325
40161
12897
70329
39325
39325
96098
86178
59213
15443
96974
90534
39325
17536
56475
59488
70329
39325
71544
76477
86831
39325
77290
9891
39325
62357
91023
64614
39325
14622
70329
31326
39325
36126
39325
49494
90534
39325
70329
75093
39325
60463
77171
39325
96098
53163
39325
70329
98109
45274
39325
3230
29102
9891
2042
39325
39325
10288
70329
68785
90534
48661
64614
39325
28078
36126
81190
29657
15891
39325
2993
84759
39325
70329
56723
39325
39325
14622
38384
96098
2083
39325
70329
69984
54369
39325
9891
90534
39325
51824
57920
44534
39325
70329
66677
82639
39325
36126
80033
49494
64614
39325
8028
46154
39325
92273
70329
11613
39325
14905
39325
90534
9097
39325
23908
70329
96098
9891
39325
21724
84687
28580
39325
81551
57872
33018
39325
3196
70418
70329
21480
39325
36126
14622
39325
66967
57753
39325
64614
90534
33799
78519
70329
39325
78658
39325
26477
2993
39325
9891
23309
70329
70250
39325
73423
30375
62357
96098
39325
29516
39325
83625
87121
70329
36126
75866
39325
90534
49494
33228
39325
39325
10244
55920
70329
39325
64614
25339
69984
69145
55396
39325
94594
43551
16071
39325
9891
61466
39325
70329
14622
87617
74714
39325
90534
96098
39325
62211
56113
36126
42820
39325
70329
56475
39325
63193
39325
29102
83101
39325
70329
39630
59488
23781
39325
64614
85300
9891
39325
90534
39325
70329
2083
35374
39325
96098
39325
2993
36126
8006
39325
83230
49494
70329
39325
56857
39325
68235
50388
87118
14622
40357
90534
39325
5497
70329
98829
39325
9891
94428
39325
40839
64614
39325
70329
39325
81952
39325
60507
36126
96098
45274
39325
70329
2042
90534
39325
69984
39325
84606
53284
85124
39325
70329
59510
39325
9891
14691
85340
39325
31278
46154
41412
21477
62357
39325
64614
68785
70329
39325
66703
90534
14622
39325
36126
74
49494
64346
39325
96098
22812
70329
39325
72632
66258
88673
39325
47300
2993
39325
51414
9891
70329
39325
39325
21316
90534
78037
39325
70329
39325
83625
64614
85234
39325
48308
36126
12078
39325
10234
70329
39325
96098
39325
76485
68411
39325
9891
90534
70329
39325
14622
39325
39325
29102
39325
70329
77684
2083
69984
36126
39325
17467
93542
64614
49494
39325
39325
70329
90534
14687
41090
39325
96098
9891
39325
29516
39325
81578
70329
56475
39325
82539
21689
33256
39325
2993
10615
58551
39325
70329
36126
39325
90534
37484
39325
14622
64614
39325
70329
83371
63980
39325
59488
24009
43036
9891
30038
96098
39325
33799
39325
70329
62357
39325
45406
91023
39325
90534
390
39325
70329
36126
53714
39325
49494
69564
39325
78745
39325
52517
21307
43551
70329
95439
64614
39325
9891
29854
65017
39325
96098
39325
90534
70329
39325
69984
51253
14622
39325
89332
68797
65163
39325
10288
36126
70329
10919
39325
46154
39325
19805
2993
39325
70329
9891
39325
90534
64614
1696
45274
39325
2042
39325
96098
70329
39325
83101
39325
83625
39325
36126
70329
49494
39325
39325
90534
2083
30366
39325
9891
70329
39325
31090
14622
29102
4280
39325
11613
39630
64614
39325
68785
39325
70329
96098
19856
39325
86068
90534
39325
36126
77325
72153
39325
70329
39325
2327
33018
35740
39325
9891
23134
39325
70329
81952
39325
19100
69984
54746
39325
62357
2993
90534
64614
39325
61466
70329
57920
31326
39325
96098
87617
82330
47197
36126
39325
92054
14622
49494
39325
70329
90771
39325
56475
92273
9891
92359
39325
66835
77171
46977
34467
39325
70329
84587
90534
39325
39325
39325
70329
81551
64614
39325
49962
36126
80322
96098
39325
39325
19038
29516
70329
63997
39325
9891
90534
59488
39325
74714
39325
1556
37050
27459
20061
70329
50835
39325
42143
53284
14622
39325
26477
39325
9117
70329
79888
39325
26947
36126
39325
64614
49494
34318
90534
2993
51824
96098
49140
39325
36464
21136
70329
9891
39325
57567
96187
69984
39325
50058
2083
61760
1040
39325
46154
70329
39325
71544
90051
39325
55396
83230
39325
90534
83625
70329
39325
36126
39325
29102
39325
64614
96098
9891
70329
39325
14622
70897
39325
46315
64698
39325
45988
70329
39325
62357
90534
53163
39325
33799
39325
45274
39325
84593
70329
36126
23291
43551
2042
39325
49494
49600
39325
9891
40368
23309
91239
84606
39325
70329
64614
96098
35428
39325
41799
90534
56957
88689
72857
39325
2993
7479
39325
70329
88099
56723
39325
36570
39325
68212
14622
39325
36126
70329
26467
39325
69984
9891
39325
90534
95455
39325
16071
70329
79430
39325
35697
96098
64614
39325
17693
68785
39325
5744
70329
39325
17467
39325
56475
27526
56408
27299
39325
36126
23870
90534
70696
70329
49494
14905
63345
39325
55720
9891
83101
1058
39325
39325
27015
70329
39325
96098
39325
14622
64614
39325
2083
24170
70329
39325
90534
74
39325
2993
57753
36126
39325
90282
70329
42892
47741
59213
39325
9891
77684
78658
39325
51934
59488
39325
76477
70329
39325
90749
90534
39325
30375
96664
62357
96098
29102
39325
91023
64614
15487
70329
39325
39630
29516
83625
39325
69984
36126
46154
39325
79756
81952
27540
49494
9891
70329
313
39325
14622
13548
39325
75093
31689
90534
39325
70329
37484
39325
39325
41583
80281
39325
17388
96098
49509
39325
70329
64614
31278
33337
39325
36126
39325
60568
10288
58471
9891
90534
39325
70329
45406
39325
29657
15891
2993
39325
39325
70329
95470
39325
73112
91769
39325
14622
39325
70329
95439
96098
90534
39325
36126
64614
33256
39325
9891
49494
9273
39325
70329
39325
70159
44534
45274
90552
45944
39325
2042
79660
39325
70329
39325
90534
69984
39325
87118
18090
39325
11613
5497
38751
70329
2083
61466
39325
96098
26515
36126
56657
9891
39325
87617
34542
64614
39325
23908
70329
39325
60394
31691
39325
14622
90534
36744
56475
39325
33018
70329
62357
39325
39325
43551
2993
39325
70329
58827
1294
39325
36126
53284
9891
25684
33799
49494
96098
39325
45650
44450
39325
90534
29102
70329
64614
39325
39325
68785
39325
38458
70329
131
39325
54966
39325
39325
83625
65032
70329
36126
9891
39325
90534
14622
39325
88673
33228
96098
39325
93961
59488
70329
39325
10244
74415
64614
39325
46154
69984
69145
18057
39325
21316
70329
39325
57920
65616
39325
90534
39325
49551
9891
74714
36126
60892
39325
70329
12078
49494
39325
43840
2993
93450
39325
96098
92273
84190
39325
27508
70329
68411
3131
19343
98443
39325
29516
64614
39325
90534
68983
83101
14622
39325
40161
70329
88592
39325
39325
9891
81551
36126
39325
70329
39325
2083
39325
24936
39325
90534
96098
70329
28209
39325
83230
39325
8539
62357
92802
79653
891
39325
64614
70329
31326
72652
39325
68235
26477
9891
68203
39325
66972
36126
49256
39325
46845
82539
49494
70329
21689
90534
39325
14233
39325
69984
14622
30566
39325
77171
50173
70329
39325
96098
81952
39325
2993
60507
39325
70329
45274
3195
39325
64614
24009
29102
9891
3373
2042
90534
39325
36126
29331
39630
39325
56475
55396
84606
70329
13628
89893
39325
82382
39325
19856
39325
46191
70329
43209
39325
41412
41563
17467
96098
39325
81686
35772
90534
39325
70329
39325
9891
83625
14622
39325
36126
64614
20577
49494
39325
70329
39325
72632
39325
51824
39325
90534
70329
39325
39325
80033
92054
96098
28772
39325
9891
39325
70329
46154
90771
78037
32464
36126
39325
69984
2993
39325
64614
39325
70329
59488
90534
39325
9097
1696
2083
39325
68785
43551
14622
39325
70329
62357
84687
39325
91023
49962
39325
9891
96098
39325
70329
21480
36126
39325
90534
49494
39325
39325
70329
64614
30366
33799
39325
37050
77684
39325
10150
39325
41265
70329
39325
62714
9891
39325
23309
90534
73423
39325
96098
70329
36126
39325
13288
39325
29516
6496
14622
10288
6335
77325
72153
39325
70329
39325
64614
65328
2327
29102
39325
2993
39325
90534
70329
71544
39325
74
9891
39325
37484
69984
39325
36126
70329
96098
39325
49494
16071
61466
39325
39325
87617
30038
23597
53284
70329
39325
90534
51354
85471
39325
64614
39325
45406
92684
70329
56475
39325
9891
14622
39325
46977
83625
39325
53163
68506
36126
70329
55243
39325
83101
11613
96098
39325
90534
120
45274
39325
2042
70329
95439
39325
39325
62357
39325
2083
35374
64614
9891
70329
39325
39325
33018
2993
39325
90534
36126
49494
39325
70329
56723
39325
20061
56857
96098
39325
46154
50388
14622
39325
70329
78261
39325
32484
58314
39325
69984
9891
90534
39325
70329
64614
39325
34318
36126
20589
39325
39325
70329
81952
59488
39325
33256
39325
96098
39325
70329
90534
39325
24525
39325
9891
8998
14905
39325
70329
39325
64614
36126
59510
39325
14622
49494
29102
76422
39325
70329
31278
6723
39325
39630
90534
39325
2993
68785
39325
96098
70329
74714
39325
9891
39325
39325
57753
70329
39325
61684
36126
39325
8863
78658
90534
64614
39325
47300
70329
51414
43551
39325
39325
67012
69984
39325
30375
70329
62357
96098
39325
9891
14622
39325
57920
29516
39325
83625
90534
2083
70329
7479
19420
39325
36126
39325
49494
39325
70329
64614
39325
83230
56475
92273
39325
39698
39325
70329
33799
39325
9891
90534
96098
39325
2993
6489
39325
39325
70329
36126
39325
81551
58305
39325
14622
39325
70329
48380
17467
64614
39325
90534
39325
9891
39325
70329
45274
66859
39325
96098
46154
2042
39325
50835
39325
36126
70329
84606
49494
39325
81578
26477
39325
90534
69984
63828
39325
70329
79888
39325
39325
64614
9891
39325
70329
29102
39325
21136
39325
96098
14622
59213
96974
36126
39325
90534
70329
80727
39325
59488
43036
39325
87118
2993
76477
39325
5497
70329
39325
55396
83101
9891
39325
62357
91023
39325
64614
70329
31326
39325
90534
39325
68603
36126
39325
96098
70329
49494
39325
2083
39325
75093
39325
70329
39325
77171
9891
14622
47730
90534
39325
53284
39325
70329
39325
64614
83625
39325
84593
36126
34694
39325
69984
70329
96098
39325
39325
10288
68785
61466
90534
39325
70329
39325
87617
9891
35428
29657
15891
39325
2993
77684
84759
39325
81952
70329
39325
39325
56475
64614
88673
36126
39325
49494
90534
39325
70329
14622
96098
39325
39325
54369
29516
9891
39325
70329
95455
21316
39325
51824
39325
44534
39325
70329
90534
39325
17693
43551
36126
12078
39325
64614
8028
39325
70329
31090
37484
46154
39325
29102
96098
39325
27299
11613
9891
68411
39630
39325
70329
62357
39325
55720
90534
39325
19856
14622
69984
86068
39325
23908
70329
39325
36126
39325
49494
2993
45406
45274
39325
70329
64614
48238
2042
33018
39325
2083
39325
9891
96098
90534
39325
70329
74
39325
39325
54746
39325
33799
70329
95439
39325
36126
39325
59488
39325
90534
70329
39325
92054
17494
64614
9891
82539
14622
23309
39325
21689
70250
39325
96098
61598
90771
70329
39325
15487
8940
39325
43238
69397
83625
39325
70329
36126
39325
90534
49494
39325
33228
313
39325
70329
39325
24009
9891
79924
10244
39325
2993
64614
39325
49962
69984
69145
96098
70329
39325
31248
39325
80281
90534
16071
23144
39325
17388
36126
49509
39325
70329
14622
39325
74714
39325
20094
37050
9891
39325
70329
62211
39325
65946
62357
56475
39325
90534
64614
39325
70329
63193
96098
39325
29102
39325
83101
36126
39325
70329
49494
39325
68785
39325
85300
9891
39325
90534
70329
39325
31794
33256
2083
39325
14622
39325
46154
70329
64614
71544
39325
96098
2993
39325
36126
39325
83230
70329
29516
79660
17467
90534
39325
81262
1696
39325
9891
39325
69984
68235
70329
39325
39325
41356
39325
57920
70329
39325
40839
64614
90534
39325
36126
96098
39325
49494
70329
39325
53163
14622
9891
39325
30366
81952
92273
39325
60507
70329
39325
45274
39325
43551
2042
90534
39325
70329
83625
39325
84606
39325
36126
53284
64614
39325
96098
59488
66955
70329
81551
39325
9891
39325
2993
39325
77325
31278
72153
41412
21477
90534
62357
70329
39325
91023
56723
39325
2327
39325
36570
68212
70329
39325
14622
36126
39325
49494
39325
65032
69984
96098
39325
64614
70329
9891
90534
72632
26477
39325
66258
39325
61466
29102
39325
70329
39325
87617
39630
39325
2083
39325
18057
70329
36126
39325
90534
78037
39325
33799
56475
27526
9891
39325
70329
96098
46977
39325
64614
10288
14905
87246
39325
14622
39325
1058
70329
39325
2993
55396
39325
90534
39325
70329
36126
39325
19343
49494
39325
4916
46154
9891
39325
70329
39325
40161
96098
39325
64614
39325
90534
57753
70329
90282
39325
47741
39325
20061
77684
39325
78658
69984
36126
70329
925
39325
68785
14622
39325
9891
39325
70329
39325
90534
30375
14687
39325
62357
96098
39325
64614
70329
11613
34318
39325
31326
29516
39325
83625
39325
36126
70329
39325
49494
9891
39325
90534
2993
58551
5441
14688
73938
39325
70329
39325
83101
39325
77171
33018
37484
39325
96098
70329
39325
14622
64614
39325
39325
90534
36126
45274
59488
2083
39325
70329
29102
9891
30038
2042
39325
33337
39325
39325
70329
58471
39325
45406
39325
96098
90534
39325
69984
70329
39325
64614
36126
39325
49494
9891
39325
70329
86990
14791
39325
39325
69322
14622
21307
43551
39325
70329
95439
90534
39325
29854
2993
39325
39325
56475
70329
96098
39325
81952
36126
51824
39325
64614
9891
39325
70329
45944
39325
7479
90534
39325
80033
68797
65163
74
39325
62357
70329
82160
19746
39325
46154
87118
39325
74714
39325
5497
70329
39325
96098
36126
14622
39325
9891
49494
90534
39325
34542
9097
64614
70329
39325
39325
39325
84687
69984
70329
39325
39325
39325
83625
90534
70329
21480
17467
39325
45886
36126
9891
39325
96098
2993
39325
70329
39325
1294
2083
70463
53284
64614
39325
33799
39325
70329
39325
14622
90534
12485
29102
39325
83230
72127
39325
39630
70329
39325
36126
9891
23309
68785
39325
49494
73423
96098
39325
131
54966
19856
3478
39325
70329
39325
29516
90534
64614
39325
39325
70329
39325
59213
88673
39325
61900
39325
9891
36126
70329
59488
39325
76477
39325
90534
14622
96098
39325
19100
70329
69984
24178
39325
45274
62357
2993
21316
39325
91023
16071
2042
64614
39325
61466
70329
57920
48061
39325
33256
87617
39325
84606
49551
9891
47197
36126
39325
90534
70329
12078
92054
49494
39325
39325
90771
39325
75093
70329
96098
56475
92273
39325
68411
39325
34467
39325
70329
64614
39325
84587
90534
83101
39325
14622
9891
88592
36126
39325
70329
46154
39325
51203
39325
4633
81551
39325
49962
70329
39325
10288
96098
2083
39325
90534
35374
39325
70329
29657
39325
63997
15891
83625
28209
64614
9891
39325
2993
36126
39325
49494
70329
69984
39325
43551
7105
37050
39325
56857
29102
50835
90534
39325
72652
70329
39325
42143
50388
14622
26477
39325
96098
39325
82539
70329
39325
21689
79888
9891
39325
64819
36126
39325
64614
90534
39325
70329
49140
44534
39325
98324
21136
39325
57567
81952
62357
39325
70329
96187
39325
1040
96098
22652
39325
3195
24009
39325
70329
9891
71544
90534
39325
36126
11613
39325
49494
14622
55396
77684
39325
64614
70329
82382
94006
39325
2993
39325
83918
59510
39325
23908
70329
39325
90534
31278
39325
96098
9891
39325
81686
70329
35772
69984
39325
68785
76602
36126
33018
59488
70897
39325
46315
29516
39325
70329
39325
64614
39325
20577
90534
53163
39325
70329
39325
33799
39325
14622
2083
50930
9891
39325
45274
84593
96098
70329
47300
36126
39325
56475
37484
23291
51414
2042
39325
49494
39325
90534
70329
28772
39325
39325
64614
46154
39325
35428
32464
70329
39325
56957
88689
39325
2993
9891
83625
39325
29102
70329
36126
39325
96098
90534
45406
56723
39325
39630
25251
1696
33228
39325
70329
39325
14622
39325
62357
10244
26467
39325
64614
53284
70329
39325
31326
69984
69145
9891
39325
90534
95455
78447
39325
36126
70329
95439
39325
49494
39325
35697
96098
39325
17693
74714
39325
70329
30366
39325
35918
39325
72295
90534
77171
39325
17467
70329
9891
64614
41265
39325
56408
27299
39325
36126
14622
39325
70329
14905
39325
55720
2993
96098
39325
83101
39325
90534
70329
39325
70342
27015
39325
81578
6335
77325
72153
39325
9891
70329
39325
64614
43551
2327
39325
36126
2083
39325
49494
70329
39325
90534
39325
74
74400
96098
39325
70329
57753
69984
39325
83230
39325
14622
9891
39325
70329
78658
39325
61466
90534
39325
59488
36126
68235
43036
64614
87617
23597
39325
70329
39325
39325
51824
30375
73258
39325
70152
62357
96098
70329
29102
39325
91023
56475
15487
39325
2993
9891
90534
29516
39325
46977
70329
83625
39325
77282
68785
68506
39325
36126
46154
79756
81952
27540
39325
49494
60507
64614
70329
313
39325
14622
39325
45274
39325
31689
2042
90534
70329
39325
96098
9891
39325
33360
39325
84606
70329
39325
94641
41583
80281
36126
39325
39325
17388
49509
39325
70329
91067
69984
90534
64614
39325
41412
39325
39325
70329
10288
20061
9891
39325
96098
57920
39325
14622
39325
70329
78261
33799
36126
39325
2993
90534
49494
39325
39325
70329
2083
39325
95470
72632
64614
92273
39325
34318
39325
9891
70329
23309
20589
39325
96098
39325
90534
39325
70329
36126
39325
33256
9273
39325
39325
78037
70329
39325
81551
70159
62357
39325
14622
9891
64614
39325
90534
70329
39325
79660
59487
39325
96098
39325
36126
70329
31090
39325
69984
49494
29102
87118
76422
39325
39325
6723
11613
59349
41771
5497
70329
39630
16071
39325
90534
26515
2993
39325
56657
9891
39325
70329
19856
39325
64614
26477
86068
83625
39325
59488
39325
36126
60394
96098
70329
31691
39325
14622
39325
90534
36744
56475
39325
33018
70329
77684
39325
46154
39325
9891
39325
43551
70329
83101
39325
60854
39325
64614
39325
36126
54746
90534
53284
70329
39325
49494
96098
39325
39325
29516
39325
70329
55396
2083
9891
39325
7479
39325
92054
14622
39325
45274
90534
70329
68785
69984
39325
2993
2042
36126
39325
64614
90771
39325
70329
39325
96098
39325
26488
37484
87906
65032
62357
39325
70329
9891
63719
90534
39325
39325
88673
39325
70329
22917
39325
36126
39325
30038
49494
39325
64614
70329
49962
58305
39325
18057
96098
90534
39325
14622
21316
39325
9891
17467
70329
45406
39325
81952
39325
29102
39325
70329
39325
74714
66859
36126
39325
12078
90534
39325
37050
70329
7793
39325
64614
2993
93450
39325
96098
9891
39325
70329
95439
68411
39325
80517
69984
19343
63828
39325
39325
83625
89877
90534
70329
39325
36126
31278
14622
61466
58885
39325
40161
49494
39325
33799
12897
70329
87617
39325
39325
9891
64614
39325
96098
86178
59213
15443
70329
39325
96974
90534
39325
2083
39325
17536
56475
59488
46154
70329
39325
36126
71544
76477
86831
39325
39325
77290
39325
70329
83230
9891
39325
8539
62357
90534
92802
79653
39325
891
91023
64614
39325
14622
70329
96098
31326
39325
2993
39325
39325
36126
70329
49256
39325
82539
49494
21689
39325
90534
39325
70329
9891
75093
39325
69984
39325
60463
39325
77171
70329
64614
39325
96098
53163
39325
36126
39325
90534
70329
29516
39325
74
98109
45274
39325
3230
14622
24009
29102
39325
9891
70329
43551
2042
39325
29331
39325
39630
39325
10288
84606
70329
68785
13628
39325
90534
48661
64614
96098
39325
28078
36126
39325
81190
29657
70329
49494
15891
39325
83101
2993
39325
84759
43209
9891
39325
70329
39325
56723
39325
90534
39325
36570
70329
68212
39325
83625
14622
38384
39325
96098
36126
2083
64614
39325
70329
39325
69984
54369
39325
9891
39325
90534
62357
70329
39325
39325
51824
57920
44534
39325
70329
66677
39325
82639
39325
36126
80033
39325
96098
49494
64614
90534
70329
39325
8028
39325
9891
53284
46154
39325
56475
27526
92273
39325
70329
14622
11613
39325
2993
39325
14905
39325
70329
59488
90534
39325
36126
1058
9097
39325
1696
39325
23908
70329
96098
81952
9891
64614
39325
21724
39325
84687
28580
39325
81551
70329
39325
57872
33018
90534
39325
3196
70418
39325
70329
21480
29102
39325
36126
69984
39325
49494
14622
39325
9891
70329
66967
96098
57753
39325
33256
90282
39325
64614
30366
90534
33799
47741
78519
39325
70329
39325
77684
78658
50835
39325
10150
39325
70329
26477
36126
39325
2993
39325
62714
9891
39325
2083
23309
90534
70329
70250
39325
73423
30375
79888
62357
96098
39325
39325
64614
70329
45274
39325
13288
29516
6496
14622
39325
83625
2042
77325
21136
72153
87121
39325
70329
36126
75866
39325
90534
49494
39325
65328
2327
9891
33228
39325
17467
70329
39325
39325
96098
10244
55920
39325
68785
70329
39325
64614
25339
37484
39325
69984
69145
90534
55396
39325
36126
70329
39325
94594
43551
16071
39325
9891
61466
39325
39325
70329
14622
87617
39325
2993
33337
74714
39325
90534
96098
51354
39325
70329
85471
58471
39325
46154
64614
39325
62211
56113
36126
45406
42820
92684
39325
70329
56475
49494
9891
39325
39325
46977
63193
39325
90534
70329
39325
29102
55243
39325
83101
39325
96098
70329
39630
39325
59488
120
84593
23781
39325
64614
36126
14622
39325
85300
70329
95439
9891
39325
90534
19856
39325
62357
39325
70329
2083
39325
91023
35374
69984
39325
35428
39325
70329
96098
39325
2993
39325
90534
45944
36126
8006
39325
9891
83230
49494
64614
70329
39325
39325
20061
56857
39325
70329
39325
68235
50388
87118
14622
39325
40357
90534
39325
5497
83625
70329
39325
32484
98829
96098
58314
39325
36126
9891
39325
94428
95455
70329
34542
39325
40839
64614
39325
34318
92054
39325
90534
70329
39325
39325
90771
17693
39325
81952
10288
70329
39325
60507
36126
39325
9891
96098
45274
39325
49494
70329
39325
14622
2042
90534
39325
2993
27299
29516
69984
64614
39325
24525
39325
70329
8998
84606
1294
53284
39325
85124
55720
33799
39325
39325
70329
36126
59510
39325
9891
49962
90534
14691
85340
39325
29102
96098
39325
70329
31278
46154
41412
21477
39325
62357
39325
64614
68785
39325
70329
31326
56475
39325
2083
131
66703
54966
39325
90534
14622
39325
70329
36126
9891
74
39325
37050
49494
64346
39325
39325
96098
22812
70329
39325
61684
72632
66258
39325
88673
8863
39325
70329
90534
64614
39325
77171
47300
2993
59488
39325
51414
43551
11613
39325
9891
36126
70329
39325
39325
67012
69984
39325
70329
96098
21316
39325
90534
78037
14622
39325
15487
39325
57920
70329
39325
83625
64614
85234
39325
7479
19420
49551
9891
39325
48308
36126
70329
12078
33018
39325
71544
49494
39325
10234
90534
313
39325
70329
39325
96098
39325
92273
39325
76485
68411
39698
70329
39325
39325
9891
64614
39325
36126
90534
83101
70329
39325
14622
80281
2993
39325
88592
6489
17388
39325
62357
49509
39325
70329
39325
96098
81551
39325
29102
39325
70329
90534
39325
77684
9891
51824
2083
69984
36126
39325
39630
48380
17467
93542
53163
64614
39325
49494
70329
39325
39325
28209
61466
39325
70329
45274
90534
39325
14687
87617
41090
39325
96098
46154
2042
14622
39325
70329
9891
39325
36126
39325
29516
72652
39325
81578
70329
26477
39325
64614
56475
90534
39325
82539
39325
70329
21689
33256
39325
2993
10615
58551
39325
39325
96098
9891
70329
39325
36126
56723
39325
49494
90534
39325
74714
37484
70329
39325
81952
39325
14622
64614
79660
59213
68785
39325
70329
80727
39325
83371
63980
39325
3195
69984
59488
24009
43036
83625
39325
9891
30038
70329
90534
76477
96098
39325
36126
33799
39325
39325
55396
70329
39325
82382
62357
39325
45406
91023
39325
64614
70329
39325
90534
39325
390
9891
39325
23309
68603
70329
39325
36126
14622
96098
53714
2993
39325
81686
49494
35772
39325
2083
69564
70329
39325
29102
78745
39325
90534
75093
14905
39325
52517
21307
43551
39325
70329
95439
64614
39325
9891
20577
47730
29854
83230
39325
65017
39325
36126
70329
53284
39325
96098
39325
90534
39325
70329
39325
34694
39325
69984
51253
14622
39325
70329
89332
9891
39325
64614
68797
65163
39325
16071
28772
10288
36126
39325
70329
90534
10919
39325
49494
57753
46154
39325
96098
32464
29657
39325
70329
15891
39325
19805
2993
78658
39325
65032
39325
70329
9891
39325
90534
39325
56475
64614
1696
45274
36126
39325
70329
39325
2042
39325
14622
30375
62357
39325
96098
70329
39325
83101
84606
39325
90534
18057
39325
29516
9891
70329
39325
83625
39325
36126
39325
64614
70329
49494
39325
44534
39325
69984
39325
90534
2083
70329
96098
30366
39325
39325
9891
39325
59488
70329
39325
31090
14622
2993
39325
29102
36126
41265
4280
39325
70329
11613
90534
39325
39630
64614
39325
19343
39325
68785
39325
70329
96098
39325
19856
9891
39325
40161
86068
39325
23908
70329
90534
39325
36126
6335
39325
77325
72153
49494
39325
70329
39325
64614
48238
39325
2327
33018
14622
35740
39325
70329
39325
9891
96098
90534
39325
23134
39325
70329
74
81952
39325
36126
39325
19100
69984
54746
39325
70329
39325
33799
62357
2993
39325
90534
64614
39325
61466
70329
9891
57920
31326
46154
39325
39325
96098
17467
87617
23597
39325
82330
70329
47197
36126
39325
92054
17494
39325
14622
49494
39325
70329
90534
39325
43551
61598
90771
39325
56475
31278
39325
92273
8940
9891
70329
92359
64614
2083
39325
43238
69397
66835
39325
77171
46977
83625
34467
39325
96098
68506
70329
36126
39325
87118
84587
90534
39325
77684
39325
33228
5497
70329
39325
45274
39325
29102
39325
9891
79924
10244
2042
70329
39325
14622
81551
2993
64614
39325
90534
49962
39325
69984
69145
36126
80322
96098
70329
39325
31248
49494
39325
39325
23144
19038
29516
70329
39325
63997
39325
9891
39325
90534
59488
39325
70329
74714
39325
39325
64614
1556
36126
20094
37050
27459
20061
39325
70329
50835
96098
39325
65946
39325
62357
42143
53284
14622
39325
26477
70329
90534
78261
91023
39325
9891
37484
39325
9117
39325
70329
79888
39325
26947
39325
83101
36126
39325
64614
70329
49494
39325
34318
90534
2993
51824
96098
49140
39325
20589
68785
36464
39325
21136
70329
9891
39325
57567
39325
96187
80033
69984
39325
31794
70329
50058
33256
39325
2083
61760
1040
45406
39325
90534
36126
14622
39325
46154
70329
39325
64614
71544
90051
39325
96098
88673
39325
9891
70329
39325
55396
83230
39325
90534
39325
83625
81262
70329
39325
9097
36126
39325
10288
39325
49494
68235
56475
29102
70329
95439
76422
39325
84687
39325
21316
64614
6723
96098
39325
39630
9891
41356
70329
90534
39325
14622
2993
39325
70897
39325
46315
70329
21480
39325
64698
36126
39325
12078
39325
45988
70329
39325
62357
90534
39325
53163
9891
39325
64614
69984
81952
96098
39325
70329
33799
60507
39325
68411
39325
45274
39325
84593
70329
36126
39325
23291
43551
2042
90534
39325
49494
14622
39325
70329
49600
39325
9891
40368
23309
91239
84606
39325
73423
39325
70329
64614
96098
59488
39325
66955
35428
39325
41799
90534
56957
39325
70329
88689
36126
29516
72857
39325
2993
2083
39325
7479
41412
39325
70329
39325
88099
9891
11613
56723
39325
39325
70329
90534
36570
39325
68212
96098
64614
39325
14622
39325
36126
70329
26467
39325
49494
39325
39325
69984
70329
9891
39325
90534
95455
72632
39325
46154
39325
16071
70329
39325
61466
29102
79430
33018
82539
83625
39325
35697
96098
21689
64614
39325
36126
87617
70329
39325
17693
39325
90534
68785
58305
62357
39325
9891
5744
70329
39325
2993
14622
39325
17467
39325
78037
70329
39325
56475
27526
56408
27299
39325
96098
39325
36126
23870
90534
70696
64614
70329
39325
49494
14905
87246
63345
39325
66859
55720
24009
9891
39325
83101
1058
70329
39325
39325
39325
27015
39325
70329
90534
39325
36126
39325
69984
96098
63828
39325
14622
70329
64614
39325
4916
9891
39325
2083
24170
35374
39325
70329
39325
90534
57920
53284
39325
74
39325
70329
39325
2993
57753
36126
39325
90282
39325
49494
70329
96098
42892
47741
59213
39325
9891
96974
45274
64614
90534
39325
77684
56857
78658
39325
70329
2042
925
39325
51934
92273
59488
39325
50388
14622
76477
39325
70329
39325
90749
36126
39325
90534
39325
30375
70329
96664
9891
39325
62357
96098
74714
29102
39325
91023
64614
39325
15487
70329
39325
31326
39630
29516
39325
83625
43551
39325
81551
33799
69984
70329
90534
39325
36126
46154
39325
79756
81952
27540
19856
49494
39325
9891
70329
313
39325
2993
14622
5441
13548
14688
73938
39325
96098
39325
75093
70329
64614
39325
31689
90534
39325
77171
39325
1696
70329
37484
39325
36126
39325
39325
9891
41583
70329
39325
80281
56475
39325
90534
59510
17388
96098
39325
49509
26477
2083
39325
70329
30038
39325
64614
31278
33337
39325
39325
36126
70329
14622
39325
60568
49494
10288
68785
58471
9891
39325
90534
39325
70329
83230
45406
39325
30366
39325
29657
96098
15891
39325
69984
70329
92054
2993
39325
84759
39325
64614
36126
39325
70329
90534
39325
90771
9891
95470
39325
73112
62357
86990
14791
39325
91769
70329
39325
69322
39325
47300
14622
51414
39325
70329
95439
96098
39325
90534
55396
39325
29102
36126
39325
64614
54369
70329
33256
39325
9891
49494
9273
39325
77325
72153
39325
70329
39325
51824
39325
70159
59488
90534
44534
2327
49962
39325
45274
70329
90552
45944
83625
39325
96098
83101
39325
2042
36126
79660
39325
9891
70329
39325
64614
2993
8028
14622
39325
82160
19746
39325
84606
90534
69984
70329
46154
39325
87118
18090
39325
39325
11613
5497
38751
70329
39325
2083
37050
61466
39325
96098
26515
36126
56657
39325
9891
49494
70329
39325
90534
87617
34542
39325
64614
29516
39325
23908
70329
39325
39325
60394
39325
31691
39325
70329
14622
90534
39325
36126
36744
56475
96098
9891
39325
33018
39325
70329
62357
46977
39325
17467
39325
45886
64614
39325
43551
70329
2993
39325
90534
39325
39325
70329
58827
1294
39325
36126
70463
53284
9891
25684
39325
33799
49494
96098
39325
69984
70329
45650
44450
39325
71544
39325
14622
90534
12485
39325
29102
70329
64614
39325
81952
81578
72127
39325
39325
39630
70329
36126
39325
9891
23309
68785
39325
70250
39325
38458
96098
70329
131
90534
39325
54966
3478
39325
39325
70329
39325
20061
64614
39325
83625
39325
65032
70329
36126
9891
39325
2993
90534
2083
14622
39325
49494
39325
88673
33228
70329
39325
96098
61900
39325
93961
59488
39325
43036
53163
70329
39325
10244
74415
39325
90534
64614
39325
46154
9891
36126
34318
70329
69984
39325
69145
18057
24178
39325
45274
62357
39325
21316
70329
39325
91023
16071
2042
39325
96098
57920
65616
39325
77684
48061
90534
39325
70329
14622
39325
49551
39325
9891
74714
36126
60892
64614
39325
70329
12078
49494
39325
39325
39325
70329
90534
62211
43840
2993
93450
39325
96098
56475
39325
74
92273
84190
39325
27508
70329
68411
3131
39325
19343
56723
98443
9891
39325
63193
36126
29516
39325
70329
64614
29102
39325
90534
68983
83101
39325
14622
39325
40161
70329
88592
39325
39325
96098
39325
70329
69984
51203
85300
39325
9891
4633
39325
81551
90534
36126
39325
70329
49494
39325
10288
64614
39325
2083
37484
39325
70329
39325
24936
39325
39325
90534
83625
96098
70329
28209
9891
39325
2993
14622
36126
39325
39325
83230
70329
39325
8539
62357
43551
39325
92802
7105
79653
891
39325
64614
50835
70329
90534
39325
31326
72652
39325
68235
39325
26477
14905
9891
45406
70329
68203
39325
66972
96098
36126
68785
39325
49256
39325
46845
82539
49494
70329
39325
21689
79888
90534
39325
46154
33799
14233
64819
39325
59488
7479
40839
70329
39325
64614
69984
14622
39325
30566
39325
9891
77171
50173
39325
70329
98324
21136
36126
39325
96098
90534
61466
39325
81952
39325
70329
95439
2993
39325
60507
87617
39325
22652
39325
70329
45274
31090
3195
39325
64614
24009
29102
57753
9891
39325
3373
2042
90534
39325
70329
36126
29331
11613
39325
39630
96098
49494
39325
56475
14622
55396
39325
78658
84606
70329
53284
13628
89893
39325
82382
94006
39325
2083
39325
19856
70329
90534
39325
83918
86068
9891
39325
64614
39325
36126
46191
70329
43209
39325
31278
30375
41412
41563
21477
39325
17467
62357
96098
39325
33256
81686
70329
35772
69984
39325
90534
76602
33018
39325
39325
29516
70329
39325
9891
2993
83625
39325
14622
39325
36126
64614
70329
39325
20577
49494
39325
90534
39325
96098
54746
70329
39325
39325
72632
66258
39325
50930
9891
70329
39325
51824
39325
84593
36126
39325
90534
70329
39325
64614
39325
39325
80033
92054
70329
39325
96098
14622
28772
39325
39325
9891
83101
39325
70329
90534
46154
90771
78037
39325
35428
32464
36126
39325
59213
39325
70329
49494
69984
2993
39325
64614
39325
29102
39325
70329
59488
96098
39325
90534
76477
39325
9891
9097
25251
1696
39325
70329
2083
39325
68785
36126
43551
39325
14622
39325
70329
62357
84687
39325
39325
90534
91023
64614
39325
49962
70329
39325
9891
96098
39325
95455
78447
39325
56475
70329
21480
39325
36126
39325
45274
90534
39325
49494
70329
39325
2042
39325
39325
17693
74714
70329
64614
30366
75093
39325
2993
9891
33799
39325
14622
83625
96098
37050
39325
77684
35918
70329
72295
90534
39325
69984
36126
10150
39325
39325
41265
70329
39325
27299
39325
39325
57920
62714
70329
9891
39325
23309
90534
64614
39325
73423
14687
55720
81952
39325
96098
70329
39325
36126
87118
39325
49494
39325
5497
13288
70329
70342
39325
29516
6496
14622
10288
39325
6335
90534
77325
72153
39325
9891
70329
39325
92273
39325
29657
64614
65328
39325
2327
15891
29102
39325
36126
70329
96098
2993
2083
58551
39325
62357
39325
90534
46154
39325
39630
70329
71544
39325
74
74400
39325
9891
39325
70329
37484
69984
39325
83230
39325
14622
36126
64614
39325
70329
90534
81551
96098
39325
49494
16071
39325
61466
39325
70329
39325
59488
9891
39325
87617
30038
23597
53284
39325
70329
39325
90534
51354
39325
36126
85471
39325
70329
44534
73258
64614
39325
70152
96098
39325
45406
39325
92684
70329
56475
15487
39325
2993
9891
39325
14622
90534
39325
46977
70329
83625
39325
77282
68785
39325
53163
68506
36126
39325
26477
70329
55243
39325
49494
83101
39325
64614
11613
313
96098
39325
90534
70329
39325
120
45274
9891
69984
39325
39325
21307
43551
2042
70329
95439
39325
39325
17467
36126
29854
39325
33360
88673
23908
70329
39325
90534
62357
84606
14622
39325
2083
35374
94641
39325
64614
96098
80281
9891
70329
39325
31326
29102
39325
17388
39325
49509
39325
70329
33018
91067
2993
39325
90534
36126
39325
49494
39325
70329
21316
39325
68797
65163
56723
39325
20061
9891
56857
39325
96098
70329
64614
55396
39325
36570
68212
90534
46154
39325
50388
14622
39325
70329
78261
33799
77171
29516
39325
36126
12078
39325
39325
32484
70329
58314
39325
69984
39325
9891
90534
39325
70329
96098
39325
64614
39325
34318
68411
39325
70329
36126
20589
39325
39325
49494
39325
70329
90534
2993
39325
81952
9891
59488
39325
14622
39325
33256
70329
39325
96098
83625
39325
64614
39325
70329
36126
39325
56475
27526
90534
39325
62357
39325
24525
33228
70329
39325
91023
9891
39325
8998
14905
2083
39325
79660
70329
59487
39325
10244
39325
1058
96098
90534
39325
64614
36126
59510
70329
39325
14622
69984
39325
69145
49494
29102
76422
39325
70329
9891
39325
31278
6723
59349
39325
41771
39630
39325
90534
70329
39325
2993
68785
39325
39325
45274
96098
36126
39325
70329
19856
64614
51824
74714
39325
2042
39325
9891
39325
70329
90534
82539
39325
21689
39325
57753
14622
90282
39325
70329
39325
61684
47741
39325
36126
39325
96098
70329
8863
77684
78658
49494
39325
46154
90534
64614
39325
9891
47300
39325
70329
10288
51414
43551
39325
83101
39325
60854
39325
70329
39325
19100
67012
69984
39325
36126
90534
53284
30375
39325
70329
62357
96098
2993
39325
24009
9891
39325
14622
64614
39325
61466
70329
39325
57920
29516
39325
39325
83625
90534
2083
87617
70329
7479
19420
39325
47197
36126
39325
92054
39325
49494
70329
39325
9891
96098
39325
59488
39325
70329
64614
90771
90534
39325
83230
39325
56475
92273
39325
29102
70329
39325
39698
14622
36126
39325
26488
34467
37484
39325
87906
65032
70329
33799
39325
9891
63719
68235
84587
90534
39325
96098
39325
70329
39325
2993
6489
64614
39325
69984
22917
39325
39325
70329
36126
39325
90534
39325
33337
49494
81551
9891
39325
70329
23309
49962
74
58305
39325
18057
39325
96098
58471
14622
39325
11613
70329
39325
48380
17467
45406
64614
39325
90534
39325
81952
70329
36126
39325
63997
60507
62357
39325
9891
39325
70329
45274
39325
66859
39325
39325
96098
70329
46154
2042
68785
90534
39325
37050
39325
50835
7793
39325
64614
36126
70329
2083
2993
39325
84606
49494
42143
9891
39325
81578
33018
14622
26477
39325
70329
95439
39325
90534
80517
69984
19343
39325
63828
39325
1696
70329
96098
39325
83625
89877
79888
39325
16071
39325
36126
70329
41412
58885
39325
40161
64614
9891
39325
90534
39325
49140
12897
70329
29102
39325
39325
21136
45944
39325
57567
70329
39630
39325
96098
86178
14622
96187
39325
59213
15443
96974
36126
39325
90534
70329
80727
39325
9891
1040
49494
39325
43551
64614
17536
29516
56475
39325
59488
43036
70329
39325
87118
2993
71544
76477
39325
72632
86831
30366
39325
5497
70329
39325
90534
77290
39325
55396
96098
36126
39325
83101
9891
39325
70329
62357
39325
34542
69984
91023
39325
64614
39325
14622
70329
31326
39325
90534
39325
39325
70329
68603
39325
36126
39325
96098
78037
9891
39325
70329
49494
39325
2083
39325
90534
70897
39325
46315
70329
64614
39325
75093
39325
77325
72153
39325
70329
2993
60463
39325
36126
77171
39325
9891
14622
46154
47730
2327
90534
39325
96098
70329
53163
39325
1294
53284
39325
39325
33799
70329
39325
64614
39325
74714
83625
98109
45274
39325
33256
3230
84593
70329
90534
39325
36126
29102
34694
9891
39325
23291
69984
2042
39325
49494
70329
96098
39325
39325
39325
10288
70329
68785
39325
61466
14622
90534
39325
48661
64614
131
39325
54966
70329
39325
28078
36126
87617
9891
35428
81190
29657
39325
56957
62357
15891
39325
88689
70329
39325
2993
77684
84759
96098
39325
90534
81952
39325
70329
39325
39325
56723
39325
56475
64614
88673
39325
70329
36126
9891
39325
49494
39325
46977
90534
39325
59488
70329
14622
38384
39325
96098
2083
26467
39325
39325
70329
39325
69984
54369
39325
29516
9891
36126
39325
70329
90534
64614
95455
39325
21316
39325
39325
70329
83230
51824
39325
57920
44534
39325
35697
96098
31278
39325
70329
66677
2993
39325
82639
90534
39325
49551
17693
9891
43551
14622
36126
39325
80033
70329
12078
39325
49494
64614
39325
8028
39325
70329
31090
39325
37484
17467
46154
39325
29102
90534
96098
39325
92273
83625
70329
56408
39325
27299
11613
9891
39325
68411
39630
36126
39325
70329
62357
20061
39325
14905
39325
55720
64614
39325
90534
70329
30038
39325
83101
