80324
80324
80324
78210
80324
80324
21605
80324
10973
78210
80324
23841
80324
80324
80324
21605
78210
80324
80324
73300
10973
80324
78210
80324
23841
50146
80324
21605
80324
58996
80324
78210
80324
38048
80324
86035
10973
67613
80324
21605
78210
88630
80324
10085
23841
99240
80324
4296
80324
78210
80324
73300
80324
81537
21605
10973
80324
32747
80324
78210
80324
80324
23841
50146
80324
21605
78210
80324
41786
10973
80324
73068
24008
80324
58996
80324
78210
80324
21605
80324
23841
80324
73300
78210
38048
80324
86035
10973
67613
73170
80324
80324
21605
78210
80324
88630
80324
80324
10085
23841
50146
99240
80324
78210
10973
80324
21605
4296
77867
80324
80324
78210
80324
74130
80324
73300
80324
81537
58996
21605
80324
23841
78210
10973
80324
80324
1262
32747
80324
78210
80324
80324
21605
38048
80324
86035
10973
67613
78210
80324
23841
50146
27990
80324
80324
80324
21605
78210
26119
88630
80324
73300
10695
80324
41786
10973
80324
73068
78210
10085
24008
80324
23841
99240
80324
21605
80324
58996
80324
78210
4296
80324
80324
28843
10973
80324
21605
78210
80324
87019
23841
80324
50146
80324
10106
73300
78210
80324
38048
81537
80324
21605
86035
10973
80324
67613
16449
73170
80324
78210
80324
80324
32747
75989
23841
80324
21605
78210
80324
11041
88630
80324
10973
80324
82226
58996
80324
78210
80324
10085
21605
80324
73300
23841
50146
99240
41159
80324
12977
78210
80324
10973
80324
80324
21605
4296
77867
80324
78210
25899
80324
80324
38048
23841
25182
80324
41786
78210
86035
10973
80324
73068
67613
21605
80324
94289
24008
74130
80324
78210
80324
73300
4729
64115
80324
81537
80324
58996
21605
80324
23841
78210
50146
10973
80324
34700
88630
29442
80324
80324
78210
80324
1262
32747
21605
80324
80324
10085
10973
80324
78210
23841
99240
80324
80324
73300
80324
21605
78210
80324
38048
15472
80324
89740
4296
80324
86035
10973
67613
78210
80324
23841
73170
50146
80324
21605
27990
80324
58996
80324
78210
80324
80324
50155
83376
10973
80324
21605
78210
26119
80324
35167
88630
80324
23841
73300
80324
63838
10695
80324
81537
78210
80324
41786
21605
38455
10973
80324
73068
80324
78210
10085
24008
80324
80324
90685
23841
50146
99240
38048
80324
21605
78210
80324
32747
37698
80324
86035
10973
80324
67613
58996
87181
80324
55888
78210
73300
80324
21605
4296
23029
77867
41556
80324
23841
72848
80324
78210
80324
28843
10973
75068
80324
80324
21605
80324
78210
80324
87019
88630
80324
88114
23841
80324
50146
78210
74130
80324
10973
21605
80324
80324
10106
73300
42276
78210
80324
26348
38048
80324
10085
81537
80324
91662
58996
21605
80324
88869
23841
78210
86035
10973
74803
99240
80324
67613
80324
16449
73170
80324
78210
80324
21605
80324
41786
80324
1262
10973
80324
78210
32747
73068
75989
4296
23841
50146
80324
73300
80324
24008
21605
80324
78210
80324
11041
80324
88630
88667
80324
10973
78210
80324
23841
80324
21605
82226
39200
80324
58996
38048
80324
48798
78210
80324
80324
86035
10973
10085
80324
21605
67613
78210
62798
80324
73300
80324
23841
50146
99240
41159
80324
12977
81537
27990
80324
50534
78210
80324
21605
80324
10973
86182
80324
78210
80324
80324
23841
80324
21605
4296
77867
80324
78210
26119
80324
25899
10973
88630
80324
58996
73300
9700
32747
80324
78210
59818
80324
10695
21605
38048
82914
80324
23841
25182
50146
80324
41786
78210
80324
86035
10973
80324
73068
80324
67613
21605
80324
94289
78210
10085
73170
24008
80324
74130
80324
44346
23841
80324
36420
99240
78210
80324
10973
21605
80324
73300
4729
64115
80324
80324
78210
63558
81537
80324
80324
58996
21605
80324
23841
78210
50146
10973
80324
80324
12813
34700
4296
88630
29442
80324
16723
38048
78210
80324
21605
80324
80324
80324
86035
28843
10973
78210
73300
23841
80324
67613
1262
2463
80324
32747
21605
80324
78210
80324
10096
80324
10085
87019
80324
10973
80324
78210
23841
21605
80324
50146
99240
80324
58996
80324
78210
80324
55024
41786
80324
10106
73300
10973
80324
21605
73068
78210
80324
80324
23841
38048
15472
81537
80324
88630
24008
80324
78210
89740
80324
21605
4296
77867
41226
80324
86035
10973
71904
80324
69558
67613
78210
80324
63956
99600
80324
16449
23841
73170
50146
80324
21605
80324
78210
27990
80324
73300
10973
33338
80324
58996
77542
10085
80324
23538
78210
80324
21605
44033
80324
32747
47067
75989
23841
80324
99240
78210
80324
50155
83376
80324
10973
80324
21605
74130
80324
38048
78210
26119
80324
11041
80324
35167
88630
17837
80324
23841
50146
73300
78210
80324
86035
21605
10973
80324
63838
10695
67613
80324
80324
82226
4296
81537
78210
80324
20011
80324
58996
41786
21605
80324
23841
38455
78210
54372
10973
80324
73068
29058
80324
15028
80324
80324
78210
10085
11728
24008
21605
80324
80324
73300
80324
10973
78210
90685
23841
80324
50146
99240
41159
38048
80324
12977
21605
80324
1262
78210
80324
80324
32747
37698
80324
88630
86035
10973
80324
78210
21605
23841
80324
67613
80324
58996
87181
80324
55888
73170
78210
80324
73300
80324
21605
80324
4296
23029
77867
10973
41556
10245
80324
78210
71970
80324
23841
81537
72848
50146
80324
25899
80324
78210
80324
21605
10085
80324
28843
10973
75068
80324
45104
531
38048
78210
80324
80324
3800
23841
25182
80324
21605
99240
80324
73300
41786
78210
80324
86035
10973
80324
58996
87019
73068
80324
88630
64189
67613
78210
80324
21605
88114
80324
94289
3994
23841
80324
24008
50146
80324
78210
32747
74130
80324
10973
27990
80324
13152
21605
80324
78210
80324
4296
80324
10106
73300
80324
42276
23841
58115
4729
64115
78210
80324
21605
10973
80324
26348
38048
53531
80324
10085
81537
80324
78210
80324
91662
80324
58996
21605
80324
88869
23841
78210
26119
50146
86035
80324
10973
74803
99240
80324
67613
80324
34700
88630
80324
78210
29442
40323
21605
16449
73300
80324
73170
80324
18528
80324
10695
10973
78210
23841
80324
80324
21605
77945
80324
78210
80324
41786
80324
17410
1262
641
80324
41803
10973
80324
78210
32747
64967
38048
21605
73068
75989
4296
77867
80324
23841
50146
80324
58996
93626
80324
73300
78210
80324
10085
24008
80324
21605
80324
86035
10973
34803
80324
78210
81537
80324
67613
23841
11041
80324
99240
80324
88630
78210
21605
80324
88667
80324
10973
80324
48234
78210
80324
80324
23841
73300
80324
21605
50146
82226
39200
80324
78210
80324
78140
58996
80324
10973
12509
38048
80324
15472
48798
78210
80324
21605
80324
74130
23841
80324
89740
4296
80324
78210
85536
80324
86035
10973
10085
80324
21605
1542
5654
80324
32747
67613
78210
50785
62798
80324
73300
80324
41786
80324
23841
73170
50146
88630
80324
78210
21605
99240
41159
28843
10973
80324
73068
12977
80324
81537
27990
80324
50534
78210
46452
80324
58996
80324
21605
24008
80324
23841
78210
80324
10973
38048
86182
80324
80324
87019
73300
80324
81915
78210
21605
80324
80324
50155
83376
80324
86035
78210
10973
23841
80324
50146
80324
21605
4296
77867
67613
80324
10085
64095
80324
78210
26119
80324
80324
31009
96893
25899
80324
10973
78210
35167
88630
21605
1262
80324
23841
77326
58996
10106
80324
73300
99240
9700
32747
80324
78210
80324
59818
63838
80324
14485
10695
21605
80324
40888
38048
10973
82914
80324
81537
78210
88873
80324
23841
25182
50146
80324
52539
80324
41786
93351
78210
21605
80324
59986
80324
38455
86035
10973
80324
73068
80324
78210
73300
49356
80324
67613
23841
21605
80324
80324
94289
16449
78210
10085
80324
73170
83281
24008
4296
58996
80324
10973
74015
80324
21994
74130
78210
80324
44346
21605
88630
80324
90685
23841
80324
36420
50146
80324
99240
78210
38048
80324
10973
63357
80324
21605
80324
73300
78210
80324
4729
64115
25026
80324
32747
80324
75989
23841
76240
37698
80324
78210
21605
86035
80324
10973
63558
81537
80324
49309
80324
43459
67613
78210
80324
58996
80324
73493
21605
87181
80324
55888
23841
78210
80324
50146
10973
80324
10085
73300
11041
80324
80324
12813
34700
78210
21605
4296
23029
77867
41556
27990
88630
80324
41786
29442
80324
16723
38048
80324
78210
10973
23841
80324
72848
80324
73068
99240
21605
80324
65167
20441
80324
78210
80324
82226
80324
24008
80324
86035
28843
10973
78210
21605
75068
73300
80324
23841
58996
50146
80324
67613
1262
80324
2463
80324
78210
80324
32747
21605
80324
73170
42709
81537
10973
72044
80324
78210
26119
26665
80324
18433
23841
10096
80324
80324
10085
87019
21605
78210
80324
88630
38048
80324
50501
39229
31012
80324
96013
10973
73357
73300
4296
88114
80324
78210
80324
23841
21605
80324
50146
10695
80324
99240
41159
78210
80324
58996
74130
80324
12977
86035
10973
46889
8907
80324
21605
80324
78210
35942
80324
67613
55024
7359
80324
23841
41786
70814
80324
78210
80324
10106
73300
10973
24823
80324
21605
42276
80324
73068
78210
80324
80324
14255
26348
80324
23841
38048
13568
50146
80324
21605
78210
10085
15472
20329
81537
32747
80324
88630
10973
24008
80324
80324
91662
78210
80324
89740
58996
31365
34346
80324
21605
4296
77867
23917
80324
88869
41226
23841
80324
78210
73300
86035
10973
71904
74803
80324
99240
44075
80324
69558
86261
80324
67613
21605
78210
25899
80324
63956
80324
99600
80324
16449
78210
23841
77998
80324
73170
10973
50146
80324
21605
80324
80324
78210
80324
38048
27990
80324
73300
80324
10973
21605
33338
78210
80324
23841
58996
88630
25182
77542
80324
10085
80324
23538
41786
80324
78210
80324
1262
21605
44033
80324
81537
86035
10973
80324
78210
32747
47067
80324
73068
75989
4296
23841
80324
50146
67613
80324
99240
21605
22861
78210
80324
50155
19031
83376
80324
73300
94289
80324
10973
24008
80324
78210
89894
80324
21605
23841
80324
74130
80324
38048
78210
26119
80324
64399
58996
80324
28843
11041
10973
1522
80324
21605
80324
78210
80324
35167
4958
88630
17837
20612
80324
23841
88667
50146
10085
80324
73300
78210
80324
4729
86035
64115
21605
80324
10973
80324
78210
80324
63838
10695
67613
80324
80324
23841
67812
80324
21605
82226
4296
81537
39200
77867
78210
87019
61454
80324
99240
10973
40101
73170
80324
3264
80324
32747
20011
78210
80324
58996
41786
80324
38048
21605
51807
73300
80324
23841
38455
48798
80324
78210
68230
54372
50146
10973
80324
38610
80324
73068
80222
29058
80324
51875
15028
21605
78210
80324
34700
80324
88630
80324
29442
86035
80324
23841
78210
10973
10085
11728
80324
73342
24008
21605
80324
80324
67613
78210
62798
80324
10106
32575
73300
80324
80324
21605
40708
10973
78210
80324
90685
23841
58996
80324
50146
80324
99240
4296
41159
38048
80324
78210
80324
12977
81537
21605
80324
51872
27990
80324
10973
1262
50534
78210
80324
23841
80324
80324
32747
21605
73300
80324
78210
37698
80324
88630
80324
78588
86035
10973
80324
86182
78210
74130
80324
21605
23841
80324
10085
41786
67613
50146
80324
20429
78210
80324
58996
3298
80324
47372
87181
10973
16449
80324
55888
21605
73170
80324
78210
73068
80324
38048
80324
23841
73300
80324
22012
78210
99240
80324
21605
80324
4296
23029
77867
10973
41556
80324
10245
24008
80324
78210
26119
398
80324
71970
80324
4662
23841
81537
80324
21605
72848
50146
78210
80324
86035
25899
10973
80324
88630
80324
1157
78210
80324
58996
73300
67613
80324
21605
49795
9700
32747
80324
75989
10085
23841
80324
78210
73257
28843
80324
10973
59818
75068
80324
10695
45104
80324
21605
531
38048
78210
80324
82914
80324
15472
85096
80324
3800
80324
23841
78210
10973
25182
50146
80324
21605
99240
80324
32824
10182
89740
30384
80324
73300
41786
78210
4296
80324
80324
11041
80324
21605
86035
10973
78210
80324
58996
23841
87019
80324
73068
80324
88630
64189
39820
80324
78081
67613
78210
81537
80324
21605
88114
80324
80324
87050
10973
94289
3994
78210
80324
10085
23841
73170
80324
24008
1262
50146
45545
38048
73300
80324
21605
80324
78210
80324
32747
74130
80324
44346
82226
10973
80324
78210
27990
80324
13152
21605
23841
80324
36420
64642
80324
77393
11386
99240
80324
78210
58996
25003
80324
86035
80324
10973
16964
21605
4296
80324
77867
78210
10106
80324
73300
36846
80324
42276
23841
58115
67613
4729
64115
81244
88630
86067
80324
50146
92540
78210
80324
8723
21605
80324
10973
79531
35871
90539
80324
73478
26348
80324
78210
38048
54356
53531
80324
41786
55014
63558
10085
80324
81537
50155
50658
23841
83376
62855
21605
80324
30506
78210
80324
10973
80324
91662
80324
73300
73068
80324
78210
58996
80324
21605
80324
88274
88869
23841
80324
78210
26119
50146
86035
80324
32747
10973
74803
99240
80324
41159
80324
21605
24008
78210
80324
12977
67613
80324
12813
34700
4296
80324
35167
88630
80324
23841
78210
10973
29442
80324
40323
21605
16723
16449
73300
80324
38048
73170
97209
80324
78210
80324
18528
35087
80324
80324
21605
10085
63838
10695
10973
80324
78210
58996
23841
80324
50146
80324
85287
80324
81537
78210
80324
21605
77945
80324
61062
80324
86035
28843
10973
78210
84338
80324
73300
86227
23841
80324
92479
41786
80324
21605
74130
99240
80324
67613
17410
78210
1262
641
2463
80324
38455
80324
41803
50918
10973
88630
80324
78210
32747
80324
64967
38048
21605
73068
75989
4296
77867
80324
23841
37755
50146
80324
80324
58996
78210
93626
29329
80324
10096
80324
10973
21605
73300
80324
74597
78210
80324
10085
87019
27990
24008
80324
25899
23841
80324
78210
80324
21605
80324
86035
10973
85191
80324
75961
34803
80324
93350
89010
78210
52296
80324
81537
80324
90685
67613
21242
23841
11041
21605
16916
80324
41538
50146
78210
80324
99240
10973
80324
73300
38048
80324
88630
80324
58996
78210
73170
21605
80324
88667
80324
23841
80324
78210
4296
25182
80324
10973
6767
80324
55024
97131
80324
21605
48234
32747
41786
78210
80324
80324
10085
37698
80324
97047
80324
23841
10106
78210
86035
73300
10973
80324
21605
50146
82226
79172
39200
80324
73068
80324
78210
26119
80324
67613
80324
80324
21605
78140
58996
80324
10973
78210
23841
12509
38048
80324
89343
87181
94289
80324
55888
9338
15472
99240
81537
80324
48798
88630
24008
78210
80324
21605
80324
45935
80324
73300
10973
55732
80324
78210
74130
23841
80324
89740
50146
80324
21605
4296
23029
77867
80324
41556
78210
80324
41226
85536
58812
10695
24471
80324
1262
86035
10973
80324
93801
71904
10085
78210
80324
21605
80324
61673
23841
69558
1542
5654
72848
80324
32747
58996
80324
67613
78210
50785
62798
80324
18346
73300
63956
80324
10973
21605
38048
99600
80324
4729
64115
78210
80324
16449
41786
80324
3023
23841
73170
6268
81979
80324
50146
88630
80324
78210
21605
99240
80324
41159
28843
10973
80324
75068
80324
78210
73068
12977
80324
81537
80324
23841
27990
21605
80324
50534
78210
80324
73300
46452
86035
80324
10973
32083
33338
4296
80324
58996
80324
77542
78210
21605
10085
80324
24008
80324
23538
67613
23841
80324
15204
78210
50146
80324
10973
38048
13329
80324
86182
21605
80324
44033
80324
77322
78210
80324
82959
87019
80324
32747
73300
47067
34700
75989
80324
23841
46783
81915
88630
78210
10973
80324
21605
80324
29442
99240
80324
78210
80324
88114
50155
87857
83376
80324
83569
80324
21605
58996
86035
80324
78210
10973
23841
80324
50146
80324
81537
41786
80324
78210
80324
21605
4296
77867
67613
73300
80324
10085
74130
80324
38048
64095
10973
80324
78210
26119
23841
80324
73068
80324
21605
11041
80324
73170
78210
80324
24238
31009
80324
96893
25899
80324
10973
58921
78210
80324
35167
88630
21605
17837
81315
1262
80324
23841
80324
77326
50146
58996
10106
80324
24008
73300
78210
99240
9700
80324
42276
32747
80324
86035
63263
21605
10973
80324
78210
80324
59818
80324
20201
23841
79907
63838
80324
14485
10695
93087
14613
67613
80324
78210
26348
21605
80324
40888
38048
95419
10973
80324
82914
80324
10085
82226
4296
81537
78210
88873
80324
80324
21605
73300
23841
80324
25182
50146
80324
78210
91662
52539
80324
10973
20011
80324
58996
80324
41786
93351
78210
78118
21605
88630
80324
59986
80324
88869
80324
23841
38455
27990
78210
80324
54372
86035
10973
80324
74803
99240
21605
80324
73068
80324
78210
29058
80324
73300
15028
49356
80324
67613
80324
38048
44679
23841
78210
28843
21605
80324
10973
32747
50146
80324
80324
94289
80324
16449
78210
10085
80324
11728
73170
83281
24008
80324
21605
4296
77867
58996
80324
78210
10973
23841
80324
81537
74015
80324
21994
80324
73300
74130
78210
80324
44346
21605
88630
80324
80324
86035
10973
80324
78210
90685
23841
80324
36420
80324
50146
21605
80324
18323
99240
78210
41159
80324
67613
38048
80324
87019
80324
10973
63357
15472
80324
78210
12977
21605
41786
80324
23841
80324
73300
58996
1262
80324
78210
26119
69810
80324
4729
64115
80324
10085
21605
25026
10973
80324
89740
78210
80324
32747
80324
73068
75989
4296
23841
80324
50146
76240
37698
80324
78210
21605
80324
88630
86035
80324
10973
63558
81537
80324
78210
80324
73300
2850
80324
49309
21605
23841
80324
43459
38048
67613
86280
80324
78210
24008
91793
80324
99240
10973
79682
80324
95106
58996
80324
63346
73493
78210
21605
80324
10695
87181
80324
55888
80324
23841
73170
78210
80324
50146
10973
80324
21605
80324
10106
10085
73300
80324
11041
23896
78210
4830
80324
80324
80324
12813
23841
34700
78210
21605
86035
80324
4296
23029
47549
77867
10973
41556
27990
88630
80324
9111
41786
80324
10245
29442
88667
32747
80324
78210
16723
80324
38048
21605
80324
67613
58996
71970
80324
78210
10973
23841
80324
81537
74130
72848
50146
80324
73300
80324
89597
73068
99240
25899
78210
80324
21605
80324
80324
65167
20441
80324
10973
17846
78210
80324
23841
54698
80324
21605
82226
39200
80324
60186
78210
80324
10085
80324
24008
80324
86035
51466
28843
10973
80324
78210
21605
75068
73300
80324
23841
88630
80324
50155
58996
45104
50146
83376
531
4296
80324
38048
78210
80324
67613
1262
80324
21605
2463
10973
80324
48798
80324
78210
2045
80324
3800
23841
80324
32747
25182
16449
80324
21605
78210
80324
73170
99240
80324
42709
81537
10973
72044
80324
63928
73300
41786
78210
38786
26119
80324
26665
80324
18433
21605
23841
80324
10096
80324
50146
78210
80324
86035
10973
80324
10085
58996
87019
80324
21605
78210
80324
73068
35167
80324
88630
38048
64189
80324
23841
67613
80324
78210
50501
39229
62798
31012
80324
96013
10973
73357
21605
73300
4296
80324
77867
88114
80324
78210
80324
94289
32570
3994
80324
80324
23841
21605
78210
80324
24008
10973
16694
50146
80324
63838
57322
10695
80324
99240
41159
80324
78210
80324
21605
80324
32747
58996
74130
80324
75989
12977
86035
81537
78210
23841
10973
80324
73300
17260
46889
8907
80324
27990
80324
10085
13152
21605
80324
50534
78210
38048
87459
80324
35942
88630
80324
67613
55024
80324
10973
78210
7359
80324
23841
41786
80324
21605
50146
70814
80324
78210
80324
4296
38455
80324
80324
10106
73170
73300
10973
24823
80324
21605
78210
80324
15285
42276
86182
23841
58115
4729
64115
80324
73068
58996
80324
78210
80324
89112
99240
80324
21605
72396
86035
80324
10973
80324
14255
1262
11041
78210
46448
26348
1831
80324
23841
80324
38048
53531
13568
50146
80324
21605
78210
80324
10085
67613
15472
20329
63756
81537
32747
80324
73300
88630
10973
24008
80324
78210
80324
80324
21605
23841
80324
91662
80324
78210
80324
28843
89740
10973
80324
58996
31365
34346
80324
21605
4296
78210
77867
80324
23917
80324
88869
90685
41226
80324
23841
80324
78210
26119
73300
50146
86035
15570
80324
10973
16183
21605
71904
74803
80324
41786
99240
99742
80324
78210
38048
44075
80324
69558
82226
15743
80324
86261
56995
80324
23841
4746
67613
21605
80324
78210
25899
10973
34700
80324
10085
88630
63956
80324
80324
1318
73068
15645
99600
78210
74130
80324
29442
40323
21605
80324
58996
16449
73300
81537
80324
9700
78210
23841
77998
80324
73170
10973
32747
80324
50146
80324
18528
21605
87019
80324
78210
37698
21753
80324
59818
80324
4296
80324
86035
10695
10973
78210
80324
24008
23841
21605
80324
38048
80324
27990
80324
78210
99240
82914
80324
73300
67613
80324
10973
80324
21605
33338
78210
77945
80324
23841
80324
58996
88630
25182
77542
50146
70040
80324
10085
78210
80324
87181
53079
80324
21605
23538
55888
80324
10973
41786
80324
78210
80324
23841
7440
17410
80324
1262
641
80324
21605
78210
44033
73300
80324
81537
54614
80324
86035
41803
10973
80324
80324
78210
32747
72814
64967
38048
47067
80324
21605
85411
73068
75989
4296
23029
77867
80324
23841
41556
80324
50146
78210
80324
69387
67613
80324
10973
58996
99240
93626
41159
80324
21605
22861
97650
78210
80324
50155
87248
19031
80324
83376
30313
10106
80324
88630
73300
23841
94289
12977
80324
78210
43509
72848
80324
10085
10973
21605
73170
80324
24008
80324
78210
80324
89894
80324
22242
80324
21605
23841
80324
78210
86035
10973
80324
50146
74130
80324
44346
38048
34803
80324
64558
78210
26119
80324
64399
73300
21605
80324
58996
81537
26651
80324
67613
28843
23841
78210
80324
11041
20794
10973
4296
41786
1522
36420
80324
26432
75068
80324
21605
80324
32747
99240
78210
80324
96359
80324
35167
4958
88630
80324
17837
10973
78210
20612
80324
23841
19602
21605
80324
88667
50146
10085
80324
73068
78076
80324
73300
78210
80324
35372
80324
4729
86035
64115
21605
80324
10973
78210
80324
70728
38048
23841
58996
80324
80324
48234
78210
80324
63838
27990
80324
21605
10695
67613
80324
10973
80324
78210
42689
24008
80324
23841
80324
67812
73300
63558
80324
21605
50146
82226
4296
58002
81537
39200
77867
78210
80324
87019
1262
61454
80324
99240
16449
10973
80324
40101
88630
73170
80324
78210
3264
80324
21605
99299
43423
80324
23841
32747
80324
20011
10085
78210
80324
88114
86035
78140
58996
80324
10973
41786
80324
12509
38048
21605
51807
80324
78210
25899
73300
80324
15472
80324
23841
38455
48798
80324
78210
68230
54372
50146
80324
67613
21605
10973
80324
38610
80324
78210
80324
73068
80222
80324
29058
80324
51875
15028
21605
74130
23841
80324
89740
78210
80324
10973
12813
34700
80324
4296
80324
99240
88630
73300
78210
80324
21605
81537
85536
58996
80324
29442
80324
16723
86035
80324
23841
78210
10973
10085
80324
38048
50146
11728
80324
73342
24008
21605
80324
78210
1542
80324
5654
80324
32747
80324
67613
75989
10973
78210
80324
26119
23841
50785
62798
21605
80324
10106
32575
25182
73300
80324
80324
78210
42276
80324
80324
21605
80324
40708
10973
41786
78210
80324
90685
23841
73170
58996
80324
80324
50146
88630
80324
78210
80324
21605
99240
4296
77867
26348
41159
80324
86035
28843
10973
38048
80324
78210
80324
73300
23841
80324
10085
73068
12977
80324
81537
21605
78210
80324
51872
80324
27990
67613
80324
10973
1262
2463
80324
50534
78210
80324
91662
21605
46452
80324
23841
10695
80324
50146
78210
80324
11041
94289
58996
80324
32747
10973
80324
21605
73300
80324
78210
24008
80324
37698
88869
80324
23841
80324
88630
78210
80324
78588
86035
21605
10973
38048
80324
74803
80324
99240
10096
86182
78210
80324
4296
74130
80324
80324
21605
23841
80324
10085
78210
80324
41786
87019
67613
10973
50146
80324
20429
73300
80324
81915
78210
80324
81537
21605
58996
80324
3298
80324
47372
87181
80324
23841
78210
10973
16449
80324
55888
80324
50155
21605
73170
80324
83376
78210
73068
80324
80324
82226
80324
86035
38048
80324
78210
10973
88630
23841
73300
21605
32747
80324
50146
80324
22012
80324
4729
64115
78210
99240
80324
80324
21605
80324
4296
23029
77867
10973
67613
41556
78210
80324
23841
58996
10085
80324
80324
10245
24008
64095
80324
78210
26119
21605
80324
398
80324
10973
80324
73300
71970
78210
80324
4662
23841
80324
81537
80324
21605
72848
31009
50146
55024
80324
78210
96893
80324
38048
86035
25899
41786
80324
10973
80324
78210
35167
88630
80324
21605
1262
80324
23841
80324
1157
77326
78210
80324
58996
10106
80324
73300
10973
67613
99240
80324
21605
49795
9700
27990
80324
78210
32747
80324
73068
75989
4296
80324
10085
23841
80324
78210
80324
50146
21605
73257
28843
80324
10973
59818
74130
80324
75068
63838
80324
78210
14485
10695
73170
80324
45104
80324
21605
531
23841
80324
40888
38048
78210
86035
73300
80324
10973
80324
82914
80324
34700
15472
85096
81537
78210
80324
88873
88630
21605
58996
24008
80324
80324
3800
29442
80324
23841
78210
10973
80324
67613
25182
50146
80324
52539
21605
80324
78210
99240
80324
41159
32824
10182
80324
89740
30384
80324
73300
41786
10085
93351
80324
78210
10973
23841
21605
4296
80324
77867
59986
80324
12977
80324
32747
78210
41226
80324
38455
11041
80324
38048
21605
80324
86035
10973
78210
80324
71904
58996
23841
80324
87019
80324
50146
73068
80324
69558
78210
21605
80324
88630
73300
49356
64189
80324
39820
80324
10973
78081
67613
88667
78210
80324
81537
80324
23841
21605
80324
63956
88114
80324
78210
80324
99600
99240
80324
87050
10973
94289
80324
3994
16449
78210
26119
80324
21605
10085
80324
23841
73170
83281
80324
24008
1262
4296
50146
45545
78210
80324
38048
73300
58996
80324
86035
10973
80324
21605
80324
78210
74015
80324
21994
80324
23841
32747
80324
74130
78210
80324
44346
21605
82226
41786
88630
39200
80324
10973
67613
80324
80324
78210
27990
80324
80324
13152
21605
90685
73300
23841
80324
78210
80324
36420
50146
10973
33338
64642
80324
77393
11386
80324
81537
99240
80324
78210
21605
58996
25003
80324
73068
77542
38048
80324
10085
80324
23841
86035
78210
80324
10973
23538
16964
63357
80324
10695
21605
4296
48798
80324
77867
78210
80324
10106
80324
73300
80324
36846
28843
80324
78210
42276
10973
23841
21605
58115
67613
80324
4729
64115
44033
81244
88630
86067
80324
50146
80324
92540
25026
78210
80324
8723
24008
80324
21605
32747
80324
47067
10973
80324
79531
75989
78210
35871
58996
23841
90539
80324
73478
80324
26348
25899
76240
37698
80324
73170
78210
73300
21605
38048
80324
54356
53531
99240
80324
41786
55014
86035
80324
10973
63558
10085
78210
80324
81537
50155
50658
80324
23841
83376
62855
21605
80324
50146
80324
30506
78210
80324
49309
4296
80324
10973
43459
80324
91662
67613
78210
21605
80324
62798
88630
80324
23841
73300
80324
73068
80324
78210
58996
80324
73493
1262
80324
10973
21605
87181
80324
78210
80324
74130
55888
88274
80324
88869
87019
23841
38048
80324
78210
80324
21605
26119
50146
86035
80324
32747
10973
80324
74803
99240
80324
78210
41159
80324
10085
73300
11041
80324
21605
80324
23841
24008
78210
80324
25182
10973
80324
12977
81537
67613
80324
12813
80324
34700
78210
58996
21605
4296
23029
77867
80324
41556
35167
27990
88630
80324
17837
80324
41786
23841
50534
78210
80324
10973
29442
80324
50146
40323
21605
16723
80324
16449
73300
78210
80324
38048
80324
73170
97209
80324
86035
80324
78210
21605
10973
23841
15472
80324
18528
80324
72848
35087
80324
78210
80324
73068
99240
80324
21605
10085
80324
63838
10695
10973
80324
78210
58996
23841
67613
80324
32747
80324
65167
86182
73300
50146
20441
80324
78210
21605
89740
80324
80324
88630
85287
80324
10973
82226
4296
81537
80324
78210
94289
80324
23841
21605
80324
38048
77945
80324
61062
78210
80324
24008
80324
86035
28843
10973
80324
78210
84338
21605
80324
10106
75068
73300
20011
80324
86227
23841
80324
80324
58996
78210
50146
92479
41786
80324
21605
80324
10973
74130
99240
80324
67613
10085
17410
78210
1262
80324
641
2463
80324
23841
38455
80324
80324
21605
78210
54372
80324
41803
50918
10973
88630
80324
80324
73300
78210
32747
80324
64967
38048
80324
21605
73068
75989
4296
77867
80324
23841
29058
73170
37755
78210
80324
86035
15028
50146
42709
81537
10973
80324
72044
80324
80324
58996
21605
78210
26119
93626
29329
26665
80324
80324
18433
80324
23841
78210
10096
80324
10973
80324
21605
67613
73300
80324
74597
80324
78210
99240
80324
10085
4729
11728
64115
80324
87019
27990
24008
80324
25899
21605
78210
23841
10973
80324
80324
50146
88630
80324
38048
78210
80324
80324
21605
41786
80324
50501
39229
86035
31012
80324
58996
96013
10973
73357
78210
85191
23841
80324
73300
4296
80324
88114
9700
75961
34803
80324
93350
32747
21605
89010
78210
52296
80324
80324
80324
81537
10973
80324
78210
90685
67613
80324
21242
23841
11041
21605
16916
80324
59818
41538
80324
50146
73068
78210
80324
10695
80324
99240
10085
10973
80324
41159
73300
21605
78210
80324
38048
80324
23841
16449
80324
88630
80324
58996
82914
78210
74130
80324
73170
12977
86035
21605
80324
88667
10973
80324
78210
46889
8907
80324
80324
23841
80324
1262
21605
80324
78210
4296
25182
77867
50146
80324
24008
10973
73300
80324
35942
6767
50155
80324
67613
83376
78210
80324
55024
97131
80324
21605
7359
48234
80324
23841
32747
41786
78210
80324
81537
28843
80324
10973
70814
80324
38048
58996
80324
21605
10085
78210
99240
37698
80324
34700
80324
97047
88630
80324
23841
10106
78210
86035
80324
73300
10973
24823
80324
21605
50146
82226
79172
39200
29442
80324
42276
80324
78210
80324
73068
80324
80324
21605
78210
23841
26119
10973
80324
80324
67613
80324
4296
80324
78210
80324
21605
14255
80324
78140
73300
58996
26348
80324
10973
78210
27990
80324
23841
12509
38048
80324
89343
13568
87181
94289
50146
80324
21605
78210
80324
55888
9338
10085
80324
15472
20329
99240
81537
32747
80324
86035
73170
48798
35167
88630
10973
24008
80324
78210
75989
80324
23841
21605
80324
80324
78210
80324
41786
45935
80324
91662
73300
80324
10973
87019
55732
21605
80324
78210
67613
80324
74130
23841
80324
44346
89740
58996
31365
80324
34346
78210
50146
80324
21605
80324
4296
23029
77867
10973
80324
41556
38048
78210
23917
80324
80324
88869
63838
41226
85536
58812
10245
23841
80324
10695
24471
73068
21605
80324
36420
78210
73300
80324
1262
86035
10973
80324
93801
71904
10085
74803
80324
88630
99240
78210
80324
71970
21605
80324
44075
80324
61673
23841
69558
1542
81537
80324
78210
5654
72848
80324
50146
10973
86261
32747
80324
58996
80324
67613
21605
78210
25899
80324
50785
62798
80324
18346
80324
73300
63956
23841
78210
80324
10973
80324
21605
24008
38048
99600
11041
80324
4729
64115
80324
78210
80324
4296
16449
80324
41786
80324
21605
86035
3023
78210
23841
77998
80324
73170
10973
6268
81979
80324
50146
80324
88630
80324
10085
78210
38455
80324
21605
99240
73300
80324
41159
58996
28843
80324
10973
78210
80324
23841
80324
75068
67613
80324
21605
63558
78210
80324
26119
73068
12977
80324
81537
45104
80324
531
10973
80324
38048
78210
80324
32747
23841
27990
21605
80324
80324
10106
50146
50534
78210
80324
73300
80324
46452
86035
80324
10973
74130
21605
32083
33338
4296
80324
78210
77867
3800
80324
23841
80324
58996
80324
88630
25182
77542
78210
80324
21605
10085
80324
10973
80324
99240
24008
80324
78210
23538
82226
67613
80324
23841
80324
73300
15204
21605
41786
80324
78210
50146
80324
80324
10973
38048
13329
80324
1262
78210
80324
86182
21605
80324
44033
80324
81537
23841
80324
77322
78210
86035
80324
10973
73170
80324
58996
21605
80324
82959
87019
78210
10695
80324
32747
12813
73300
47067
80324
34700
73068
75989
4296
90685
80324
23841
46783
81915
80324
88630
78210
10973
80324
21605
64189
50146
80324
10085
67613
80324
29442
78210
80324
99240
16723
80324
80324
21605
22861
78210
23841
38048
80324
10973
88114
50155
80324
19031
87857
83376
80324
83569
80324
78210
73300
94289
80324
21605
3994
80324
58996
86035
80324
78210
10973
80324
23841
80324
24008
80324
50146
21605
80324
78210
81537
41786
89894
80324
80324
80324
10973
78210
88630
80324
21605
23841
4296
80324
77867
67613
73300
80324
32747
78210
10085
80324
74130
80324
38048
80324
64095
99240
10973
21605
80324
78210
26119
80324
37698
23841
64399
80324
27990
58996
15472
80324
78210
73068
50146
80324
16449
13152
21605
80324
86035
28843
11041
10973
80324
1522
73170
80324
78210
80324
73300
24238
31009
80324
23841
21605
80324
96893
78210
80324
25899
80324
10973
80324
58921
78210
80324
35167
4958
88630
67613
89740
21605
80324
17837
81315
1262
81537
20612
80324
2463
23841
80324
78210
4296
38048
88667
80324
77326
50146
10085
10973
80324
58996
10106
21605
80324
24008
73300
78210
80324
99240
9700
80324
41159
41786
87181
80324
42276
32747
23841
80324
58115
78210
4729
86035
64115
63263
55888
21605
80324
10973
80324
80324
78210
80324
12977
80324
59818
80324
21605
20201
23841
79907
78210
80324
10973
63838
80324
14485
10695
93087
80324
50146
73300
14613
67613
80324
78210
26348
88630
80324
10096
21605
73068
80324
40888
58996
38048
80324
53531
78210
95419
10973
80324
23841
80324
82914
67812
80324
10085
21605
82226
4296
23029
81537
39200
77867
80324
78210
88873
87019
41556
80324
61454
80324
99240
86035
80324
10973
78210
40101
80324
21605
73300
23841
73170
80324
74130
3264
80324
25182
50146
80324
78210
91662
52539
80324
80324
32747
21605
10973
20011
80324
78210
75989
80324
23841
80324
24008
67613
58996
80324
41786
93351
72848
78210
80324
78118
38048
21605
88630
80324
51807
59986
80324
10973
73300
80324
78210
80324
88869
80324
23841
38455
48798
21605
80324
27990
78210
10085
68230
26119
80324
54372
50146
86035
80324
10973
4296
80324
74803
80324
78210
99240
38610
21605
80324
81537
80324
23841
73068
80324
80222
78210
1262
80324
29058
10973
80324
51875
58996
73300
15028
49356
21605
80324
78210
80324
67613
80324
80324
38048
44679
34700
23841
80324
78210
28843
21605
80324
88630
10973
32747
50146
80324
80324
75068
78210
80324
29442
80324
94289
40323
80324
21605
86035
80324
23841
16449
78210
10973
73300
80324
10085
55024
80324
11728
73170
83281
80324
73342
78210
24008
41786
80324
21605
4296
77867
80324
99240
58996
11041
80324
78210
80324
18528
10973
23841
80324
80324
21605
81537
50146
74015
67613
80324
21994
78210
80324
38048
62798
80324
10106
32575
80324
73300
10695
74130
10973
78210
80324
44346
21605
23841
88630
80324
80324
80324
78210
73068
80324
80324
86035
21605
40708
50155
10973
80324
78210
83376
80324
90685
32747
23841
80324
58996
25899
10085
80324
36420
78210
80324
50146
21605
80324
77945
73300
80324
10973
18323
80324
99240
4296
78210
41159
80324
80324
67613
23841
21605
38048
80324
78210
80324
87019
80324
10973
80324
63357
15472
80324
78210
12977
81537
21605
80324
88630
41786
24008
80324
23841
80324
51872
78210
80324
73300
86035
27990
50146
80324
10973
17410
58996
1262
21605
80324
641
50534
80324
78210
26119
69810
73170
80324
4729
64115
82226
80324
88114
23841
80324
78210
10085
21605
80324
41803
25026
10973
80324
80324
89740
78210
80324
32747
67613
64967
38048
80324
99240
21605
80324
73068
75989
4296
73300
77867
80324
23841
78210
10973
80324
80324
50146
76240
37698
80324
41226
78210
80324
21605
80324
35167
88630
58996
93626
80324
78588
86035
80324
78210
10973
23841
63558
71904
80324
81537
80324
21605
25182
80324
86182
78210
80324
74130
80324
73300
2850
69558
28843
80324
10973
78210
80324
49309
21605
23841
80324
10085
80324
43459
41786
38048
67613
86280
50146
80324
78210
24008
91793
80324
20429
80324
21605
99240
80324
10973
63956
78210
79682
80324
95106
23841
80324
58996
4296
80324
63346
99600
73493
3298
32747
63838
80324
78210
21605
73300
47372
80324
10695
87181
86035
88630
80324
10973
16449
80324
78210
55888
80324
80324
23841
21605
73170
34803
80324
78210
80324
73068
50146
80324
10973
80324
81537
80324
78210
21605
80324
38048
80324
10106
67613
23841
10085
73300
80324
11041
23896
78210
80324
4830
80324
58996
10973
21605
42276
80324
22012
80324
78210
1262
99240
80324
80324
12813
23841
80324
34700
78210
21605
86035
94289
80324
4296
23029
47549
77867
10973
80324
50146
41556
27990
88630
80324
78210
80324
9111
41786
80324
73300
10245
21605
24008
80324
29442
88667
32747
80324
23841
78210
26119
16723
80324
10973
26348
33338
87019
80324
398
80324
38048
78210
21605
80324
38455
67613
58996
80324
71970
77542
80324
80324
78210
10085
4662
10973
23841
80324
81537
80324
21605
74130
72848
50146
80324
23538
78210
73300
80324
80324
89597
73068
48234
99240
86035
80324
25899
10973
41159
78210
80324
21605
23841
80324
80324
88630
91662
80324
4296
78210
73170
80324
65167
80324
21605
20441
80324
44033
10973
17846
1157
12977
78210
80324
58996
80324
23841
38048
54698
80324
73300
67613
80324
78210
21605
49795
50146
9700
82226
80324
39200
80324
32747
10973
80324
47067
60186
78210
80324
75989
88869
10085
80324
41786
23841
21605
80324
80324
78210
24008
80324
73257
86035
51466
28843
80324
10973
81537
59818
80324
74803
78210
21605
99240
80324
75068
73300
80324
23841
88630
10695
80324
78210
80324
78140
50155
58996
45104
80324
50146
10973
21605
4729
83376
531
4296
80324
64115
77867
12509
80324
38048
78210
80324
67613
80324
1262
23841
82914
80324
73068
21605
78210
2463
80324
15472
85096
10973
80324
48798
80324
80324
78210
73300
2045
80324
21605
80324
3800
90685
10085
80324
23841
86035
78210
80324
10973
80324
32747
25182
16449
50146
80324
27990
21605
78210
80324
58996
80324
73170
99240
80324
88630
32824
80324
10182
74130
78210
23841
42709
81537
10973
72044
80324
89740
10106
30384
21605
38048
80324
63928
73300
41786
80324
78210
38786
26119
80324
67613
26665
4296
80324
24008
80324
18433
80324
21605
10973
78210
23841
80324
10096
80324
85536
80324
11041
50146
78210
80324
80324
21605
86035
80324
10973
78210
80324
10085
58996
73300
80324
23841
87019
80324
80324
21605
78210
80324
73068
80324
1542
10973
35167
80324
88630
5654
78210
99240
38048
80324
17837
64189
32747
80324
21605
23841
39820
80324
78081
67613
80324
78210
50146
50501
80324
39229
50785
62798
81537
31012
80324
96013
10973
73357
80324
21605
73300
37698
78210
4296
80324
77867
88114
80324
23841
80324
78210
80324
86035
58996
80324
87050
21605
10973
94289
80324
32570
3994
80324
78210
41786
80324
10085
80324
80324
23841
73170
21605
78210
80324
24008
34700
80324
1262
10973
16694
50146
45545
38048
73300
80324
63838
88630
80324
78210
57322
10695
80324
21605
99240
67613
80324
41159
80324
23841
78210
29442
28843
80324
10973
80324
80324
25899
21605
80324
78210
32747
58996
80324
74130
80324
44346
73068
75989
82226
4296
12977
86035
80324
81537
78210
23841
10973
80324
87181
73300
21605
80324
17260
46889
8907
80324
50146
78210
80324
55888
27990
80324
80324
10085
13152
21605
80324
50534
10973
78210
38048
23841
80324
87459
80324
46452
36420
35942
80324
88630
78210
64642
80324
67613
77393
20011
11386
80324
21605
55024
80324
10973
99240
73300
80324
78210
26119
7359
58996
80324
25003
23841
41786
80324
80324
21605
78210
50146
80324
70814
80324
86035
24008
80324
10973
78210
16964
80324
80324
16449
21605
23841
4296
23029
38455
80324
77867
41556
80324
32747
78210
54372
80324
10106
81537
73170
80324
73300
10973
38048
24823
80324
21605
36846
78210
10085
80324
80324
15285
42276
86182
23841
80324
58115
67613
4729
64115
81244
88630
80324
78210
86067
73068
58996
80324
50146
21605
10973
29058
80324
92540
80324
78210
15028
80324
89112
8723
99240
80324
87019
80324
23841
21605
72396
78210
80324
86035
73300
80324
10973
25182
72848
79531
80324
35871
90539
80324
14255
73478
1262
81915
11041
78210
46448
80324
21605
26348
1831
80324
80324
23841
78210
80324
38048
4296
10973
54356
80324
53531
13568
50146
80324
74130
41786
21605
55014
80324
78210
58996
63558
80324
10085
67613
15472
80324
20329
63756
81537
11728
50155
32747
50658
80324
73300
78210
88630
23841
83376
80324
10973
24008
62855
21605
80324
10695
80324
30506
78210
80324
88667
80324
80324
86035
99240
21605
80324
78210
10973
23841
80324
91662
80324
80324
50146
78210
80324
21605
80324
27990
73300
73068
80324
28843
38048
73170
89740
10973
80324
78210
58996
31365
80324
34346
23841
75068
80324
80324
21605
4296
78210
77867
80324
67613
80324
23917
80324
10085
10973
78210
80324
88630
88274
88869
90685
41226
80324
21605
23841
64095
80324
80324
78210
81537
26119
73300
80324
50146
86035
15570
80324
32747
10973
16183
80324
21605
71904
78210
74803
94289
80324
41786
99240
99742
75989
80324
41159
23841
80324
80324
78210
58996
38048
44075
80324
21605
69558
82226
80324
10973
39200
15743
24008
80324
78210
31009
80324
86261
56995
80324
96893
80324
12977
23841
4746
73300
67613
21605
80324
78210
25899
12813
80324
10973
34700
50146
80324
4296
80324
78210
35167
10085
88630
63956
80324
21605
80324
1262
80324
23841
1318
73068
15645
86035
99600
78210
80324
74130
10973
80324
29442
80324
77326
40323
21605
16723
80324
78210
58996
10106
16449
80324
73300
81537
80324
99240
38048
80324
9700
78210
23841
77998
80324
73170
10973
21605
97209
80324
32747
80324
50146
80324
78210
80324
67613
80324
48798
18528
21605
87019
35087
80324
78210
10973
80324
23841
37698
41786
21753
80324
80324
59818
78210
80324
73300
88630
21605
80324
4296
10085
63838
77867
80324
86035
14485
10695
10973
80324
78210
58996
80324
24008
23841
80324
21605
80324
78210
50146
80324
40888
38048
80324
80324
27990
10973
80324
88114
78210
11041
99240
82914
80324
21605
23841
85287
80324
73300
80324
81537
78210
88873
67613
80324
73068
80324
10973
80324
21605
33338
78210
80324
4729
64115
77945
32747
80324
61062
23841
80324
80324
58996
78210
80324
88630
25182
86035
21605
28843
77542
50146
70040
80324
10973
52539
10085
80324
78210
84338
80324
87181
26119
4296
53079
80324
73300
86227
80324
23841
21605
38048
23538
80324
55888
78210
80324
10973
73170
80324
92479
41786
80324
93351
78210
80324
21605
80324
74130
99240
59986
80324
67613
23841
7440
17410
78210
80324
1262
10973
80324
641
2463
62798
80324
50146
24008
21605
80324
58996
78210
38455
44033
73300
80324
81537
80324
54614
80324
86035
78210
23841
80324
41803
50918
10973
21605
88630
80324
80324
80324
78210
10085
32747
72814
80324
64967
38048
47067
80324
21605
85411
73068
75989
80324
4296
23029
77867
78210
10973
80324
23841
41556
37755
80324
80324
73300
49356
15472
50146
80324
78210
21605
80324
10245
69387
67613
80324
80324
10973
58996
99240
78210
82226
93626
29329
80324
23841
41159
80324
21605
80324
22861
97650
78210
80324
50155
87248
80324
86035
19031
10096
80324
83376
71970
10973
30313
80324
78210
10106
41786
21605
80324
88630
73300
23841
80324
94289
12977
81537
80324
38048
74597
16449
78210
80324
43509
72848
50146
10695
80324
42276
89740
10085
10973
80324
21605
73170
87019
80324
83281
78210
27990
24008
80324
25899
80324
23841
4296
80324
58996
50534
32747
78210
67613
80324
21605
89894
80324
10973
80324
22242
78210
73300
80324
80324
99240
74015
80324
21994
21605
23841
80324
78210
86035
73068
80324
10973
80324
50146
26348
34700
85191
80324
74130
78210
80324
44346
21605
80324
88630
38048
75961
34803
80324
93350
64558
23841
80324
89010
78210
52296
26119
80324
10973
80324
64399
73300
21605
1262
29442
10085
80324
58996
78210
81537
26651
80324
80324
90685
80324
67613
28843
21242
23841
78210
80324
11041
20794
21605
10973
16916
4296
80324
41786
77867
1522
41538
36420
80324
26432
50146
75068
80324
78210
80324
86182
80324
21605
86035
80324
32747
91662
99240
78210
10973
80324
23841
45104
73300
80324
531
96359
80324
24008
38048
80324
78210
21605
80324
35167
4958
88630
80324
80324
17837
58996
10973
78210
20612
80324
23841
63357
73170
80324
19602
21605
80324
88667
78210
80324
50146
10085
80324
67613
80324
73068
78076
10973
80324
73300
78210
88869
3800
21605
80324
23841
81537
80324
35372
80324
78210
4296
80324
25182
80324
4729
86035
64115
21605
80324
10973
80324
6767
78210
74803
80324
99240
70728
38048
80324
23841
25026
55024
97131
58996
80324
78210
80324
21605
50146
80324
88630
48234
10973
73300
32747
80324
41786
78210
80324
63838
80324
75989
27990
80324
21605
10695
23841
80324
78210
67613
80324
74130
10973
10085
80324
76240
37698
80324
78210
80324
21605
42689
24008
97047
80324
80324
23841
10106
80324
78210
86035
67812
80324
73300
10973
63558
80324
21605
50146
82226
4296
58002
58996
80324
79172
81537
39200
77867
78210
38048
80324
87019
1262
80324
61454
80324
99240
16449
23841
80324
78210
73068
41159
21605
10973
80324
40101
80324
88630
73170
49309
80324
78210
64189
26119
80324
3264
80324
43459
21605
80324
67613
99299
73300
43423
78210
80324
10973
23841
80324
32747
12977
80324
20011
10085
80324
50146
78210
21605
80324
80324
88114
86035
78140
58996
80324
10973
78210
41786
80324
73493
23841
80324
12509
38048
21605
80324
89343
51807
87181
80324
94289
78210
80324
3994
4296
25899
73300
80324
28843
10973
80324
55888
9338
78210
15472
21605
80324
99240
81537
23841
80324
38455
48798
88630
80324
24008
78210
80324
68230
54372
50146
80324
67613
21605
80324
10973
80324
78210
80324
38610
80324
23841
58996
80324
45935
78210
80324
21605
10085
73300
11041
86035
80324
73068
80222
10973
80324
55732
9700
29058
80324
78210
38048
80324
32747
51875
15028
80324
21605
74130
23841
50155
80324
89740
78210
80324
83376
80324
10973
50146
12813
80324
34700
78210
80324
21605
4296
23029
73170
80324
77867
80324
41556
99240
27990
88630
23841
73300
80324
59818
78210
67613
80324
10973
41786
13152
80324
21605
81537
41226
85536
58996
58812
80324
78210
10695
29442
80324
24471
80324
16723
80324
1262
86035
80324
23841
78210
21605
10973
80324
93801
71904
10085
80324
38048
50146
80324
11728
78210
80324
73342
24008
80324
73300
21605
82914
80324
78210
80324
61673
10973
23841
69558
1542
80324
80324
5654
72848
80324
78210
21605
32747
80324
80324
58996
88630
80324
67613
73068
75989
4296
10973
78210
80324
99240
26119
23841
80324
50785
62798
21605
80324
10106
32575
80324
25182
78210
18346
50146
73300
80324
87019
63956
80324
86035
80324
10973
78210
21605
81537
80324
38048
99600
42276
65167
23841
80324
20441
58115
4729
80324
64115
10085
80324
78210
80324
21605
80324
16449
40708
10973
41786
80324
78210
80324
90685
82226
80324
3023
23841
73170
58996
80324
6268
73300
81979
78210
21605
80324
80324
50146
67613
10973
80324
35167
88630
80324
74130
78210
80324
80324
21605
99240
4296
23841
77867
80324
24008
26348
41159
32747
78210
80324
86035
28843
80324
10973
38048
80324
53531
80324
78210
21605
75068
80324
73300
80324
23841
80324
78210
10085
80324
73068
10973
12977
80324
81537
21605
58996
50146
80324
78210
80324
80324
51872
80324
80324
23841
27990
78210
21605
67613
80324
10973
1262
80324
2463
80324
88630
50534
78210
80324
73300
80324
91662
21605
80324
46452
86035
80324
99240
78210
63838
41786
23841
10973
38048
80324
32083
33338
4296
10695
80324
25899
80324
50146
21605
78210
80324
11041
80324
94289
58996
80324
32747
77542
10973
78210
80324
23841
80324
21605
10085
80324
73300
80324
78210
73170
80324
24008
80324
23538
67613
80324
42709
81537
10973
37698
72044
21605
78210
88869
80324
23841
80324
15204
80324
88630
80324
78210
26119
50146
80324
26665
78588
86035
21605
80324
73068
10973
38048
80324
78210
18433
13329
80324
74803
88667
73300
80324
99240
23841
58996
80324
10096
86182
21605
78210
80324
4296
77867
44033
80324
74130
15472
80324
10973
44346
80324
77322
78210
80324
21605
80324
23841
80324
10085
78210
80324
82959
80324
41786
87019
67613
10973
50146
80324
32747
10106
80324
21605
78210
20429
73300
47067
34700
80324
75989
80324
23841
80324
46783
81915
88630
78210
86035
80324
81537
38048
10973
80324
36420
21605
58996
80324
38455
78210
80324
3298
80324
29442
89740
80324
47372
50501
87181
99240
40323
80324
24008
39229
23841
21605
78210
31012
80324
96013
10973
73357
16449
80324
73300
80324
50146
4296
55888
78210
80324
1262
88114
50155
80324
21605
73170
80324
87857
83376
28843
80324
78210
23841
73068
83569
67613
10973
