4629
63140
69574
19235
56016
26914
4629
63140
20913
33514
9880
26079
69574
79708
99969
4629
79294
63140
19235
56016
89999
46108
2250
26914
43520
54661
69574
13159
4629
29441
63140
28368
20913
19471
50679
40417
33514
11760
19235
9880
61338
56016
26079
4629
63140
69574
58918
79708
26914
99969
4629
79294
63140
19235
20913
26565
69574
56016
89999
46108
33514
28378
4629
81121
2250
9880
63140
26914
43520
54661
26079
20453
69574
19235
13159
98222
31102
79708
4629
60806
34928
29441
63140
56016
99969
28368
20913
19471
50679
90674
5997
4629
69574
40417
26914
33514
79294
11760
47761
6271
63140
19235
9880
61338
1099
56016
26079
4629
89999
46108
63140
69574
58918
20913
79708
2250
86670
23498
19235
26914
4629
43520
99969
54661
23663
63140
33514
56016
69574
13159
76669
9880
4629
79294
29441
63140
19235
26079
28368
56274
20913
19471
26914
60248
26565
69574
4629
50679
59108
56016
79708
89999
63140
46108
40417
33514
11760
34603
28378
99969
4629
19235
81121
69574
2250
9880
61338
63140
59348
26914
43520
20913
83616
56016
54661
26079
4629
79294
51068
20453
63140
69574
19235
13159
58918
21939
55686
98222
33514
31102
79708
4629
60806
34928
48447
26914
29441
63140
56016
73009
99969
28368
42456
89999
9880
46108
69574
20913
21253
19471
4629
47832
19235
50679
90674
26079
63140
1382
5997
2250
4629
69574
40417
56016
22973
26914
33514
79294
11760
47761
43520
71738
6271
14477
63140
79708
54661
19235
20913
4629
9880
61338
26565
69574
99969
13159
63140
1099
56016
26079
4629
26914
89999
46108
19235
33514
29441
63140
69574
28378
28368
58918
4629
20913
19471
79294
81121
79708
91438
99951
2250
56016
9880
86670
50679
63140
23498
23019
19235
26914
69574
4629
39784
43520
99969
20099
54661
5464
57690
26079
23663
63140
40417
20351
33514
11760
30889
4629
20913
56016
20453
69574
99289
19235
89999
13159
46108
56267
76669
71678
26914
98222
63140
11486
19566
37909
9880
31102
79708
4629
61338
60806
34928
79294
88979
69574
29441
63140
983
56016
19235
26079
12639
4629
99969
28368
2250
33514
56274
20913
19471
64089
26914
43520
63140
60248
54888
26565
69574
83486
4629
50679
58918
54661
59108
90674
50218
57160
9880
19235
56016
5997
49906
79708
89999
63140
46108
63611
4629
69574
40417
26914
20913
33514
79294
13159
78760
26079
11760
47761
46501
63290
34603
7110
6271
28378
99969
63140
4629
19235
40141
56016
70847
81121
69574
2250
9880
29441
7815
61338
63140
4629
59348
26914
28368
2040
69419
79708
43520
20913
66975
19235
83616
19471
1099
33514
69574
56016
54661
63140
26079
4629
89999
46108
46164
50679
79294
23641
99969
51068
92184
26278
20453
26914
63140
4629
69574
9880
19235
13159
58918
56016
21939
55686
20913
98222
40417
8915
33514
31102
79708
4629
63140
11760
58480
60806
2250
34928
26565
69574
48447
86670
26079
23498
19235
26914
30713
29441
4629
63140
56016
43520
73009
43439
99969
28368
42456
89999
79294
9880
46108
54661
69574
20913
61338
80147
21253
89593
23663
19471
4629
63140
47832
33514
19235
26914
79708
50679
28378
56016
90674
69574
26079
4629
79413
63140
1382
13159
5997
76669
81121
45779
53869
2250
20913
19235
4147
9880
4629
99969
63140
69574
79854
40417
56016
22973
26914
66868
33514
79294
17344
58918
90980
11760
47761
89999
43520
71738
20414
6271
46108
4629
29441
14477
59172
63140
54610
79708
54661
95855
19235
11276
26079
69574
78719
28368
56274
20913
4629
56016
19471
14945
63140
26914
9880
61338
20453
60248
33514
26565
69574
99969
19235
79425
4629
50679
13159
7506
6408
59108
63140
2250
1099
98222
79294
77660
56016
78493
26079
20913
31102
79708
4629
26914
69574
89999
60806
90035
34928
63140
46108
31767
19235
43520
94606
9880
40417
4629
33514
54661
29441
11760
71462
63140
56016
69574
34603
28378
99969
28368
58918
26914
4629
19235
20913
64897
63140
19471
12099
82955
26079
79294
81121
89166
79708
69574
91438
99951
2250
58276
4629
56016
13159
9880
86670
61338
79463
33514
50679
63140
89999
23498
23019
59348
19235
55531
90674
46108
26914
37009
22066
30135
69574
4629
47100
39784
5997
43520
20913
83616
63140
99969
79182
56016
20099
54661
5464
57690
26079
4629
78059
23663
19235
29441
78225
26565
69574
71094
44303
79708
6734
63140
40417
9880
26914
20351
33514
79294
74387
11760
47761
30889
28368
4629
51068
6271
20913
56016
20453
2250
63140
69574
99289
19471
19235
89999
88639
13159
58918
4629
46108
82229
56267
21939
76669
99969
55686
71678
26914
95095
98222
26079
25017
63140
11486
19566
50679
37909
69574
43520
9880
33514
56016
31102
79708
4629
61338
60806
19235
34928
20913
63140
54661
94039
28378
48447
79294
4629
88979
26914
69574
22776
11139
14282
29441
1099
63140
983
3738
56016
72499
81121
73009
19235
26079
12639
4629
99309
99969
40417
28368
41142
2250
42456
89999
33514
44739
56274
9880
46108
11760
79600
69574
20913
63140
21253
33236
79708
84422
19471
13159
64089
60766
26914
4629
56016
47832
19235
21682
2781
43520
63140
60248
54888
79294
26565
69574
83486
4629
50679
99651
60581
58918
54661
59108
90674
50218
26079
33514
57160
20913
9880
63140
26914
99969
1382
51927
19235
61338
56016
5997
4629
69574
20195
13057
49906
79708
89999
29441
2250
63140
46108
63611
52731
4629
20453
86670
28368
23498
69574
28055
19235
40417
56016
87767
22973
26914
20913
14219
63140
33514
79294
13159
78760
26079
11760
47761
4629
19471
9880
39600
46501
63290
43520
71738
34603
65058
7110
98222
6271
14477
28378
99969
69574
63140
31102
33268
79708
4629
54661
19235
60806
40141
56016
34928
50679
23663
26914
83304
70847
36148
63889
84361
81121
89999
63140
20913
69574
97035
4629
33514
46108
2250
58918
26079
9880
29441
19235
7815
61338
79294
63140
22273
56016
4629
59348
26565
69574
26914
99969
28368
45066
28189
2040
69419
79708
29926
13159
63140
43520
20913
68899
76669
4629
66975
40417
19235
83616
40346
19471
1099
33514
96304
69574
11760
56016
86117
54661
9880
77575
63140
26079
4629
54752
42129
26914
89999
83552
13028
46108
46164
50679
19235
2250
69574
79294
63140
23641
4629
20913
90674
99969
56016
79708
5790
63721
51068
92184
33514
26278
29441
93210
79167
56469
20453
5997
26914
63140
4629
69574
9880
19235
26079
28378
28368
61338
43520
13159
58918
56274
56016
21939
63140
4629
55686
20913
98222
69574
79224
3856
89999
54661
19471
25655
40417
26914
8915
46108
19235
33514
79294
81121
99969
31102
446
79708
52029
4629
63140
20480
11760
58480
47761
60806
91438
99951
2250
34928
10912
99019
56016
60248
6271
9880
26565
69574
48447
86670
26079
4629
50679
63140
23498
20913
23019
66366
19235
59108
26914
68775
55346
13226
3742
30713
29441
4718
69574
4629
63140
33514
56016
39784
43520
73009
43439
13159
95130
79708
99969
28368
42456
89999
79294
19235
4629
9880
63140
20099
46108
54661
69574
5464
20913
26914
61338
80147
57690
26079
21253
89593
23663
19471
56016
58918
2250
4629
18939
63140
40417
20351
47832
33514
19235
69574
46256
11760
30889
4629
34603
26914
1099
63140
79708
50679
9880
20913
28378
99969
56016
20453
70242
90674
69574
99289
29441
26079
43520
79294
63493
4629
79413
19235
89999
63140
1382
13159
46108
5997
56267
33514
76669
1976
28368
54661
71678
26914
81121
4629
45779
26565
69574
56016
98222
63140
53869
11486
19566
60240
2250
20913
19235
37909
4147
9880
31102
19471
79708
4629
61338
60806
99969
63140
83484
70437
34928
69574
26079
79854
59348
40417
56016
22973
26914
21262
66868
33514
79294
4629
17344
58918
90980
51544
19235
46137
11760
90553
48397
63140
47761
89999
45460
88979
43520
71738
20913
50679
69574
20414
6271
46108
83616
4629
29441
14477
9880
36063
13159
59172
63140
983
54610
56016
96720
33807
26914
79708
54661
95855
19235
11276
68210
26079
12639
69574
4629
99969
78719
28368
2250
11284
33514
56274
63140
49783
86670
20913
4629
23498
79294
56016
19471
19235
69574
64089
46345
34923
14945
28378
63140
26914
89345
82485
29704
12536
9880
51068
8683
89999
61338
4629
20453
46108
43520
40417
79708
26079
33512
63140
60248
54888
33514
26565
69574
99738
83486
80972
56016
99969
19235
79425
20913
11760
4629
50679
81121
29441
13159
26914
7506
6408
58918
54661
59108
63140
90674
38777
50218
2250
21939
70834
55686
57160
69574
55731
23663
9880
91626
4629
1099
98222
79294
77660
28368
51848
19235
28452
56016
94047
5997
63140
74224
33514
49906
78493
26079
20913
31102
79708
4629
26914
69574
89999
60806
90035
19471
34928
63140
99969
46108
14015
93453
1612
31767
19235
63611
43520
4629
56016
48447
46248
32245
94606
9880
67894
69574
63140
61338
40417
26914
4629
20913
44558
33514
79294
13159
54661
2250
29441
78760
50679
26079
11760
19235
47761
71462
76669
63140
79708
42296
56016
69574
46501
63290
34603
73009
7110
4629
6271
72937
28378
99969
28368
63452
33348
58918
42456
89999
47199
63140
26914
9880
46108
4629
19235
26565
69574
20913
58261
40141
21253
56016
33514
64897
66240
79238
22730
43520
63140
19471
70847
12099
82955
24934
26079
20453
4629
36064
62495
79294
81121
72761
89166
79708
69574
53648
47832
26914
19235
91438
99951
63140
2250
54661
58276
4629
56016
13159
87261
99969
51459
9880
20913
91537
29441
40417
86670
7815
61338
79463
69574
33514
50679
63140
49723
89999
23498
23019
98222
4629
11760
59348
19235
55531
90674
46108
26914
26079
37009
28368
56016
2040
63140
22066
30135
56274
69574
31102
69419
79708
1382
4629
47100
79294
62687
39784
60806
74904
5997
43520
20913
34928
5865
9880
66975
82882
19235
58918
83616
63140
99969
19471
1099
33514
4629
26914
79182
69574
40766
56016
2250
51386
27540
20099
15687
54661
5464
85452
33286
63140
57690
2520
26079
13159
4629
78059
44057
41974
55859
89999
23663
19235
28378
60248
20913
29441
78225
26565
69574
71094
44303
79708
82722
46108
6734
63140
40417
46164
9880
56016
22973
26914
4629
93128
50679
20351
33514
79294
61338
23641
59108
74387
11760
47761
99969
30889
28368
69574
19235
63140
4629
43520
51068
71738
81121
92184
6271
26079
26278
76342
20913
14477
48653
56016
20453
26914
29635
2250
63140
4629
61443
69574
99289
19471
34741
9203
79708
54661
9880
47154
19235
3372
33514
89999
70014
88639
6545
13159
58918
63140
4629
46108
82229
56267
56016
79294
77761
21939
76669
69574
99969
25495
29441
55686
71678
26914
20913
75888
95095
70778
78690
98222
26079
25017
19235
63140
4629
11486
2262
19566
64693
50679
40417
37909
8915
20270
68341
69574
43520
9552
9880
59360
33514
28368
56016
31102
79708
90674
4629
48048
63140
41112
11760
58480
61338
60806
33701
26914
19235
2250
34928
34603
20913
89999
84049
26565
69574
4629
63140
54661
35080
5997
20572
94039
28378
99969
48447
79294
86670
19471
46108
26079
56016
23498
13159
4629
19235
33514
63140
71696
9880
88979
26914
69574
41454
50891
22776
11139
84266
79708
58928
14282
30713
29441
65283
1099
20913
4629
63140
983
58918
87393
3738
56016
51591
72499
81121
43520
73009
69574
19235
55006
50679
43439
26079
12639
87503
54512
4629
99309
99969
40417
28368
41142
2250
26914
31380
63140
42456
89999
88163
20453
33514
79294
44739
61554
56274
9880
72808
46108
11760
79600
54661
47761
69574
56016
20913
4629
61338
80147
51352
26034
80836
19235
63140
21253
33236
79708
89593
84422
23663
6271
59348
9347
19471
13159
64089
32468
60766
8269
26914
53645
4629
69574
13658
22040
63140
26079
56016
47832
33514
19235
98222
99969
21682
29441
9880
4629
2781
43520
20913
29208
97031
35195
63140
60248
90900
54888
79294
26565
69574
83616
84132
89999
83486
2250
26914
31102
79708
4629
50679
46108
11993
28378
56016
28368
19235
63140
99651
60806
60581
58918
20910
54661
34928
40417
59108
52124
16988
90674
15164
69574
89389
50218
26079
33514
4629
79413
92669
57160
22236
20913
67673
9880
63140
11760
26914
99969
1382
13159
51927
19235
61338
19471
56016
5997
4629
69574
76669
20195
13057
63140
29836
79294
49906
81121
45779
79708
43520
51721
45605
89999
29441
53869
4629
91438
99951
8625
33514
2250
20913
69574
26914
51068
26079
19235
63140
46108
56016
10640
59395
4147
27687
9880
63611
52731
4629
86631
20453
86670
54661
99969
50679
28368
63140
23498
69574
1099
23019
79854
21128
28055
19235
4629
40417
56016
87767
22973
26914
79708
13343
20913
14219
63140
66868
33514
79294
13159
17344
36394
58918
90980
78760
72718
82982
83120
26079
39447
13942
26565
69574
11760
47761
4629
19471
21939
9880
39600
89999
39784
46501
55686
63290
43520
71738
34603
63140
19235
65058
7110
20414
61338
98222
6271
2250
56016
46108
6985
26914
4629
29441
14477
28378
99969
69574
20913
59172
63140
54610
42658
33514
20099
31102
33268
74941
79708
4629
54661
95855
19235
5464
11276
60806
57690
26079
40141
56016
58690
69574
9880
79294
78719
63140
28368
34928
50679
5113
23663
26914
83304
70847
56274
4629
36148
67930
7606
63889
84361
90674
13159
48447
81121
89999
63140
20913
19235
40417
69574
72080
97035
99969
20351
26905
4629
33514
43520
56016
36100
46108
45493
19471
2250
11760
14945
63140
30889
79708
26914
5997
58918
26079
9880
4629
69574
23150
29441
19235
32624
7815
61338
86157
79294
63140
20913
36224
54661
22273
56016
20453
73009
4629
59348
80357
60248
33514
26565
69574
99289
47934
26914
63140
99969
19235
28368
79425
85792
45066
42456
89999
28189
2040
4629
50679
69419
9880
79708
36208
29926
13159
26079
7506
6408
56016
46108
69574
59108
24467
63140
43520
20913
56267
68899
2250
76669
4629
28378
21253
66975
40417
71678
26914
19235
83616
40346
34535
19471
1099
98222
33514
79294
77660
63140
96304
11486
19566
69574
86670
4629
11760
56016
47761
86117
29441
37909
23498
99969
54661
9880
47832
77575
63140
78493
12632
19235
24697
26079
20913
31102
79708
4629
6271
54752
42129
58918
30112
26914
69574
89999
61338
60806
90035
83146
86440
83552
81121
34928
56016
47500
63140
13028
46108
28368
33514
4629
80902
11912
53259
23036
31767
13159
46164
50679
19235
43520
2250
69574
79294
63140
26914
23641
94606
4629
20913
9880
90674
99969
26079
56016
4102
79708
5790
88979
63721
51068
19471
40417
26565
69574
63140
19235
41834
4629
92184
35209
81738
33514
1382
54661
26278
29441
93210
79167
10572
56469
20453
89999
5997
11760
26914
71462
57695
63140
983
4629
23663
56016
20913
69574
46108
34603
9880
19235
61463
71505
79294
21629
26079
12639
63140
28378
4629
99969
24480
28368
61338
2250
43520
13159
58918
79708
69574
33514
56274
26914
18587
55445
56016
50679
97657
21939
63140
4629
19235
445
55686
20913
98222
64897
69574
79224
9880
3856
89999
54661
4629
63140
19471
25655
12099
64089
82955
40417
56016
26079
22973
26914
2373
8915
29441
46108
19235
33514
79294
81121
67571
99969
25494
31102
89166
446
79708
87660
52029
69574
4629
61719
63140
20480
11760
58480
13577
20913
47761
60806
91438
99951
1099
70570
2250
34928
43520
51882
71738
58276
10912
99019
4629
56016
63140
13159
60248
19235
26914
28368
6271
54888
9880
26565
69574
83486
14477
55308
13854
65551
48447
76669
86670
26079
61338
79463
4629
33514
50679
63140
89999
23498
4607
20913
23019
58918
99969
59348
69574
79708
56016
54661
66366
19235
59108
79294
43933
55531
90674
46108
50218
4629
26914
68775
63140
37009
26288
52899
76578
55346
20453
19471
58640
13226
57160
15199
35011
3742
30713
29441
4718
9880
22066
30135
40417
69574
57528
28378
4629
49721
63140
2250
19235
47100
33514
56016
26079
39784
5997
43520
20913
73009
33035
90640
11760
26914
43439
13159
4629
49906
95130
83616
69574
63140
79708
99969
28368
17188
67756
42456
89999
79182
19589
91961
79762
79294
19235
56016
4629
9880
12590
63140
20099
46108
18517
50679
98222
54661
52110
69574
19077
97994
33514
5464
20913
26914
61338
80147
57690
26079
81121
63611
17174
21253
4629
78059
89593
63140
23663
19235
8818
19471
56016
9404
58918
29441
78225
26565
69574
2250
21084
71094
31102
44303
79708
4629
18939
99969
43520
95204
6734
63140
60806
40417
9880
26914
20351
20913
34928
47832
54243
33514
79294
13159
19235
89999
99003
4629
69574
7551
78760
56016
74387
46256
63140
26079
11760
47761
30889
28368
46108
70913
46501
3177
63290
4629
51068
34603
56274
7110
54661
77282
26914
28241
69574
1099
63140
6271
19235
79708
50679
9880
20913
28378
99969
56016
20453
4629
33514
44616
70242
2250
63140
61338
90674
69574
99289
19471
29441
26079
43520
66421
79294
63493
4629
79413
75269
19235
26914
95530
89999
63140
40141
88639
78814
56016
28533
86670
1382
13159
72650
58918
69574
20913
57572
40417
4629
30936
46108
82229
23498
70847
9880
79708
5997
56267
89737
33514
63140
21939
76669
5307
1976
19235
99969
28368
6184
54661
3438
55686
71678
26914
81121
11760
4629
60248
95095
45779
26565
69574
56016
98222
26079
25017
63140
53869
11486
19566
60240
79294
2250
4629
50679
20913
19235
37909
24729
22009
4147
69574
63140
43520
9880
89999
33514
26914
45102
59108
56016
31102
29441
19471
79708
4629
7815
61338
46108
60806
99969
63140
83484
70437
13159
19235
34928
69574
26079
79854
4629
59348
59649
20913
28649
40417
56016
2639
22973
26914
63140
54661
16416
94039
21262
28378
28368
48447
66868
33514
79294
4629
9880
17344
69574
58918
74489
2040
90980
51544
19235
46137
2250
11760
90553
23663
48397
69419
79708
63140
47761
20453
66968
89999
4629
45460
56016
88979
43520
99969
71738
20913
26079
11828
50679
26914
69574
20414
63140
66975
6271
22776
46108
63200
11139
19235
83616
50124
14282
99067
4629
29441
14477
19471
1099
33514
90674
9880
36063
13159
59172
26565
69574
63140
983
54610
3738
56016
96720
4629
79294
72499
81121
27610
33807
61338
73009
26914
79708
54661
20913
95855
19235
31497
11276
68210
63140
91438
26079
99951
12639
19199
69574
4629
99309
99969
78719
40417
28368
41142
2250
46791
5997
11284
98222
42456
89999
56016
33514
44739
56274
63140
13946
9880
43520
19235
4629
26914
49783
46108
11760
79600
18655
69574
58918
86670
20913
79829
33789
46164
50679
63140
21253
34603
31102
33236
79708
4629
23498
84422
79294
56016
29441
23019
26079
23641
19471
60806
19235
26306
13159
69574
64089
46345
34923
14945
47990
48635
60766
62248
28378
99969
63140
33514
26914
34928
4629
89345
54661
82485
29704
12536
92719
9880
31402
76669
51068
37204
8683
20913
89999
2250
56016
1489
92184
63140
69574
47832
61338
4629
26278
25473
6710
19235
31468
21682
28368
20453
39784
63540
46108
2781
50856
43520
40417
79708
26914
26079
33512
63140
60248
4629
92245
54888
33514
79294
26565
69574
99738
83486
80972
56016
99969
9880
19235
79425
20913
11760
47761
6317
63140
53840
4629
50679
97192
81121
29441
69574
13159
99651
60581
70836
26914
7506
6408
58918
20099
31146
19471
54661
78226
59108
15027
6271
63140
89999
4629
5464
90674
33211
56016
38777
88447
50218
19235
31382
2250
57690
79708
21939
70834
26079
33514
55686
57160
69574
55731
20913
46108
23663
9880
91626
63140
4629
36081
91444
1099
98222
79294
77660
66606
43520
26914
99969
63006
1382
64428
28368
28890
51927
51848
19235
28452
61338
56016
94047
5997
4629
63140
69574
40417
48566
20195
8915
13887
13057
74224
18656
20351
59348
33514
49906
28378
78493
26079
53422
20913
31102
79708
4629
63140
26914
19235
11760
69574
58480
89999
13159
9880
50679
29441
56016
30889
60806
90035
98161
54661
2250
19471
34928
4629
63140
99969
46108
79294
14015
93453
13085
1612
26565
69574
31767
47803
93070
58918
19235
63611
26914
43520
33514
95915
20913
52731
4629
56016
20453
63140
48447
46248
32898
86670
46980
26079
32245
5903
28368
91855
79708
24195
94606
83616
9880
67894
23498
69574
99289
4629
65062
63140
56274
81121
30445
28055
19235
61338
89999
40417
21035
56016
87767
22973
26914
99969
27326
4629
20913
14219
63140
69574
44558
33514
79294
13159
54661
69462
2250
12812
30713
29441
46108
78760
50679
57416
84553
26079
5242
11760
56267
19235
47761
4629
71462
19471
76669
9880
63140
79708
39600
42296
56016
17508
69574
46501
71678
26914
63290
72637
43065
43520
71738
60453
34603
73009
65058
7110
90674
90205
24500
4629
98222
258
6271
43439
20913
63140
72413
72937
11486
19566
19235
33514
5723
14477
28378
99969
28368
69574
63452
63197
33348
4629
58918
42456
89999
56016
37909
47199
7429
63140
79294
26079
26914
9880
5997
31102
33268
60248
46108
79708
2250
1099
4629
54661
19235
26565
69574
13159
40417
20913
58261
63140
61338
80147
14777
60806
40141
29441
21253
56016
51068
33514
89593
64897
66240
34928
15801
4629
50679
79238
23663
22730
26914
83304
43520
63140
19471
69574
11760
70847
99969
12099
87647
19235
82955
24934
89342
36148
26079
20453
76563
9880
59108
4629
51110
63889
36064
62495
84361
52302
79294
81121
56016
89999
63140
20913
81117
72761
89166
79708
69574
97035
53648
28368
2458
4629
47832
26914
18804
33514
19235
91438
46108
99951
63140
2250
88979
54661
89707
58276
99037
69574
4629
56016
13159
87261
62007
58918
99969
51459
26079
9880
63140
20913
91537
29441
19235
40417
27652
26914
88093
43520
4629
21939
86670
7815
42387
61338
79463
69574
79708
33514
79294
50679
55686
76325
63140
983
19471
19581
28378
22273
49723
56016
89999
23498
51640
23019
98222
4629
23660
11760
59348
47761
19235
55531
90674
63140
76870
26565
69574
20913
46108
26914
9880
26079
37009
12639
9163
4629
79413
99969
92125
28368
11012
78276
2250
50926
56016
45066
6271
3545
28189
54661
2040
63140
22066
33514
30135
56274
69574
19235
31102
69419
55350
79708
1382
29926
4629
13159
28314
47100
79294
50008
62687
39784
26914
60806
63140
74904
5997
43520
20913
68899
29441
76669
56016
34928
4629
89999
5865
9880
69574
66975
82882
26079
40417
19235
81121
58918
83616
40346
20453
63140
45779
50679
99969
19471
1099
33514
46108
61338
4629
64089
86220
96304
26914
53869
79182
48447
69574
40766
79708
11760
56016
63140
2250
20913
86117
51386
27540
19235
20099
15687
4629
54661
28368
4147
79294
5464
34603
85452
9880
33286
77575
63140
69574
57690
2520
26079
13159
4629
54752
15115
42129
78059
26914
44057
33514
41974
56016
90074
43520
55859
89999
23663
19235
28378
75380
99969
57608
63140
60248
20913
54888
29441
83552
78225
4629
79894
26565
69574
71094
79854
44303
79708
13028
82722
83486
46108
12723
6734
89315
63140
98222
40417
46164
9880
56016
80745
22973
26914
84967
4629
93128
38251
50679
19471
19235
20351
2250
73009
26079
69574
66868
33514
79294
17344
58918
63140
61338
90980
23641
54661
4629
20913
59108
74387
49891
47429
48436
11760
90674
47761
76561
99969
50218
30889
28368
56016
69574
19235
42456
89999
26914
63140
13159
31102
86670
79708
5790
75375
4629
57160
63721
43520
51068
71738
15036
9880
20414
81121
60806
23498
92184
6271
46108
33514
65428
26079
63140
26278
69574
76342
46988
4629
34928
29441
20913
14477
93210
19235
48653
79167
97064
56016
56469
20453
5997
79294
21253
26914
29635
59172
2250
63140
961
31173
54610
4629
61443
33425
99969
69574
99289
19471
49906
34741
50679
40417
9203
79708
54661
9880
47154
95855
19235
3372
56016
63140
85709
4629
33514
89999
11276
70014
20913
26079
88639
26914
26565
69574
80682
28378
78719
28368
61338
43520
6545
13159
1099
11760
58918
63140
4629
46108
82229
47832
3701
56274
19235
62726
56267
56016
79294
59348
77761
21939
76669
69574
63611
99969
63140
4629
25495
9880
29441
55686
71678
26914
79708
20913
33514
2250
75888
95095
70778
78690
98222
26079
25017
19235
63140
4629
69574
79224
19675
56016
11486
2262
19566
44476
3856
89999
54661
47652
19471
64693
25655
50679
13132
14945
21112
40417
4629
52953
63140
26914
37909
81225
8915
20270
68341
69574
43520
46108
19235
20913
9552
9880
59360
33514
79294
81121
13159
23663
99969
57878
58956
28368
19580
56016
31102
446
79708
90674
52029
4629
48048
78760
63140
69142
20480
41112
83616
26079
11760
58480
61338
47761
10194
60806
33701
91438
69574
99951
79178
26914
93770
19235
20453
2250
4629
34928
46501
63140
58918
63290
29441
99404
34603
10912
7110
99019
79193
56016
20913
1382
60248
89999
6271
9880
33514
84049
26565
69574
4629
44276
63140
54661
35080
5997
20572
94039
28378
99969
19235
79425
48447
79708
15074
79294
26914
86670
19471
46108
26079
59495
4629
50679
43520
56837
47516
63140
56016
69574
23498
40417
13159
7506
20913
6408
23019
28368
36193
4629
66366
19235
59108
33514
63140
71696
9880
88979
62965
26914
69574
2250
68775
40141
41454
55346
56016
50891
11760
22776
13226
4629
89999
11139
84266
63140
61338
99969
79708
26079
58928
14282
3742
20473
5754
30713
29441
99761
4718
65283
1099
98222
19235
79294
70847
20913
77660
69574
54661
4629
46108
63140
53250
983
58918
26914
87393
3738
33514
56016
51591
39784
9880
72499
81121
43520
34676
73009
19471
4629
69574
19235
94511
63140
55006
50679
51068
43439
13159
37605
95130
78493
60987
26079
12639
20913
31102
87503
54512
79708
4629
42844
99309
99969
40417
28368
56016
41142
2250
22973
26914
31380
52412
63140
26565
69574
42456
89999
88163
76669
60806
90035
90674
20453
33514
79294
44739
19235
61554
56274
4629
9880
34928
60360
72808
63140
20099
28378
72654
46108
29441
11760
79600
54661
47761
69574
56016
4298
5464
7815
20913
26914
4629
31767
61338
80147
51352
99967
26034
57690
80836
26079
19235
63140
21253
43520
71738
33236
79708
89593
84422
99969
23663
69574
4629
33514
6271
5997
59348
9347
19471
94606
13159
63140
56016
9880
33249
9873
64089
58918
32468
14477
60766
39480
50679
2250
89999
79294
8269
26914
73368
53645
19235
56210
4629
20913
18939
28368
69574
13658
22040
24397
63140
21939
40417
2040
26079
83254
40001
46108
55686
4629
20351
56016
47832
69419
79708
62697
33514
54661
19235
63140
86670
98222
73947
11949
69574
99969
21682
26914
29441
38294
81121
9880
46256
4629
2781
11760
43520
20913
29208
23498
30889
71462
97031
35195
63140
22245
60248
56016
66975
90900
54888
79294
61338
26565
69574
19235
4629
83616
84132
89999
11900
34603
83486
26079
2250
13159
26914
19471
1099
63140
33514
31102
79708
4629
50679
69574
46108
11993
9880
20913
28378
99969
56016
20453
28368
19235
63140
99651
60806
60581
87920
58918
24512
78103
20910
70242
4629
54661
34928
40417
59108
93783
52124
16988
26914
44563
90674
15164
9432
69574
99289
89389
50218
63140
19175
29441
26079
43520
33514
79294
63493
4629
79413
56016
92669
19235
70482
57160
40169
22236
20913
89999
79708
67673
9880
63140
11760
58828
69574
48447
47761
77120
2250
4629
26914
64897
99969
1382
13159
51927
46108
46755
19235
61338
63140
19471
56016
12099
93819
75474
5997
4629
69574
82955
56267
33514
46164
26079
61584
78429
6271
76669
1976
50679
20195
24221
13057
25935
20913
28368
63140
29836
67156
54661
71678
26914
79294
45636
49906
81121
4629
9880
5220
19235
89166
45779
79708
26565
69574
56016
23641
56274
98222
43520
51721
45605
40417
63140
89999
79781
29441
99969
53869
58918
4629
91438
11486
19566
99951
23663
60240
8625
33514
2250
20913
69574
26914
51068
26079
58276
19235
63140
46108
37909
4629
56016
10640
13159
59395
4147
11760
28378
27687
92184
77308
9880
73009
26278
63140
31102
63611
80768
69574
19471
79708
79294
52731
4629
86631
20453
47721
19235
86670
61338
79463
26914
54661
60806
56016
20913
99969
33514
50679
28368
10329
63140
83484
70437
4629
26173
42456
89999
43520
23498
34928
69574
26079
1099
23019
79854
21128
59348
9880
28055
63140
19235
29441
4629
2250
55531
90674
46108
40417
56016
87767
22973
26914
69574
37009
79708
21262
13343
90102
20913
14219
63140
66868
33514
79294
4629
13159
17344
3629
36394
93460
58918
21253
90980
51544
19235
78760
99969
22066
60248
74637
46137
72718
82982
30135
83120
26079
39447
13942
59939
26565
69574
11760
90553
48397
63140
56016
47761
4629
81121
19471
26914
21939
9880
42457
54661
39600
89999
47100
39784
46501
45460
55686
63290
5997
88979
43520
3324
71738
20913
34603
28368
63140
19235
65058
4629
7110
50679
69574
58331
20414
79708
33514
61338
98222
68533
6271
2250
56016
46108
83616
6985
26914
63140
4629
18266
79294
37256
29441
60799
14477
28378
26079
33794
99969
59108
47832
69574
19235
9880
40417
74496
36063
94519
79182
13159
20913
4629
59172
63140
8915
983
54610
56016
96720
42658
52720
33514
14682
33807
69574
20099
89999
26914
31102
33268
20453
74941
15698
79708
4629
54661
95855
63140
19235
76669
5464
19471
11760
58918
58480
11276
43520
68210
60806
57690
26079
40141
12639
1498
82681
15525
56016
58690
95829
69574
46108
9880
4629
99969
79294
78719
20913
78059
63140
28368
2250
93435
34928
11284
50679
5113
23663
67437
52108
26914
19235
83304
33514
60004
70847
56274
4629
11278
61338
63140
29441
78225
94986
26565
69574
36148
71094
37154
44303
49783
56016
79708
71014
67930
7606
63889
84361
90674
13159
23475
4629
48447
6734
81121
89999
86670
63140
20913
19235
26079
1099
77808
40417
9880
26914
69574
72080
33305
97035
54661
57898
99969
20351
26905
4629
23498
33514
79294
43520
63140
56016
52903
36100
46108
45493
19471
15612
2250
19235
1382
94358
74387
69574
64089
46345
11760
34923
4629
14945
47761
28378
63140
30889
79708
98222
26914
28368
20913
89345
5997
