78701
78701
78701
78701
78701
97808
78701
3734
78701
78701
36750
78701
78701
97808
78701
78701
3734
78701
78701
78701
97808
78701
36750
78701
78701
78701
3734
78701
97808
78701
78701
78701
78701
36750
78701
97808
3734
78701
78701
78701
50006
78701
78701
97808
78701
78701
3734
78701
36750
78701
78701
97808
78701
40679
78701
78701
3734
78701
78701
97808
78701
36750
78701
78701
78701
78701
97808
3734
78701
78701
78701
78701
36750
78701
97808
78701
3734
78701
78701
78701
78701
97808
78701
78701
50006
78701
36750
3734
78701
78701
97808
78701
78701
92044
78701
30539
78701
3734
78701
97808
78701
36750
78701
78701
60386
78701
78701
97808
78701
3734
78701
78701
40679
78701
36750
78701
97808
78701
78701
3734
78701
76994
78701
78701
97808
78701
78701
36750
78701
78701
3734
78701
97808
78701
50006
78701
78701
78701
78701
97808
38549
3734
78701
36750
78701
78701
78701
78701
97808
78701
78701
3734
78701
78701
36750
78701
97808
78701
78701
78701
3734
78701
78701
97808
78701
78701
36750
78701
78701
78701
97808
3734
40679
78701
78701
8278
78701
78701
78701
97808
50006
78701
36750
3734
78701
78701
78701
78701
97808
78701
78701
44473
78701
3734
78701
92044
36750
78701
97808
78701
30539
78701
78701
78701
3734
78701
97808
78701
90701
78701
36750
78701
78701
78701
97808
78701
3734
78701
60386
78701
78701
78701
97808
78701
36750
86706
78701
3734
78701
78701
50006
78701
97808
78701
78701
40679
78701
78701
36750
3734
78701
97808
52743
78701
78701
78701
78701
78701
97808
3734
78701
78701
76994
36750
78701
78701
78701
97808
78701
78701
3734
78701
78701
78701
97808
36750
78701
78701
78701
3734
78701
78701
97808
78701
78701
78701
50006
5684
78701
36750
78701
97808
3734
78701
78701
78701
97686
78701
78701
97808
38549
78701
3734
78701
36750
78701
78701
40679
78701
97808
78701
92044
78701
78701
3734
78701
30539
78701
97808
36750
78701
78701
78701
78701
3734
78701
97808
59080
78701
78701
97479
78701
18143
78701
36750
78701
97808
78701
3734
78701
50006
78701
78701
78701
97808
60386
78701
78701
36750
3734
78701
78701
78701
97808
78701
78701
78701
78701
3734
78701
97808
36750
78701
78701
78701
78701
78701
97808
3734
78701
40679
78701
78701
78701
36750
8278
78701
97808
78701
78701
3734
78701
78701
78701
97808
78701
50006
78701
36750
78701
3734
78701
78701
97808
78701
76994
52093
78701
78701
56153
78701
78701
97808
3734
36750
78701
78701
78701
78701
44473
78701
97808
78701
3734
78701
78701
92044
36750
78701
39451
78701
97808
78701
78701
30539
78701
3734
78701
78701
97808
78701
78701
36750
78701
40679
78701
3734
78701
97808
50006
78701
78701
90701
78701
78701
78701
97808
36750
78701
3734
78701
78701
78701
78701
97808
38549
78701
78701
3734
78701
36750
78701
60386
78701
97808
78701
78701
78701
78701
3734
78701
97808
78701
78701
36750
86706
78701
78701
78701
97808
3734
78701
78701
78701
50006
78701
78701
97808
36750
78701
78701
3734
78701
78701
78701
97808
40679
78701
78701
78701
36750
3734
78701
78701
97808
78701
52743
78701
78701
78701
78701
97808
3734
78701
78701
36750
78701
95654
78701
78701
97808
92044
78701
3734
78701
78701
78701
78701
97808
76994
36750
30539
78701
78701
50006
78701
25971
3734
78701
78701
97808
78701
78701
78701
36750
78701
3734
78701
97808
78701
78701
28432
78701
78701
46019
78701
97808
98474
78701
3734
36750
78701
40679
78701
78701
42300
78701
97808
78701
78701
8278
3734
78701
78701
78701
97808
36750
78701
78701
12752
60386
78701
78701
3734
78701
97808
78701
50006
78701
5684
308
78701
36750
78701
78701
97808
3734
78701
78701
78701
78701
78701
97808
78701
97686
36750
78701
3734
78701
78701
78701
97808
38549
78701
78701
78701
3734
78701
78701
97808
36750
78701
44473
78701
78701
40679
78701
78701
97808
3734
78701
78701
92044
78701
36750
78701
78701
97808
50006
78701
3734
78701
78701
30539
43707
20308
78701
78701
97808
78701
36750
78701
78701
3734
78701
78701
97808
78701
33244
78701
78701
78701
3734
78701
97808
36750
78701
59080
78701
78701
90701
76994
78701
97479
78701
97808
78701
3734
18143
78701
78701
36750
78701
78701
97808
78701
78701
3734
78701
78701
50006
78701
97808
85775
40679
78701
36750
78701
7502
95250
78701
78701
3734
78701
97808
78701
60386
14211
78701
78701
78701
36750
78701
97808
3734
78701
78701
78701
78701
78701
97808
78701
78701
3734
78701
36750
86706
78701
78701
97808
78701
78701
78701
3734
78701
78701
97808
78701
37902
36750
78701
78701
50006
78701
92044
78701
97808
3734
78701
36388
78701
78701
78701
64102
36750
78701
97808
78701
30539
3734
78701
40679
78701
78701
78701
97808
78701
78701
78701
36750
2897
3734
78701
8278
78701
97808
38549
78701
78701
52743
78701
78701
3734
78701
89159
97808
78701
36750
48369
78701
78701
78701
78701
97808
78701
3734
78701
50006
78701
78701
36750
78701
97808
78701
78701
3734
78701
78701
78701
97808
78701
78701
76994
52093
78701
36750
78701
3734
78701
97808
78701
78701
91302
56153
78701
78701
40679
78701
97808
60386
3734
78701
36750
78701
78701
78701
78701
97808
78701
52368
78701
3734
78701
78701
44473
36750
78701
97808
78701
50006
78701
78701
3734
78701
78701
97808
78701
92044
47732
78701
36750
78701
39451
78701
78701
97808
3734
78701
78701
78701
78701
30539
78701
97808
78701
36750
3734
78701
78701
78701
78701
97808
78701
78701
78701
3734
78701
36750
78701
97808
78701
40679
78701
78701
78701
3734
78701
97808
50006
78701
5684
78701
36750
78701
78701
78701
97808
90701
87037
78701
3734
78701
78701
78701
78701
97808
78701
36750
78701
3734
78701
78701
78701
97808
97686
78701
78701
78701
27346
78701
3734
36750
78701
97808
38549
78701
78701
78701
78701
78701
97808
3734
78701
78701
36750
78701
60386
78701
50006
78701
97808
78701
76994
78701
3734
78701
40679
78701
78701
97808
78701
36750
78701
78701
92044
3734
78701
78701
97808
78701
78701
8278
78701
78701
36750
86706
78701
97808
3734
78701
78701
97624
30539
78701
78701
78701
97808
78701
3734
78701
36750
78701
78701
24975
78701
97808
78701
78701
50006
78701
81208
3734
78701
78701
97808
36750
78701
78701
78701
78701
3734
78701
97808
78701
78701
59080
78701
78701
36750
78701
97808
40679
78701
97479
3734
78701
24228
78701
78701
78701
97808
18143
78701
78701
36750
3734
78701
16723
78701
78701
97808
78701
78701
78701
52743
78701
3734
78701
97808
36750
78701
91666
50006
78701
78701
78701
78701
97808
3734
78701
44473
78701
78701
78701
36750
78701
97808
78701
78701
95654
60386
3734
78701
78701
78701
97808
78701
92044
78701
36750
78701
3734
78701
78701
97808
78701
78701
40679
78701
78701
78701
97808
76994
3734
38549
36750
30539
78701
78701
78701
78701
78701
97808
50006
78701
25971
3734
78701
78701
78701
36750
78701
97808
78701
78701
78701
3734
79359
78701
78701
97808
78701
78701
36750
78701
78701
3734
78701
97808
78701
78701
78701
78701
28432
78701
97808
36750
78701
3734
90701
78701
78701
78701
46019
78701
97808
78701
98474
78701
3734
78701
36750
78701
40679
50006
78701
97808
78701
78701
78701
42300
78701
3734
78701
97808
78701
78701
36750
78701
50049
29947
78701
8278
78701
97808
3734
78701
78701
78701
78701
78701
97808
36750
78701
78701
3734
78701
92044
78701
78701
97808
12752
60386
78701
25715
78701
78701
36750
3734
78701
78701
97808
76849
78701
78701
78701
50006
78701
30539
78701
97808
5684
3734
308
78701
78701
36750
78701
78701
78701
97808
78701
40679
3734
78701
78701
78701
78701
97808
36750
86706
78701
78701
78701
3734
78701
76994
52093
78701
97808
78701
78701
78701
21468
97686
36750
78701
63142
3734
78701
97808
78701
56153
78701
85504
78701
78701
78701
97808
38549
78701
3734
78701
36750
50006
78701
78701
78701
97808
78701
78701
13045
3734
78701
78701
31020
78701
97808
36750
78701
78701
78701
44473
78701
3734
78701
97808
78701
78701
40679
78701
36750
78701
78701
97808
3734
78701
78701
78701
78701
78701
97808
92044
78701
36750
78701
3734
78701
39451
78701
78701
97808
78701
50006
22394
78701
78701
3734
78701
52743
60386
78701
97808
36750
78701
78701
30539
43707
20308
78701
78701
78701
97808
3734
78701
78701
78701
36750
78701
78701
97808
94633
78701
3734
78701
26486
78701
78701
78701
97808
35886
78701
36750
78701
78701
33244
3734
78701
40679
78701
97808
78701
78701
33977
78701
78701
3734
78701
97808
36750
50006
78701
78701
78701
59080
78701
78701
97808
78701
3734
78701
8278
90701
76994
78701
97479
36750
78701
51364
78701
97808
78701
78701
3734
78701
18143
78701
78701
97808
78701
36750
78701
78701
78701
3734
78701
97808
78701
78701
78701
78701
60742
78701
97808
36750
3734
78701
78701
92044
78701
78701
50006
78701
97808
38549
78701
85775
40679
78701
3734
78701
36750
78701
7502
78701
97808
50804
95250
78701
78701
78701
3734
78701
78701
97808
30539
1209
78701
5013
36750
78701
78701
60386
14211
78701
78701
97808
3734
78701
78701
78701
78701
36750
78701
97808
78701
3734
78701
78701
78701
45451
78701
97808
78701
78701
78701
50006
36750
3734
78701
78701
97808
78701
53374
78701
78701
78701
3734
78701
97808
78701
36750
86706
78701
78701
40679
78701
78701
97808
78701
3734
78701
78701
78701
36750
78701
97808
79871
78701
44473
78701
3734
78701
78701
78701
97808
78701
78701
37902
78701
36750
78701
3734
78701
97808
78701
76994
50006
78701
78701
5684
78701
92044
78701
97808
3734
78701
36750
78701
78701
36388
78701
78701
97808
78701
78701
3734
78701
64102
78701
78869
36750
78701
97808
78701
78701
78701
30539
3734
78701
78701
97808
40679
78701
78701
78701
36750
78701
78701
97808
3734
78701
60386
78701
97686
78701
78701
78701
97808
50006
78701
36750
2897
3734
78701
78701
78701
8278
78701
97808
38549
78701
78701
57810
78701
3734
78701
36750
78701
97808
52743
78701
78701
33382
78701
78701
3734
78701
89159
97808
78701
78701
12285
36750
78701
48369
78701
78701
97808
78701
3734
78701
78701
78701
90701
78701
97808
78701
36750
78701
40679
3734
78701
78701
50006
62902
78701
97808
95654
78701
78701
78701
78701
3734
36750
78701
97808
78701
92044
78701
76366
78701
78701
78701
97808
3734
78701
78701
65394
36750
78701
78701
78701
97808
78701
78701
3734
78701
78701
78701
97808
76994
52093
78701
36750
30539
78701
78701
3734
78701
93167
78701
97808
78701
10395
78701
40430
78701
50006
78701
91302
36750
78701
97808
25971
3734
56153
78701
78701
78701
78701
40679
78701
97808
60386
78701
3734
78701
36750
78701
78701
78701
97808
78701
78701
78701
3734
78701
78701
97808
78701
36750
78701
52368
78701
78701
3734
78701
97808
78701
85562
78701
78701
91531
44473
78701
36750
59080
78701
97808
78701
3734
28432
78701
50006
78701
78701
30418
78701
97479
97808
78701
78701
36750
86706
3734
78701
78701
46019
78701
97808
78701
38549
82532
78701
98474
18143
78701
92044
47732
78701
3734
78701
97808
36750
78701
40679
78701
39451
78701
78701
63088
78701
97808
1198
3734
78701
78701
42300
78701
78701
36750
78701
97808
78701
78701
3734
78701
78701
30539
78701
97808
78701
50006
78701
8278
36750
78701
3734
78701
78701
97808
78701
78701
50345
53651
78701
78701
78701
97808
3734
36750
78701
78701
78701
77298
78701
76994
78701
97808
78701
3734
78701
78701
12752
60386
78701
36750
78701
97808
78701
78701
78701
40679
3734
78701
78701
97808
23822
78701
78701
36750
78701
78701
3734
78701
97808
50006
78701
78701
5684
78701
308
78701
78701
97808
36750
78701
3734
78701
78701
78701
78701
97808
90701
87037
78701
78701
41669
3734
78701
78701
36750
78701
97808
92044
78701
52743
78701
78701
78701
3734
78701
97808
78701
78701
36750
78701
50714
78701
78701
97808
3734
78701
78701
78701
78701
50006
78701
97808
40679
97686
36750
78701
78701
3734
30539
78701
78701
78701
97808
78701
78701
27346
78701
10283
3734
36750
78701
6867
78701
97808
78701
38549
78701
78701
78701
78701
97808
3734
78701
78701
36750
78701
78701
78701
97808
78701
3734
78701
78701
78701
78701
97808
36750
78701
78701
60386
78701
50006
3734
78701
78701
97808
44473
78701
78701
55924
78701
76994
36750
78701
3734
78701
97808
78701
40679
78701
78701
78701
99713
78701
97808
78701
3734
78701
36750
78701
78701
78701
97808
78701
78701
92044
3734
78701
78701
78701
97808
36750
78701
78701
78701
78701
3734
8278
78701
97808
78701
21237
78701
50006
78701
36750
86706
78701
78701
97808
3734
78701
78701
78701
78701
97624
78701
97808
30539
78701
43707
20308
78701
36750
3734
78701
78701
83288
78701
97808
78701
78701
78701
40679
3734
78701
78701
97808
36750
78701
70040
78701
78701
24975
78701
78701
97808
3734
78701
78701
78701
36750
78701
78701
97808
87165
50006
78701
81208
3734
78701
78701
78701
32489
78701
97808
33244
78701
36750
78701
78701
3734
78701
78701
97808
78701
60386
78701
78701
78701
3734
78701
97808
36750
78701
38549
78701
78701
78701
78701
97808
59080
78701
3734
78701
29962
78701
36750
78701
62244
92044
78701
97808
40679
78701
90701
76994
78701
97479
52093
94179
3734
78701
78701
50006
78701
97808
24228
78701
36750
78701
78701
89484
78701
3734
78701
97808
18143
78701
78701
78701
78701
56153
78701
97808
36750
3734
78701
16723
78701
78701
30539
78701
78701
97808
78701
78701
3734
78701
36750
78701
78701
97808
75914
78701
78701
52743
78701
3734
78701
78701
97808
78701
36750
78701
91666
78701
50006
78701
78701
97808
3734
78701
85775
5684
78701
40679
78701
78701
78701
97808
36750
78701
3734
78701
7502
44473
78701
95250
78701
78701
97808
78701
78701
77236
78701
36750
3734
78701
78701
97808
78701
78701
63202
78701
78701
95654
60386
3734
78701
97808
14211
78701
36750
78701
8278
78701
78701
78701
97808
78701
3734
78701
92044
17037
50006
78701
78701
36750
78701
97808
78701
78701
39451
3734
78701
97686
78701
1595
78701
97808
78701
6158
78701
78701
36750
78701
3734
40679
78701
97808
56834
78701
78701
78701
78701
78701
97808
76994
3734
78701
38549
36750
30539
78701
78701
78701
78701
97808
78701
78701
3734
78701
78701
36750
86706
78701
97808
78701
50006
78701
78701
25971
3734
78701
78701
97808
78701
98422
78701
78701
36750
78701
78701
97808
3734
78701
78701
78701
78701
78701
97808
78701
36750
3734
78701
79359
78701
78701
78701
97808
78701
40679
78701
78701
37902
3734
78701
36750
78701
97808
78701
78701
78701
78701
3734
78701
97808
50006
78701
78701
78701
36750
60386
78701
92044
78701
97808
78701
3734
78701
78701
28432
78701
78701
97808
36388
78701
36750
78701
3734
78701
90701
78701
78701
97808
78701
78701
78701
64102
78701
3734
46019
36750
78701
97808
78701
78701
78701
98474
78701
78701
97808
30539
3734
78701
78701
36750
78701
40679
78701
50006
78701
97808
78701
78701
3734
78701
78701
78701
97808
78701
36750
42300
78701
78701
3734
78701
76994
78701
97808
78701
44110
78701
78701
78701
36750
78701
97808
2897
44473
3734
78701
50049
78701
29947
78701
78701
8278
78701
97808
78701
38549
3734
78701
36750
78701
78701
78701
97808
78701
78701
78701
52743
50006
3734
78701
78701
97808
78701
36750
78701
78701
78701
3734
78701
89159
97808
40679
91146
78701
92044
78701
78701
78701
36750
78701
97808
48369
78701
3734
12752
59080
60386
78701
25715
78701
78701
78701
97808
78701
78701
254
36750
3734
78701
78701
97479
78701
97808
78701
76849
78701
84477
78701
78701
3734
78701
97808
78701
36750
78701
50006
78701
30539
78701
18143
78701
97808
5684
3734
78701
308
78701
78701
78701
36750
78701
97808
78701
78701
3734
78701
78701
78701
91917
97808
78701
78701
40679
36750
78701
3734
78701
78701
97808
78701
78701
78701
78701
78701
97808
3734
36750
78701
86706
78701
78701
78701
94775
78701
97808
78701
50006
3734
78701
78701
76994
52093
78701
36750
61572
78701
97808
78701
33360
78701
78701
3734
78701
78701
97808
78701
21468
78701
97686
36750
78701
63142
92044
78701
3734
78701
97808
78701
91302
78701
78701
56153
78701
85504
78701
97808
36750
78701
51740
3734
78701
78701
78701
40679
78701
97808
60386
78701
38549
78701
49081
3734
78701
78701
36750
90701
50006
78701
97808
78701
78701
78701
78701
3734
78701
97808
78701
30539
78701
36750
78701
78701
13045
78701
97808
3734
78701
78701
78701
31020
78701
52368
78701
97808
36750
78701
78701
3734
8278
78701
78701
78701
97808
78701
78701
44473
78701
20817
3734
78701
36750
78701
97808
78701
78701
37316
78701
50006
78701
78701
97808
3734
40679
78701
78701
36750
78701
78701
78701
97808
78701
3734
78701
78701
78701
78701
97808
36750
78701
78701
78701
3734
78701
78701
97808
92044
47732
78701
78701
78701
36750
78701
3734
78701
97808
78701
39451
78701
76994
78701
78701
78701
97808
78701
3734
78701
36750
50006
78701
22394
78701
78701
97808
78701
78701
3734
78701
52743
78701
60386
78701
97808
36750
55233
78701
24062
78701
40679
78701
78701
30539
3734
78701
97808
43707
20308
78701
78701
78701
36750
78701
78701
97808
3734
78701
78701
78701
78701
78701
97808
78701
78701
36750
3734
78701
92114
78701
78701
97808
78701
94633
38549
50006
78701
78701
23402
3734
78701
78701
97808
26486
36750
78701
78701
78701
78701
78701
97808
3734
35886
78701
78701
95654
78701
36750
78701
78701
97808
851
78701
33244
3734
78701
78701
78701
40679
78701
97808
78701
78701
36750
86706
92044
8687
78701
3734
78701
78701
97808
33977
78701
78701
78701
78701
3734
78701
97808
36750
50006
78701
78701
78701
78701
5684
78701
97808
78701
3734
78701
59080
78701
36750
38311
78701
78701
97808
78701
78701
3734
78701
78701
8278
78701
97808
90701
87037
76994
78701
97479
36750
78701
55581
30539
60386
78701
78701
3734
51364
78701
97808
78701
78701
78701
78701
78701
97808
36750
17127
3734
78701
40679
78701
18143
78701
78701
50006
88073
44473
78701
97808
78701
25971
78701
3734
78701
36750
78701
78701
97808
6833
78701
78701
78701
3734
78701
78701
97808
78701
36750
78701
78701
18770
78701
78701
97808
3734
97686
78701
78701
78701
78701
60742
78701
97808
36750
78701
3734
78701
78701
78701
92044
78701
97808
78701
27346
78701
78701
50006
3734
36750
78701
78701
97808
78701
38549
78701
85775
78701
40679
78701
3734
78701
97808
78701
36750
78701
78701
78701
7502
78701
97808
78701
50804
95250
3734
78701
78701
78701
78701
97808
36750
28432
78701
78701
3734
78701
78701
78701
97808
30539
1209
78701
78701
78701
5013
36750
78701
3734
78701
97808
78701
60386
78701
50006
14211
78701
78701
46019
78701
97808
3734
78701
36750
78701
78701
78701
98474
76994
78701
97808
52093
78701
78701
3734
78701
78701
52743
36750
78701
97808
40679
78701
78701
78701
3734
78701
78701
97808
78701
78701
78701
36750
78701
45451
78701
97808
3734
42300
78701
78701
56153
78701
78701
78701
97808
78701
50006
36750
52083
92044
3734
78701
78701
78701
78701
97808
78701
78701
78701
53374
3734
78701
36750
78701
97808
78701
78701
8278
78701
78701
3734
78701
97808
78701
78701
78701
36750
86706
78701
78701
97808
78701
3734
78701
40679
78701
78701
28192
78701
97808
73898
78701
97624
47724
36750
78701
3734
78701
30539
78701
78701
97808
50006
78701
90701
78701
78701
78701
3734
36750
78701
97808
78701
79871
38549
78701
44473
78701
51761
78701
12752
60386
78701
97808
3734
78701
78701
78701
36750
78701
31136
78701
97808
78701
78701
3734
24975
78701
78701
37902
78701
97808
78701
36750
78701
78701
3734
78701
78701
97808
78701
78701
78701
76994
50006
78701
40679
36750
78701
97808
81208
3734
16323
78701
78701
5684
78701
92044
70291
78701
308
78701
97808
78701
3734
78701
36750
78701
78701
78701
97808
78701
39451
78701
36388
78701
3734
78701
786
78701
97808
40317
78701
36750
78701
78701
78701
3734
78701
97808
78701
78701
64102
78701
78869
78701
36750
78701
97808
90833
78701
3734
78701
50006
78701
59080
78701
78701
97808
78701
30539
78701
36750
3734
78701
64797
78701
41487
78701
97808
78701
40679
78701
78701
97479
78701
3734
78701
97808
78701
36750
78701
78701
24228
78701
78701
97808
3734
78701
78701
78701
60386
78701
97686
36750
78701
97808
78701
18143
78701
3734
78701
78701
78701
97808
78701
50006
78701
36750
78701
2897
3734
78701
78701
97808
16723
78701
78701
74418
78701
78701
8278
78701
97808
3734
92044
78701
36750
38549
78701
78701
6037
78701
78701
97808
57810
78701
3734
78701
78701
40679
78701
36750
78701
97808
52743
78701
78701
76994
78701
3734
78701
78701
97808
33382
78701
45211
78701
36750
10941
78701
91666
2540
78701
9071
3734
78701
89159
97808
50006
78701
78701
78701
78701
12285
78701
97808
36750
78701
3734
78701
48369
78701
78701
30539
78701
97808
78701
78701
3734
78701
78701
36750
86706
44473
78701
97808
78701
78701
78701
90701
78701
3734
78701
97808
78701
78701
36750
78701
78701
40679
78701
97808
3734
78701
78701
78701
78701
50006
62902
78701
97808
36750
78701
95654
78701
60386
3734
78701
78701
78701
97808
78701
78701
78701
3734
78701
36750
78701
97808
78701
78701
78701
92044
78701
78701
97808
76366
3734
78701
78701
36750
78701
78701
78701
97808
78701
30886
3734
78701
78701
78701
82434
65394
78701
97808
36750
78701
78701
60417
78701
3734
50006
78701
78701
97808
78701
40679
78701
78701
78701
36750
3734
78701
80581
97808
78701
78701
78701
78701
78701
97808
78701
76994
3734
52093
78701
38549
36750
30539
78701
43707
78701
20308
78701
97808
78701
78701
3734
78701
93167
78701
78701
97808
36750
78701
78701
10395
78701
78701
3734
78701
97808
40430
78701
78701
50006
78701
91302
36750
78701
78701
97808
25971
3734
78701
5684
56153
78701
8278
78701
78701
78701
97808
78701
46819
78701
36750
3734
78701
40679
78701
78701
97808
60386
78701
78701
78701
3734
78701
78701
97808
92044
36750
78701
78701
78701
78701
78701
97808
3734
79359
78701
78701
78701
33244
36750
78701
78701
97808
78701
50006
3734
78701
78701
78701
78701
97808
78701
78701
36750
78701
3734
78701
78701
97808
52368
78701
78701
78701
78701
3734
78701
97808
36750
78701
78701
78701
85562
60607
78701
78701
97808
40679
78701
30539
3734
91531
44473
78701
78701
36750
78701
59080
78701
97808
78701
52743
78701
97686
3734
78701
28432
78701
78701
97808
50006
78701
78701
36750
78701
78701
30418
3734
90701
76994
78701
97479
97808
78701
78701
78701
78701
78701
97808
36750
86706
3734
78701
78701
78701
78701
46019
78701
97808
78701
78701
38549
82532
3734
78701
36750
78701
98474
18143
78701
97808
78701
78701
92044
47732
78701
3734
78701
60386
35615
78701
97808
78701
36750
78701
40679
78701
78701
50006
78701
97808
3734
39451
78701
78701
78701
78701
63088
80910
78701
97808
36750
78701
1198
3734
78701
78701
78701
9891
42300
78701
97808
78701
78701
78701
3734
36750
78701
78701
97808
78701
78701
78701
78701
3734
78701
97808
78701
36750
78701
78701
78701
30539
78701
97808
50049
78701
29947
3734
78701
50006
78701
78701
8278
78701
97808
36750
78701
29172
78701
85775
3734
78701
78701
40679
78701
97808
78701
78701
78701
36750
78701
50345
3734
53651
78701
97808
78701
7502
78701
78701
78701
95250
78701
97808
67523
3734
78701
36750
78701
43814
78701
78701
78701
97808
78701
78701
3734
77298
78701
76994
78701
92044
78701
97808
36750
78701
50006
78701
78701
3734
78701
79273
78701
97808
78701
78701
12752
60386
78701
25715
36750
78701
14211
78701
97808
3734
78701
78701
78701
78701
78701
97808
75594
78701
40679
36750
3734
78701
78701
78701
78701
97808
23822
41579
78701
78701
38549
9232
76849
78701
3734
78701
36750
78701
97808
78701
5322
78701
78701
78701
44473
3734
78701
97808
50006
78701
78701
30539
78701
36750
78701
78701
97808
5684
78701
3734
78701
308
78701
78701
78701
97808
78701
36750
78701
3734
78701
78701
78701
97808
37449
78701
78701
78701
78701
3734
36750
78701
97808
90701
78701
87037
78701
42329
78701
40679
78701
78701
97808
41669
3734
78701
78701
78701
36750
78701
50006
78701
97808
78701
92044
36259
78701
3734
52743
78701
78701
78701
97808
78701
36750
69289
86706
78701
78701
3734
78701
78701
97808
78701
78701
78701
78701
36750
78701
97808
3734
78701
50714
60386
78701
76994
78701
52093
78701
78701
97808
53325
78701
56299
3734
78701
78701
36750
78701
78701
97808
78701
78701
8278
78701
3734
50006
78701
21468
78701
97808
40679
97686
78701
36750
78701
63142
81423
21108
78701
78701
3734
78701
97808
30539
78701
78701
78701
78701
36750
82761
78701
97808
56153
78701
3734
85504
78701
78701
78701
78701
97808
37902
27346
59080
78701
78701
10283
3734
36750
78701
78701
6867
11746
95654
78701
97808
78701
78701
38549
78701
78701
3734
78701
97808
78701
36750
78701
97479
50006
78701
78701
78701
97808
3734
78701
78701
78701
92044
78701
36750
78701
97808
78701
78701
40679
3734
78701
78701
78701
97808
78701
13045
78701
36750
78701
18143
30615
3734
36388
78701
78701
97808
78701
78701
31020
78701
78701
78701
97808
3734
78701
36750
78701
78701
78701
78701
97808
60386
78701
50006
3734
64102
78701
78701
78701
36750
78701
97808
99769
78701
44473
78701
78701
3734
43784
78701
54302
78701
97808
55924
78701
76994
78701
89463
36750
78701
30539
8478
78701
3734
78701
97808
78701
46662
78701
78701
40679
78701
78701
97808
78701
36750
3734
78701
78701
99713
78701
78701
97808
78701
78701
3734
78701
78701
36750
78701
97808
50006
78701
78701
78701
25971
78701
3734
78701
97808
78701
78701
90701
36750
78701
78701
4550
78701
97808
92044
3734
78701
78701
78701
78701
78701
97808
36750
78701
2897
78701
3734
78701
4210
44041
78701
78701
97808
39451
78701
78701
78701
3734
78701
36750
8278
78701
97808
40679
78701
78701
38549
21237
78701
88646
78701
50006
78701
97808
3734
22394
78701
8901
78701
36750
86706
78701
78701
5684
78701
97808
48845
78701
3734
78701
78701
44746
52743
60386
78701
78701
97808
36750
78701
78701
62808
78701
97624
3734
78701
78701
97808
63101
78701
30539
78701
43707
78701
20308
78701
36750
3734
78701
89159
97808
98268
78701
78701
62616
78701
83288
78701
78701
97808
78701
3734
78701
36750
78701
50006
78701
41476
48369
78701
97808
76994
47131
78701
78701
40679
3734
78701
78701
78701
97808
28432
36750
78701
78701
70040
78701
78701
3734
78701
97808
78701
94633
78701
55800
24975
92044
33562
78701
78701
36750
78701
97808
3734
78701
78701
78701
26486
78701
78701
97808
78701
41170
78701
36750
3734
78701
78701
46019
78701
97808
78701
35886
87165
50006
78701
78701
81208
3734
78701
78701
97808
98474
36750
78701
78701
78701
32489
78701
97686
78701
97808
33244
3734
78701
78701
78701
44473
36750
78701
40679
78701
97808
78701
3734
78701
78701
78701
78701
97808
78701
78701
36750
60386
78701
3734
33977
78701
30539
78701
97808
78701
89181
78701
78701
42300
78701
3734
78701
97808
36750
50006
78701
59412
78701
38549
78701
78701
78701
97808
78701
3734
48400
78701
78701
36750
78701
78701
97808
78701
59080
78701
3734
78701
13339
78701
32795
29962
78701
97808
78701
78701
36750
78701
64301
78701
62244
3734
92044
78701
97808
78701
40679
78701
8278
78701
90701
76994
78701
97479
52093
78701
97808
36750
94179
3734
78701
77319
78701
78701
78701
84760
51364
50006
78701
97808
78701
24228
78701
3734
78701
36750
78701
78701
97808
78701
89484
78701
78701
3734
78701
78701
97808
78701
18143
78701
36750
9647
78701
78701
78701
97808
3734
78701
91302
78701
78701
78701
99959
72734
56153
78701
97808
36750
78701
3734
78701
45490
78701
16723
78701
78701
97808
78701
12797
78701
30539
78701
3734
40679
36750
50006
86706
78701
78701
97808
12752
60386
78701
78701
78701
78701
3734
78701
97808
78701
36750
78701
78701
78701
78701
97808
78701
3734
75914
78701
78701
78701
60742
52743
78701
97808
36750
78701
78701
3734
78701
78701
78701
97808
78701
92044
78701
78701
36750
78701
91666
3734
78701
97808
63373
78701
78701
50006
78701
78701
78701
97808
3734
78701
36750
78701
52368
38549
78701
85775
5684
78701
7901
78701
97808
308
40679
78701
78701
3734
78701
78701
78701
97808
36750
78701
78701
76994
78701
3734
78701
7502
78701
97808
44473
78701
50804
95250
78701
73818
78701
36750
78701
78701
97808
3734
78701
78701
78701
78701
78701
97808
77236
78701
88152
50006
36750
3734
78701
78701
78701
78701
97808
30539
78701
1209
78701
60318
78701
3734
78701
63202
78701
97808
5013
36750
33218
78701
78701
78701
95654
78701
60386
3734
78701
97808
78701
14211
78701
40679
78701
36750
78701
8278
78701
97808
78701
3734
78701
78701
78701
78701
97808
78701
36750
78701
3734
78701
5159
78701
92044
47732
78701
97808
17037
50006
78701
78701
99269
51724
78701
78701
3734
36750
78701
97808
78701
4547
78701
78701
78701
90701
39451
78701
97808
3734
78701
78701
97686
78701
1595
36750
78701
78701
97808
78701
78701
3734
6158
78701
78701
45451
69879
78701
97808
78701
36750
78701
78701
90536
3734
78701
40679
78701
97808
78701
56834
78701
78701
78701
50006
36750
78701
97808
3734
78701
78701
78701
78701
78701
97808
78701
76994
3734
78701
38549
78701
36750
30539
78701
49532
53374
78701
97808
78701
78701
78701
3734
78701
78701
97808
78701
36750
78701
78701
78701
3734
78701
97808
78701
78701
78701
60386
78701
36750
86706
78701
97808
78701
3734
78701
16678
41003
78701
50006
78701
78701
97808
78701
40679
92044
78701
25971
3734
59080
78701
36750
62091
78701
78701
97808
78701
78701
78701
98422
78701
3734
78701
97808
78701
36750
78701
78701
78701
78701
97808
3734
78701
97479
78701
78701
78701
36750
78701
97808
52743
78701
78701
3734
79871
78701
44473
78701
78701
97808
78701
78701
50006
36750
78701
3734
78701
79359
78701
97808
78701
78701
78701
78701
78701
97808
96365
3734
18143
16101
78701
36750
78701
40679
78701
78701
78701
97808
78701
37902
3734
78701
30539
8278
78701
78701
36750
78701
97808
78701
78701
78701
3734
78701
78701
97808
78701
78701
36750
78701
78701
3734
78701
97808
76994
50006
78701
52093
78701
78701
78701
78701
97808
67696
78701
36750
3734
60386
5684
78701
78701
92044
78701
78701
97808
78701
78701
38549
3734
78701
78701
36750
78701
97808
78701
78701
28432
78701
78701
3734
40679
78701
97808
36388
78701
23746
78701
36750
78701
78701
78701
97808
3734
78701
90701
87037
78701
78701
56153
78701
50006
78701
97808
78701
36750
78701
3734
907
78701
78701
78701
97808
78701
64102
78701
78869
78701
3734
78701
46019
36750
90732
9786
78701
97808
78701
78701
78701
81555
78701
78701
97808
3734
78701
98474
78701
36750
78701
78701
78701
97808
30539
78701
43707
3734
78701
20308
78701
78701
78701
97808
36750
78701
40679
78701
72122
78701
3734
50006
78701
78701
97808
78701
96423
17774
78701
78701
78701
36750
3734
78701
97808
78701
78701
78701
78701
87486
78701
97808
92044
78701
3734
78701
36750
42300
39636
78701
78701
78701
97808
60386
78701
97686
78701
3734
78701
78701
76994
78701
97808
36750
86706
78701
78701
78701
44110
78701
3734
78701
97808
78701
78701
50006
89434
78701
78701
36750
78701
97808
2897
44473
3734
78701
78701
7902
78701
50049
40679
78701
27346
78701
97808
29947
78701
78701
3734
36750
78701
78701
8278
78701
97808
78701
78701
38549
78701
3734
78701
78701
97808
36750
78701
33244
78701
78701
57810
78701
78701
97808
3734
78701
48162
78701
78701
30539
78701
36750
78701
97808
78701
52743
50006
3734
78701
78701
78701
78701
97808
78701
78701
36750
78701
33382
3734
78701
78701
97808
78701
78701
78701
78701
63397
3734
78701
89159
97808
40679
91146
36750
78701
78701
92044
78701
78701
78701
97808
24732
78701
3734
12285
78701
78701
36750
78701
78701
97808
78701
48369
78701
3734
78701
12752
59080
60386
78701
25715
39451
78701
97808
50006
78701
27309
78701
36750
78701
78701
3734
78701
97808
78701
78701
78701
78701
254
78701
97808
36750
3734
78701
78701
90701
76994
78701
97479
78701
78701
97808
78701
2146
78701
36526
3734
83526
78701
36750
76849
78701
84477
78701
97808
78701
78701
40679
78701
3734
78701
78701
97808
78701
78701
36750
78701
78701
50006
62902
78701
97808
3734
78701
30539
95654
78701
78701
18143
78701
78701
97808
36750
5684
78701
3734
78701
78701
308
78701
78701
97808
78701
78701
5312
78701
3734
36750
78701
78701
97808
78701
78701
78701
38549
78701
92044
3734
78701
97808
78701
78701
36750
76366
78701
78701
78701
91917
97808
78701
3734
78701
78701
50006
78701
40679
70736
78701
97808
36750
78701
78701
3734
78701
78701
78701
97808
78701
78701
8278
65394
60386
44473
78701
36750
78701
3734
78701
97808
78701
78701
78701
78701
78701
97808
3734
78701
36750
78701
86706
78701
78701
90855
78701
97808
23343
78701
78701
3734
78701
78701
94775
78701
97808
36750
78701
78701
50006
78701
3734
78701
67389
78701
97624
97808
78701
76994
78701
52093
78701
85775
36750
14956
61572
78701
30539
26057
78701
97808
3734
78701
40679
78701
33360
78701
78701
78701
97808
78701
36750
3734
78701
93167
78701
78701
78701
97808
81691
78701
7502
78701
21468
78701
3734
78701
97686
10395
95250
78701
97808
36750
78701
63142
92044
78701
40430
78701
78701
3734
78701
97808
78701
50006
94427
78701
78701
91302
36750
78701
78701
97808
25971
78701
3734
78701
52743
56153
78701
78701
85504
78701
97808
12180
78701
24975
36750
78701
51740
3734
78701
78701
78701
97808
78701
78701
78701
84480
40679
78701
50080
3734
78701
97808
36750
78701
60386
78701
78701
38549
14211
78701
78701
97808
49081
3734
78701
78701
78701
36750
90701
78701
50006
78701
97808
78701
78701
81208
3734
78701
78701
78701
97808
78701
36750
78701
78701
3734
78701
78701
97808
78701
78701
30621
30539
78701
78701
36940
36750
78701
97808
3734
78701
78701
24409
78701
13045
78701
78701
97808
78701
3734
78701
78701
36750
78701
78701
97808
40679
67833
76994
78701
31020
78701
78701
3734
24271
92044
50006
52368
78701
78701
97808
78701
36750
78701
78701
78701
3734
8278
78701
97808
78701
78701
78701
78701
36750
78701
97808
85562
78701
3734
78701
78701
78701
91531
78701
97808
44473
99439
78701
58506
20817
78701
3734
78701
36750
78701
59080
78701
97808
78701
78701
8670
78701
78701
3734
37316
28432
78701
97808
78701
36750
78701
50006
78701
78701
60386
78701
97808
3734
78701
40679
78701
78701
78701
30418
5684
36750
78701
97479
97808
62255
78701
78701
3734
78701
78701
78701
97808
78701
78701
78701
36750
86706
3734
24228
78701
78701
97808
30539
78701
78701
78701
78701
46019
78701
97808
4986
3734
78701
36750
78701
78701
38549
82532
78701
78701
97808
78701
50006
3734
78701
98474
18143
78701
78701
36750
78701
97808
92044
78701
47732
78701
78701
3734
78701
78701
97808
78701
78701
36750
78701
40679
78701
3734
78701
97808
78701
16723
78701
78701
14224
39451
78701
76994
78701
97808
78701
36750
3734
78701
78701
78701
63088
78701
97808
78701
1198
78701
58227
3734
78701
66123
78701
36750
78701
97808
50006
78701
42300
78701
22394
78701
78701
3734
78701
97808
78701
92850
11985
78701
36750
78701
78701
78701
97808
3734
78701
53724
78701
37902
52743
78701
60386
78701
90701
78701
97808
78701
36750
55233
78701
3734
24062
78701
78701
78701
97808
40679
78701
78701
78701
30539
3734
78701
36750
78701
91666
97808
43707
78701
20308
78701
97686
78701
78701
50006
78701
97808
3734
78701
78701
8278
36750
78701
78701
78701
97808
78701
3734
78701
92044
78701
78701
78701
97808
78701
36750
78701
78701
3734
78701
78701
97808
78701
50345
78701
53651
78701
78701
36750
3734
78701
97808
78701
92114
78701
44473
36388
78701
78701
78701
97808
78701
3734
78701
94633
36750
40679
78701
38549
50006
78701
78701
97808
78701
78701
23402
3734
78701
78701
78701
97808
26486
36750
78701
77298
78701
78701
76994
78701
3734
52093
78701
97808
64102
78701
78701
78701
78701
36750
78701
97808
3734
78701
35886
78701
75564
78701
78701
78701
95654
97808
78701
12752
60386
78701
3734
36750
69169
78701
78701
78701
97808
78701
851
30539
78701
50006
78701
33244
3734
78701
78701
97808
36750
78701
78701
78701
78701
40679
78701
97808
3734
78701
78701
78701
78701
36750
86706
78701
92044
97808
8687
78701
23822
3734
56153
78701
78701
78701
78701
97808
78701
33977
78701
36750
78701
3734
78701
78701
97808
78701
78701
78701
78701
3734
78701
97808
36750
78701
50006
78701
78701
78701
78701
97808
78701
3734
78701
78701
5684
78701
36750
78701
97808
78701
308
78701
3734
78701
78701
31687
78701
97808
59080
78701
40679
78701
36750
38311
78701
93186
2897
78701
3734
78701
97808
78701
78701
78701
78701
78701
97808
36750
3734
78701
78701
78701
78701
8278
78701
97808
50006
78701
90701
87037
76994
78701
97479
3734
78701
38549
36750
78701
55581
30539
78701
97808
60386
78701
78701
78701
41669
3734
78701
51364
78701
97808
78701
33542
78701
36750
78701
78701
78701
97808
3734
78701
78701
73337
92044
78701
52743
78701
78701
97808
36750
78701
17127
3734
78701
78701
40679
3395
78701
78701
97808
18143
78701
78701
78701
3734
36750
50006
78701
88073
44473
78701
97808
78701
78701
78701
446
25971
78701
72252
3734
78701
89159
97808
78701
78701
36750
78701
78701
50714
78701
97808
6833
78701
3734
78701
78701
78701
78701
97808
36750
78701
78701
3734
78701
48369
78701
78701
97808
78701
78701
78701
36750
78701
3734
78701
97808
78701
18770
78701
50006
78701
42840
78701
78701
97808
40679
20458
3734
78701
97686
78701
36750
78701
12381
78701
78701
97808
78701
78701
3734
79359
78701
30539
60742
78701
78701
97808
36750
78701
78701
78701
3734
78701
60386
78701
97808
78701
78701
78701
36750
78701
92044
78701
97808
3734
84037
76994
78701
78701
78701
27346
78701
78701
97808
78701
10283
50006
3734
36750
78701
78701
6867
78701
78701
97808
78701
78701
84561
78701
3734
39451
38549
78701
85775
78701
97808
36750
86706
78701
78701
40679
78701
78701
3734
78701
97808
78701
34215
78701
78701
36750
78701
78701
97808
78701
3734
78701
78701
78701
7502
78701
97808
78701
36750
78701
50804
95250
8278
3734
78701
78701
78701
97808
50006
78701
78701
78701
37176
78701
3734
78701
97808
36750
70674
78701
28432
78701
78701
78701
78701
97808
3734
78701
78701
78701
36750
78701
25576
78701
97808
78701
30539
1209
78701
3734
90701
78701
78701
40679
78701
97808
78701
5013
36750
78701
78701
3734
78701
78701
97808
78701
92044
78701
60386
78701
78701
50006
65412
78701
97808
36750
14211
3734
78701
78701
78701
46019
78701
78701
97808
78701
3734
78701
44473
5684
78701
36750
78701
78701
97808
78701
78701
78701
98474
55924
3734
78701
76994
78701
97808
52093
78701
36750
78701
78701
69467
78701
3734
78701
97808
78701
78701
11068
78701
78701
52743
36750
78701
97808
40679
78701
3734
78701
78701
18852
50006
78701
78701
97808
78701
78701
99713
3734
78701
36750
78701
78701
97808
78701
59080
78701
78701
87443
38549
78701
3734
99639
78701
97808
78701
36750
78701
78701
78701
17957
45451
78701
97808
91302
3734
42300
78701
78701
78701
78701
30539
36750
78701
97808
56153
78701
78701
3734
78701
78701
97479
78701
97808
83060
78701
78701
50006
78701
36750
52083
92044
3734
78701
78701
97808
93704
78701
78701
40679
78701
78701
78701
97808
3734
78701
60386
36750
78701
78701
78701
78701
97808
78701
53374
3734
50049
78701
78701
29947
78701
36750
78701
97808
78701
78701
73252
78701
3734
78701
68328
18143
8278
78701
97808
7709
78701
78701
78701
36750
78701
21237
3734
78701
97808
99686
7117
78701
50006
78701
78701
78701
78701
97808
78701
36750
86706
3734
78701
78701
76994
78701
97686
78701
97808
78701
78701
3734
78701
95654
78701
36750
40679
78701
97808
78701
78701
78701
78701
28192
3734
78701
97808
73898
78701
35571
78701
97624
47724
36750
78701
78701
78701
97808
52368
3734
78701
57520
78701
30539
78701
78701
43707
87742
78701
97808
50006
20308
78701
36750
78701
3734
78701
90701
78701
78701
97808
92044
78701
78701
83288
78701
3734
78701
36750
78701
97808
78701
74150
78701
78701
79871
38549
78701
44473
78701
97808
3734
78701
51761
16377
78701
36750
78701
78701
12752
60386
78701
97808
25715
78701
40679
3734
78701
78701
78701
78701
97808
78701
36750
78701
78701
70040
3734
78701
50006
16253
31136
78701
97808
78701
13898
78701
78701
78701
36750
3734
78701
97808
24975
78701
78701
78701
37902
78701
78701
97808
78701
3734
78701
36750
78701
78701
76849
78701
97808
78701
78701
3734
78701
78701
78701
97808
78701
36750
78701
78701
78701
3734
78701
97808
78701
87529
78701
87165
76994
50006
78701
62030
40679
78701
36750
78701
97808
81208
30539
52743
3734
16323
78701
78701
78701
78701
78701
97808
5684
78701
78701
3734
92044
36750
70291
78701
32489
308
47732
78701
78701
97808
33244
78701
78701
78701
3734
78701
78701
97808
36750
78701
78701
8278
78701
78701
78701
97808
3734
78701
78701
39451
78701
78701
36750
36388
78701
97808
78701
50006
3734
78701
78701
60386
78701
786
78701
97808
78701
40317
78701
25971
36750
78701
3734
78701
78701
97808
40679
78701
78701
78701
78701
3734
78701
97808
36750
78701
78701
78701
38549
78701
78701
97808
64102
78701
78869
3734
78701
78701
78701
36750
78701
97808
90833
78701
78701
3734
78701
78701
78701
97808
50006
78701
78701
36750
86706
59080
78701
78701
3734
78701
97808
78701
78701
29962
78701
30539
78701
78701
97808
59693
36750
3734
78701
78701
64797
78701
41487
62244
78701
92044
78701
97808
78701
78701
40679
3734
78701
78701
36750
78701
97808
90701
76994
78701
97479
44473
78701
52093
78701
94179
3734
78701
78701
97808
78701
78701
36750
78701
78701
50006
78701
97808
3734
78701
24228
78701
78701
78701
78701
97808
36750
78701
3734
78701
78701
78701
89484
78701
97808
21468
78701
78701
60386
78701
97686
3734
36750
78701
78701
97808
63142
78701
5020
78701
18143
78701
78701
3734
78701
97808
78701
78701
36750
78701
78701
40679
78701
97808
78701
3734
78701
78701
50006
78701
56153
78701
97808
91745
36750
78701
85504
78701
2897
3734
78701
78701
78701
97808
85856
16723
78701
78701
78701
36750
78701
3734
74418
78701
97808
78701
30539
78701
78701
78701
28432
8278
78701
97808
68895
3734
78701
92044
78701
36750
78701
38549
78701
28357
78701
97808
78701
78701
6037
3734
78701
78701
78701
97808
36750
57810
78701
78701
50006
78701
3734
78701
78701
97808
78701
40679
78701
75914
78701
36750
78701
40856
78701
97808
3734
78701
52743
78701
78701
78701
76994
78701
97808
78701
3734
78701
36750
78701
46019
78701
78701
97808
78701
33382
78701
45211
78701
3734
78701
78701
97808
36750
13045
60386
10941
78701
91666
2540
78701
63992
78701
98474
78701
9071
3734
78701
89159
97808
78701
50006
78701
78701
36750
78701
78701
97808
31020
78701
3734
78701
78701
78701
12285
85775
5684
78701
97808
78701
36750
78701
3734
78701
40679
78701
78701
97808
48369
78701
78701
78701
79392
78701
53245
3734
30539
78701
97808
36750
78701
78701
78701
92044
78701
78701
97808
3734
78701
7502
78701
78701
36750
86706
44473
78701
78701
97808
95250
50006
78701
80675
78701
3734
78701
78701
78701
97808
42300
78701
90701
36750
78701
87037
78701
3734
78701
78701
97808
78701
78701
78701
77236
31352
78701
78701
97808
36750
3734
78701
78701
78701
78701
40679
78701
97808
78701
39825
3734
78701
78701
36750
78701
38549
78701
97808
78701
78701
63202
78701
3734
78701
50006
62902
78701
97808
78701
36750
78701
95654
78701
76994
78701
60386
3734
78701
97808
78701
78701
14211
78701
96078
78701
36201
78701
97808
36750
78701
3734
78701
8278
78701
78701
78701
97808
78701
95025
78701
3734
78701
36750
78701
78701
97808
78701
78701
30539
78701
59080
78701
3734
78701
97808
78701
92044
36750
40679
78701
78701
17037
50006
78701
78701
97808
76366
3734
78701
78701
78701
78701
36750
78701
97808
78701
78701
3734
78701
78701
78701
97808
78701
78701
39451
30886
78701
97479
36750
3734
78701
78701
97808
47144
78701
97686
78701
1595
78701
82434
78701
65394
78701
97808
3734
78701
36750
78701
78701
78701
66091
6158
60417
78701
97808
78701
3734
50006
78701
78701
78701
22394
36750
78701
97808
78701
78701
78701
3734
40679
78701
78701
97808
78701
56834
78701
78701
36750
87155
78701
3734
78701
80581
97808
78701
18143
78701
27346
52743
12752
60386
78701
78701
58996
78701
97808
78701
3734
36750
78701
78701
78701
78701
97808
78701
78701
76994
3734
78701
52093
78701
38549
36750
78701
97808
50006
30539
78701
78701
43707
78701
92044
78701
3734
20308
78701
97808
78701
44473
78701
78701
36750
78701
78701
97808
10911
3734
78701
93167
78701
78701
78701
78701
97808
40679
78701
36750
78701
3734
78701
78701
78701
97808
10395
78701
78701
90701
78701
3734
78701
36750
86706
78701
97808
40430
78701
83632
78701
78701
78701
50006
78701
97808
3734
78701
78701
91302
36750
78701
78701
78701
97808
25971
78701
54154
3734
78701
78701
5684
56153
78701
8278
78701
97808
78701
36750
308
78701
94633
78701
3734
78701
98422
29712
78701
97808
78701
78701
46819
78701
78701
36750
3734
78701
97808
78701
78701
40679
78701
26486
78701
78701
97808
78701
3734
60386
78701
36750
78701
50006
78701
78701
97808
78701
78701
3734
78701
78701
30539
78701
97808
92044
78701
36750
35886
78701
78701
78701
3734
78701
97808
78701
78701
78701
78701
36750
78701
97808
3734
78701
79359
76994
78701
78701
78701
78701
97808
78701
33244
78701
3734
36750
78701
78701
78701
97808
78701
78701
50006
78701
3734
78701
38549
40679
78701
97808
78701
36750
78701
78701
78701
37902
78701
97808
3734
78701
78701
78701
78701
36750
78701
97808
2479
78701
3734
78701
78701
78701
33977
78701
97808
78701
52368
78701
36750
78701
3734
78701
2935
78701
97808
78701
78701
78701
78701
3734
78701
97808
36750
78701
50006
78701
85963
78701
78701
78701
97808
78701
3734
85562
78701
24363
60607
78701
78701
36750
78701
97808
60386
96428
78701
40679
78701
30539
92044
3734
78701
91531
44473
78701
78701
97808
78701
78701
36750
78701
78701
3734
59080
78701
97808
78701
78701
78701
52743
78701
97686
78701
97808
36750
3734
78701
28432
78701
92165
78701
78701
78701
97808
50006
78701
36388
78701
3734
78701
78701
36750
78701
97808
78701
78701
8278
78701
30418
3734
78701
90701
76994
78701
97479
97808
78701
78701
36750
78701
78701
78701
97808
3734
78701
78701
91403
78701
40679
51364
78701
28268
78701
97808
36750
86706
78701
16544
3734
78701
78701
78701
64102
78701
97808
78701
78701
78701
3734
46019
78701
36750
50006
78701
97808
78701
78701
78701
78701
38549
82532
3734
78701
97808
78701
81257
35374
78701
36750
78701
78701
97624
98474
18143
78701
97808
78701
3734
78701
19377
78701
78701
92044
78701
97808
30539
36750
47732
78701
78701
3734
78701
60386
35615
78701
78701
97808
78701
31648
78701
78701
93542
36750
78701
3734
78701
97808
40679
78701
78701
78701
50006
78701
78701
97808
3734
78701
39451
78701
36750
78701
96395
78701
78701
97808
78701
78701
5684
3734
78701
63088
78701
80910
78701
97808
36750
78701
78701
1198
78701
3734
78701
78701
97808
27226
78701
78701
78701
9891
55968
36750
78701
42300
78701
97808
3734
95654
78701
78701
78701
78701
78701
97808
78701
3734
78701
50006
36750
78701
76994
78701
78701
97808
24975
52093
78701
78701
40679
42111
78701
3734
60742
78701
78701
97808
44110
36750
78701
78701
78701
78701
3734
78701
97808
78701
78701
78701
36750
78701
78701
97808
2897
44473
78701
3734
92044
78701
78701
30539
78701
78701
97808
50049
78701
32671
78701
36750
29947
3734
78701
78701
78701
97808
50006
78701
78701
60386
78701
81208
78701
3734
8278
78701
97808
36750
78701
78701
78701
29172
78701
38549
78701
85775
97808
3734
78701
78701
78701
36750
40679
78701
78701
97808
78701
78701
3734
56153
78701
78701
78701
97808
78701
36750
78701
23334
78701
11052
50345
3734
78701
53651
78701
97808
90701
78701
78701
78701
7502
78701
52743
50006
78701
97808
36750
3734
78701
78701
50804
78701
95250
78701
78701
97808
67523
78701
3734
78701
78701
36750
78701
43814
78701
97808
42434
78701
70117
78701
78701
3734
25860
78701
78701
97808
78701
36750
86706
78701
78701
78701
3734
78701
89159
97808
77298
40679
91146
78701
78701
76994
78701
92044
78701
78701
97808
36750
78701
3734
30539
78701
1209
78701
97686
50006
78701
78701
97808
78701
78701
3734
78701
5013
36750
79273
78701
78701
97808
78701
78701
48369
78701
78701
3734
78701
97808
12752
59080
60386
78701
25715
36750
78701
58555
78701
62292
14211
78701
78701
97808
3734
78701
78701
78701
78701
23474
78701
97808
36750
78701
78701
3734
78701
78701
78701
97808
75594
78701
254
78701
50006
40679
78701
36750
3734
78701
78701
97808
78701
78701
97479
78701
78701
25971
78701
97808
3734
78701
23822
41579
36750
78701
75606
78701
78701
38549
78701
97808
8024
9232
76849
78701
3734
78701
84477
78701
78701
74448
24228
36750
78701
97808
78701
78701
78701
3734
5322
78701
78701
97808
78701
78701
78701
44473
36750
78701
3734
78701
97808
92044
78701
50006
78701
8278
78701
78701
30539
78701
97808
78701
3734
36750
12981
43707
78701
78701
18143
20308
78701
47281
40679
78701
97808
78701
5684
78701
3734
78701
45451
78701
308
36750
78701
97808
78701
76994
78701
78701
78701
3734
78701
97808
78701
78701
78701
36750
78701
60386
78701
97808
3734
78701
78701
78701
16723
78701
78701
97808
50006
78701
36750
37449
78701
3734
78701
78701
78701
97808
78701
78701
78701
3734
78701
36750
78701
91917
97808
78701
90701
78701
87037
78701
78701
42329
78701
97808
3734
78701
40679
78701
53374
78701
36750
78701
78701
97808
41669
78701
3734
78701
15752
78701
3214
78701
78701
97808
78701
36750
78701
78701
3734
78701
50006
78701
97808
78701
78701
92044
78701
36259
78701
36750
3734
78701
97808
52743
78701
78701
30539
78701
13538
78701
78701
97808
78701
3734
78701
36750
69289
78701
86706
78701
38549
78701
97808
78701
78701
3734
78701
78701
78701
97808
78701
36750
39451
78701
91666
78701
40679
78701
94775
3734
78701
97808
78701
78701
78701
50006
78701
36750
78701
97808
30602
3734
78701
78701
78701
50714
60386
28432
33244
78701
78701
97808
76994
78701
52093
78701
3734
36750
78701
61572
78701
78701
97808
78701
53325
78701
78701
56299
3734
78701
33360
78701
97808
78701
36750
78701
78701
78701
78701
97808
3734
78701
78701
78701
78701
36750
8278
78701
97808
78701
3734
78701
50006
78701
21468
78701
79871
78701
97808
40679
44473
32222
78701
97686
78701
36750
78701
3734
7591
78701
63142
81423
92044
21108
78701
97808
78701
78701
78701
46019
78701
3734
78701
97808
30539
78701
36750
78701
78701
78701
91302
78701
97808
78701
3734
78701
78701
78701
36750
82761
78701
97808
98474
78701
56153
78701
3734
78701
85504
78701
78701
97808
78701
50006
4448
78701
36750
78701
33614
51740
78701
3734
78701
97808
37902
78701
27346
59080
78701
78701
78701
78701
97808
10283
3734
36750
78701
78701
40679
78701
6867
11746
78701
95654
78701
97808
78701
60386
78701
3734
78701
78701
36750
38549
78701
97808
78701
78701
78701
49081
63630
3734
78701
78701
97808
78701
78701
36750
90701
78701
76994
78701
97479
50006
78701
97808
3734
78701
78701
78701
78701
78701
97808
36750
78701
3734
78701
78701
42300
78701
5684
78701
97808
78701
78701
92044
78701
3734
78701
36750
78701
97808
78701
78701
78701
30539
78701
40679
3734
78701
97808
78701
87146
78701
36750
78701
78701
92279
78701
97808
37946
78701
3734
78701
27080
13045
78701
50006
78701
78701
97808
36750
78701
18143
78701
30615
3734
36388
78701
78701
78701
97808
78701
78701
78701
78701
36750
86706
3734
78701
97808
31020
78701
52743
78701
78701
52368
78701
78701
97808
3734
78701
78701
36750
78701
78701
78701
97808
78701
