15083
73610
91197
15083
36025
93114
13448
73610
97509
15083
91197
15083
36025
93114
73610
13448
91197
15083
82244
42025
73610
97509
15083
36025
47770
93114
9825
13448
91197
32137
39852
73610
15083
20024
94040
81638
73045
15083
36025
91197
37769
93114
73610
88371
97509
13448
15083
73610
91197
29004
15083
82244
36025
42025
93114
37072
13448
15083
73610
97509
91197
47838
15083
36025
15751
47770
93114
73610
9825
13448
91197
15083
32137
39852
73610
15083
66331
97509
36025
93114
91197
20024
94040
14159
81638
15083
82244
13448
73634
73610
42025
73045
15083
36025
91197
37769
93114
73610
88371
52203
15083
97509
13448
91197
73610
15083
36025
47770
22879
93114
67856
15083
9825
73610
13448
91197
22630
29004
32137
97509
15083
82244
13698
36025
39852
42025
93114
73610
15083
37072
17571
91197
24708
13448
77085
15083
73610
20024
94040
36025
81638
97509
93114
91197
55715
15083
64480
91045
43125
23802
73610
13448
73045
47838
15083
55159
36025
91197
15751
47770
37769
93114
73610
88371
15083
82244
97509
9825
42025
13448
91197
15083
73610
32137
36025
93114
15083
39852
81105
91197
73610
13448
15083
66331
97509
36025
16918
93114
15083
73610
91197
29004
20024
94040
14159
81638
15083
82244
13448
73634
73610
36025
47770
42025
91197
93114
15083
97509
37072
73045
85525
73610
15083
9825
98661
13448
36025
91197
66139
32137
15083
37769
93114
73610
88371
65631
43095
52203
15083
97509
39852
91197
97482
13448
36025
73610
15083
82244
93114
91197
47838
73610
42025
15083
36025
15751
13448
47770
97509
20024
94040
15083
22879
93114
91629
73610
91197
81638
67856
15083
9825
36025
73610
13448
91197
15083
22630
29004
93114
86623
32137
73045
97509
15083
82244
73610
13698
36025
69781
91197
74393
13448
39852
15083
42025
37769
93114
73610
88371
24764
15083
37072
17571
91197
35893
66331
97509
36025
24708
73610
47770
15083
13448
93114
77085
91197
32988
15083
73610
20024
94040
14159
36025
9825
81638
15083
82244
13448
73634
97509
93114
91197
73610
86803
55715
62760
15083
32137
42025
64480
91045
36025
43125
23802
73610
15083
91197
13448
73045
93114
57605
39852
47838
54560
15083
97509
55159
73610
13800
36025
91197
15751
51581
15083
29004
47770
87842
31789
13448
37769
93114
73610
88371
15083
82244
91197
70035
52203
36025
68841
73553
15083
97509
73610
9825
42025
20024
13448
93114
94040
91197
15083
81638
73610
37072
32137
36025
15083
92805
91197
82862
93114
13448
97509
73610
15083
39852
81105
83821
36025
15083
82244
47770
91197
73610
73045
22879
93114
95891
13448
15083
42025
66331
73610
97509
67856
36025
91197
11678
15083
28518
16918
86679
9825
14195
37769
93114
15083
73610
88371
13448
91197
22630
36025
29004
33913
56538
20024
15083
94040
84851
32137
14159
73610
97509
47838
93114
81638
15083
82244
91197
13448
73634
13698
73610
36025
15751
76905
15083
6063
47770
39852
42025
91197
37789
93114
82400
15083
99222
73610
97509
13448
36025
15083
37072
32776
17571
73045
91197
85525
73610
15083
93114
9825
24708
29414
98661
13448
8704
36025
73610
91197
15083
82244
31366
97509
66139
77085
32137
15083
37769
93114
73610
88371
20024
94040
86661
91197
13448
42025
36025
15083
85310
65631
43095
47770
52203
81638
73610
15083
97509
39852
93114
91197
97482
33808
29004
55715
13448
36025
15083
73610
61469
21561
46135
64480
91197
91045
43125
15083
82244
93114
70614
23802
73610
9825
66331
51861
97509
36025
13448
15083
73045
91197
47838
73610
42025
56254
15083
36752
93114
32137
55159
36025
15083
91197
15751
13448
73610
47770
37072
97509
20351
20024
94040
15083
22879
26054
14159
37769
93114
91629
73610
88371
91197
39852
81638
70496
36025
15083
82244
13448
73634
67856
57530
73610
15083
91197
93114
97509
10701
9825
15083
42025
36025
73610
13448
91197
15083
22630
29004
93114
86623
60227
18407
73610
15083
32137
36025
73045
97509
18846
96459
91197
13448
47770
15083
82244
73610
93114
13698
15083
36025
20024
69781
94040
91197
68336
74393
73610
13448
39852
81105
15083
42025
97509
81638
43200
37769
93114
91197
2547
73610
88371
15083
36025
24764
9825
47838
13448
15083
37072
73610
52203
17571
91197
35893
93114
66331
90689
15083
82244
97509
36025
15751
24708
32137
73610
47770
15083
13448
91197
16918
93114
15083
73610
73045
36025
42025
85594
77085
91197
97509
32988
15083
13448
29004
73610
20024
94040
39852
93114
16304
66780
15083
14159
36025
91197
9825
73610
81638
15083
82244
13448
73634
97509
37769
93114
91197
15083
73610
88371
36025
86803
55715
83710
62760
47770
15083
32137
61389
42025
13448
91197
73610
22879
64480
93114
15083
91045
36025
43125
39975
97509
33211
23802
73610
15083
91197
26698
67856
37072
13448
73045
93114
15083
82244
57605
85525
36025
73610
39852
47838
91197
20024
54560
94040
15083
9825
97509
98661
55159
73610
13448
15083
93114
13800
36025
91197
81638
15751
42025
22630
51581
15083
29004
47770
87842
73610
31789
30047
66139
32137
13448
15083
91197
66331
37769
93114
97509
36025
73610
88371
29727
15083
82244
89330
99451
96418
65631
43095
91197
6053
70035
73610
87417
15083
13698
13448
52203
93114
80525
36025
68841
73553
15083
97509
76315
39852
73610
91197
97482
9825
42025
26808
73045
15083
74247
20024
13448
93114
94040
36025
73610
91197
14159
15054
15083
47770
97610
97509
81638
15083
82244
73610
37072
74630
93114
50859
13448
32137
36025
17571
73634
91197
15083
73610
22158
92805
24708
15083
80745
91197
82862
37769
93114
36025
13448
47838
97509
73610
88371
42025
29004
15083
65546
27387
91197
39852
15083
9825
73610
81105
83821
93114
36025
77085
15751
13448
15083
82244
47770
91197
97509
73610
20024
94040
73045
15083
22879
58403
36025
93114
91629
95891
13448
73610
32137
15083
91197
47371
81638
25058
42025
15083
66331
73610
97509
67856
36025
93114
91197
11678
6928
13448
15083
65060
44662
55715
73610
28518
15083
82244
16918
86679
91197
9825
36025
14195
37769
93114
37072
39852
15083
73610
88371
85137
64480
13448
97509
91045
47770
43125
91197
15083
22630
23802
73610
36025
29004
93114
33913
48434
23094
56538
20024
15083
86623
52203
94040
84851
13296
42025
13448
90450
91197
32137
73045
14159
73610
15083
97509
68669
21646
47838
36025
93114
81638
15083
82244
65535
91197
73610
13448
73634
55159
15083
13698
24797
73610
36025
69781
91197
93114
15751
97509
9825
76905
15083
74393
6063
13448
47770
39852
73610
15083
42025
91197
36025
37789
37769
93114
82400
15083
99222
73610
88371
44841
137
97509
13448
15083
82244
24764
91197
32137
20024
94040
36025
73610
93114
15083
37072
32776
17571
73045
91197
35893
13448
85525
15083
73610
66331
81638
29004
97509
36025
90881
59073
15083
93114
91197
9825
24708
42025
73610
29414
98661
47770
15083
13448
38020
39852
8704
22879
36025
73610
91197
15083
82244
31366
93114
58095
19866
15158
97509
15083
66139
13448
73610
47838
77085
91197
32137
36025
32988
15083
37769
93114
67856
73610
88371
20024
94040
86661
15083
91197
97509
13448
42025
14159
36025
15083
15751
73610
85310
65631
93114
43095
47152
73045
9825
91197
47770
52203
81638
15083
82244
97975
73610
13448
73634
47718
36025
15083
97509
31727
39852
93114
91197
81105
97482
37072
22630
73610
15083
33808
86803
29004
11745
55715
13448
62760
36025
15083
91197
82625
73610
33494
32137
93114
61469
21561
42025
46135
97509
15083
36438
46444
64480
73610
91197
91045
16163
13448
16773
36025
43125
15083
82244
20024
94040
37769
93114
47160
70614
31504
23802
73610
88371
47770
15083
9825
91197
13698
66331
51861
97509
46623
36025
13448
15083
73610
81638
73045
93114
57605
91197
15083
39852
47838
73610
42025
54560
36025
56254
15083
16918
13448
70136
47767
36752
97509
91197
93114
32137
77642
15083
55159
82244
73610
16526
78474
13800
36025
15083
91197
15751
13448
73610
51581
67899
93114
88173
30709
15083
29004
47770
87842
37072
31789
97509
20351
38873
20024
9825
94040
17571
37911
91197
73610
47499
36025
15083
22879
14035
26054
13448
14159
37769
93114
91629
42025
15083
86523
73610
88371
91197
24708
22244
39852
81638
70496
36025
15083
82244
97509
73045
13448
73610
93114
73634
15083
91197
37617
70035
67856
32137
49515
57530
52203
73610
15083
36025
68841
91197
13448
73553
93114
15083
97509
47770
73610
77085
10701
21827
9825
15083
42025
36025
91197
73610
20024
13448
93114
94040
15083
82244
36988
47838
66331
97509
91197
15083
36025
73610
22630
45107
39852
72893
29004
37769
93114
13448
15083
62719
86623
81638
60227
91197
18407
73610
88371
37072
63998
62692
15083
32137
36025
73045
49359
15751
97509
85525
18846
96459
73610
93114
15083
91197
13448
42025
47770
92805
15083
82244
36025
73610
9825
55715
91197
98661
82862
15083
93114
13448
56533
99176
97509
13698
73610
15083
36025
20024
69781
94040
91197
68336
5262
64480
53512
91045
74393
15083
73610
93114
43125
14159
13448
39852
81105
66139
91197
15083
83821
36025
23802
42025
97509
92812
73610
32137
93656
81638
12073
15083
82244
43200
37769
93114
93993
47770
13448
91197
2547
73610
88371
73634
22488
15083
73045
36025
6420
24764
22879
29004
9825
15083
97509
73610
93114
91197
47838
95891
65631
13448
43095
15083
37072
36025
73610
52203
70716
17571
91197
15083
35893
55159
93114
42025
20024
94040
26193
66331
13448
90689
73610
15083
82244
97509
67856
36025
39852
91197
89273
15751
97482
11678
15083
24708
32137
73610
93114
47770
69485
83627
15083
13448
28518
91197
36025
81638
73610
16918
97509
89329
86679
15083
9825
14195
37769
93114
91197
15083
73610
88371
73045
29614
13448
36025
8114
42025
85594
15083
82244
77085
91197
73610
93114
97509
22630
32988
15083
30491
36025
13448
29004
33913
56538
73610
20024
91197
15083
94040
84851
39852
93114
16304
66780
30926
47770
32137
43236
15083
14159
73610
69295
36025
13448
97509
91197
10445
37072
15083
47838
9825
93114
73610
42025
81638
15083
82244
91197
36025
13448
73634
15083
73610
97509
84142
37769
93114
13698
91197
15083
73045
3371
73610
88371
36025
15751
13448
86803
76905
15083
6063
91197
55715
83710
62760
93114
73610
47770
39852
66331
15083
20172
97509
20024
32137
94040
36025
61389
42025
13448
15083
82244
91197
73610
22879
52361
52203
37789
72199
64480
93114
82400
59990
15083
9825
91629
99222
91045
29004
68521
36025
73610
43125
39975
91197
15083
97509
13448
81638
11249
33211
23802
1418
93114
73610
15083
32385
91197
36025
52536
15083
26698
67856
37072
13448
73610
32776
46497
24749
17571
97509
37769
73045
93114
91197
42025
15083
47770
82244
57605
85525
36025
73610
88371
39852
32137
15083
81105
47838
13448
91197
20024
54560
94040
15083
93114
73610
9825
24708
36025
10238
89960
97509
29414
15083
98661
14159
19442
91197
37015
55159
73610
13448
15083
93114
8704
13800
7446
36025
73610
91197
81638
15751
15083
82244
31366
42025
22630
51581
97509
13448
54957
73634
15083
11205
29004
47770
93114
87842
73610
31789
91197
30047
36025
86623
66139
73964
15083
77085
39852
32137
73610
13448
73045
15083
91197
66331
37769
93114
97509
45230
99642
36025
9825
73610
88371
15083
20024
94040
86661
29727
37072
91197
13448
15083
82244
89330
42025
93114
9585
73610
99451
36025
10294
15083
85310
97509
96418
65631
43095
91197
68705
16918
6053
70035
73610
87417
14364
15083
13698
57570
13448
8824
47770
52203
93114
81638
7185
40044
43131
80525
36025
69781
68841
63120
91197
15083
73610
47838
78788
66055
73553
22879
74393
33132
15083
97509
76315
32137
13448
39852
93114
73610
91197
36025
97482
15083
82244
9825
42025
26808
33808
71553
73045
24872
73610
29004
15083
91197
74247
20024
55715
13448
37769
93114
94040
36025
64376
97509
15083
15751
73610
88371
58600
93801
24011
61469
91197
21561
14159
15054
15083
67856
46135
24764
47770
97610
93114
13448
73610
36025
64480
15083
48415
91197
91045
59714
97509
81638
43125
15083
82244
73610
4733
37072
74630
42025
93114
50859
13448
32137
36025
94553
17571
70614
60955
15083
73634
91197
49249
23802
39852
29108
35893
73610
4680
9825
57475
15083
66331
51861
97509
93114
91197
73610
36025
93741
13448
22158
15083
92805
53145
58444
73045
20024
24708
94040
15083
97357
73610
80745
91197
47770
82862
37769
93114
22630
36025
17745
69878
15083
82244
13448
47838
97509
73610
88371
42025
29004
78425
91197
56254
15083
4993
65546
36752
93114
36025
73610
27387
15083
13448
32137
81638
55159
91197
39852
15083
9825
97509
73610
81105
83821
93114
7793
36025
15083
52203
77085
91197
24752
15751
98352
13448
73610
32988
15083
82244
47770
37072
42025
91197
93114
36025
15083
97509
73610
20351
2802
20024
94040
13448
73045
15083
83212
85525
13698
22879
26054
91197
73610
14159
58403
36025
37769
93114
15083
91629
95891
13448
97509
73610
88371
32137
15083
91197
47371
9825
39852
81638
70496
25058
36025
15083
82244
93114
98661
73610
29004
91197
13448
42025
15083
73634
1820
66331
73610
97509
47770
67856
15083
36025
47838
93114
91197
57530
11678
6928
13448
73610
15083
20024
65060
76424
86803
94040
91197
15083
30671
36025
93114
44662
55715
73610
55293
28518
97509
73045
66139
62760
94340
15083
82244
13448
10701
16918
32137
86679
91197
16741
73610
9825
15083
60417
42025
36025
14195
37769
93114
37072
15751
39852
15083
17571
24275
73610
88371
85137
64480
91197
13448
81638
97509
91045
47770
15083
36025
43125
59799
93114
16289
73610
91197
15083
22630
13448
23802
65631
43095
73610
15083
82244
14123
36025
97509
24708
29004
93114
91197
33913
48434
23094
56538
20024
15083
86623
52203
94040
84851
13296
60227
42025
18407
73610
13448
90450
15083
91197
32137
36025
9825
73045
93114
31374
14159
73610
15083
97509
57605
5192
68669
18846
96459
39852
91197
13448
21646
15083
47770
47838
73610
97482
36025
37769
93114
54560
49977
81638
15083
82244
65535
34392
91197
73610
88371
66331
22879
97509
13448
15083
26576
77085
36025
73634
55514
42025
93114
55159
37072
73610
91197
15083
80870
13698
24797
13800
15083
13448
24491
73610
36025
20024
69781
16142
94040
91197
68336
93114
15751
97509
32137
9825
68935
76905
15083
51581
6519
74393
6063
73610
73835
73936
15083
82244
13448
29004
47770
91197
39852
87842
36025
73045
31789
93114
81105
67856
73610
15083
14898
70776
42025
97509
91197
15083
89413
36025
13448
81638
73610
37789
43200
93653
50052
37769
93114
82400
73117
15083
99620
99222
91197
2547
73610
88371
44841
15083
137
36025
97509
95746
13448
93114
15083
82244
24764
91197
97351
73610
9825
32137
24122
20024
94040
47838
15083
47770
36025
73610
42025
13448
91197
93114
15083
74041
39852
70035
97509
37072
55715
14159
32776
84982
25852
73610
52203
15083
17571
73045
91197
36025
68841
35893
13448
22630
93114
85525
15083
73610
53977
73553
66331
85167
81638
13140
90689
91197
29004
15083
82244
97509
64480
36025
73610
90881
82034
15751
59073
13448
15083
37769
93114
91045
89867
68166
73634
43125
91197
9825
24708
42025
32137
15083
73610
88371
29414
98661
36025
47770
97509
20024
15083
23802
13448
93114
91197
94040
73610
38020
39852
15083
8704
16918
22879
58797
36025
73610
91197
15083
82244
68023
31366
93114
13448
58095
91629
19866
15158
97509
11132
15083
73610
73045
91197
36025
42025
15083
85594
55457
93114
23166
81638
66139
13448
73610
13698
37072
47838
9825
15083
77085
91197
32137
36025
97509
47770
32988
73610
15083
37769
93114
13448
91197
29004
67856
15083
82244
73610
88371
20024
90436
36025
94040
39852
55159
86661
3328
15083
17871
91197
93114
97509
16304
92805
66780
13448
73610
42025
15083
14159
36025
91197
15083
15751
25653
73610
85310
82862
65631
93114
43095
13448
47152
51916
66331
87297
15083
73045
97509
9825
73610
91197
36025
47770
52203
81638
13900
15083
82244
32137
91627
97975
93114
73610
13448
93039
15083
91197
73634
47718
36025
14163
15083
97509
23484
42025
31727
73610
39852
37769
93114
20024
21989
91197
94040
15083
81105
13448
97482
12277
37072
83821
22630
5967
73610
88371
36025
4246
58177
72147
15083
49176
36985
17571
33808
86803
91197
29004
93114
96542
11745
97509
47838
73610
15083
82244
55715
41550
13448
86623
83710
40865
62760
36025
9825
47770
15083
91197
82625
73610
33494
32137
93114
61469
61389
73045
15083
21561
42025
81638
13448
46135
91197
97509
36025
73610
22879
24708
15083
36438
46444
64480
93114
15083
73610
95891
91197
39852
91045
16163
13448
25408
16773
36025
43125
39975
15083
82244
20024
15751
94040
73610
97509
40743
37769
93114
91197
47160
15083
70614
31504
71625
33211
23802
43342
13448
36025
73610
88371
47770
15083
14159
9825
42025
91197
88351
93114
13698
15083
66331
51861
32137
73610
97509
26698
46623
67856
36025
37072
69781
13448
15083
91197
29004
73610
11678
81638
73045
93114
77085
15083
82244
74393
57605
75443
85525
91197
36025
15083
73610
13448
39852
97509
73634
52203
28518
47838
93114
15083
92410
96736
91197
73610
20024
42025
54560
94040
36025
64159
56254
15083
16918
47770
86679
13448
70136
9825
73610
19283
47767
14195
36752
15083
97509
91197
37769
93114
98661
81678
32137
77642
36025
61297
15083
55159
82244
73610
88371
13448
12722
78634
91197
15083
93114
16526
78474
73610
13800
24764
97170
97509
36025
15083
91197
81638
15751
13448
42025
73045
22630
39852
73610
51581
67899
15083
93114
5983
88173
30709
12141
91197
36025
15083
29004
47770
87842
37072
73610
33913
31789
20732
56538
13448
97509
30047
20351
38873
25224
20024
15083
82244
9825
94040
84851
66139
93114
17571
25748
37911
91197
73610
47499
35893
36025
15083
85783
22879
32137
14035
26054
13448
96579
14159
15083
73610
91197
66331
37769
93114
44973
97509
91629
42025
82881
36025
15083
55715
86523
73610
88371
91197
47838
95939
13448
15083
24708
93114
22244
29727
39852
81638
73610
70496
36025
15083
82244
89330
47770
97509
81105
91197
73045
99451
15083
13448
73610
72289
93114
9825
73634
99474
96418
64480
65631
43095
15083
91197
36025
20024
37617
94040
6053
70035
91045
73610
67856
87417
42025
32137
15083
13698
43125
49515
57530
97509
13448
52203
93114
91197
48048
80525
73610
15083
29004
36025
68841
84015
25185
15751
37072
23802
76905
23335
15083
82244
91197
73610
99771
13448
37769
73553
93114
6063
15083
97509
76315
36025
85437
47770
39852
73234
73610
88371
77085
91197
15083
10701
81638
97482
13448
93114
32988
21827
9825
15083
3810
42025
36025
73610
26808
91197
73045
12480
73902
97509
15083
37789
3858
73610
74247
32137
20024
13448
93114
82400
94040
15083
82244
36025
91197
99222
36988
47838
74216
73610
56920
15083
25589
86359
66331
97509
91197
93114
13448
14159
15054
15083
36025
73610
22630
47770
45107
97610
15083
42025
39852
72893
91197
73610
29004
37769
93114
13448
15083
12615
62719
36025
55159
9825
97509
86623
81638
199
22879
60227
91197
15083
82244
18407
73610
88371
37072
74630
34694
32776
60231
93114
63998
62692
15083
50859
13448
32137
36025
17571
73610
73045
73634
91197
49359
15751
16918
20024
15083
94040
97509
85525
7850
18846
12558
96459
73610
93114
15083
36025
91197
13448
42025
47770
24972
15083
73610
22158
92805
91197
15083
82244
93114
86803
39852
97509
36025
30660
52203
13448
73610
9825
24708
51081
15083
55715
80745
91197
67856
62760
29414
98661
30688
82862
73610
82234
15083
37769
93114
81638
36025
13448
56533
47838
32137
99176
15083
97509
91197
17112
53006
13698
73610
79068
88371
42025
29004
8704
15083
93114
36025
20024
69781
21378
73045
94040
73610
13448
91197
68336
47770
5262
15083
82244
64480
65546
31366
53512
27387
66331
37072
97509
91045
74393
15878
15083
26933
73610
93114
36025
91197
92659
43125
42852
14159
97561
13448
39852
15083
9825
73610
81105
66139
91197
15083
83821
93114
36025
23802
42025
97509
92812
77085
73610
19056
15751
15083
13448
32137
91197
93656
81638
36142
12073
15083
82244
43200
73610
37769
93114
36025
47308
14200
93993
47770
15083
13448
91197
2547
97509
50650
73610
88371
73634
20024
22488
94040
22630
15083
73045
93114
86661
36025
91197
73610
15083
6420
57605
13448
24764
22879
29004
9825
61013
88772
42025
39852
15083
97509
58403
73610
36025
93114
91197
47838
42655
91629
15083
82244
95891
840
27837
85310
65631
54560
13448
43095
73610
32137
31889
15083
91197
47371
37072
36025
93114
11474
15083
47770
94324
73610
97509
52203
81638
70716
17571
25058
13448
91197
15083
35893
55159
36025
73610
37769
93114
42025
3526
15083
6094
20024
94040
91197
54471
80576
26193
66331
13448
90689
73610
88371
9825
15083
82244
97509
13800
73045
67856
36025
39852
93114
91197
15083
89273
15751
73610
97482
14159
11678
51581
27749
6928
68534
50347
13448
51596
15083
24708
33262
32137
36025
91197
73610
93114
65060
97509
33808
15083
29004
47770
87842
69485
13698
31789
83627
6873
44662
15083
42025
55715
73610
13448
28518
91197
36025
81638
93114
37944
15083
82244
8081
94443
73610
16918
97509
89329
86679
61469
91197
15083
13448
9825
20024
21561
56796
36025
47838
14195
94040
73634
73610
37769
93114
37072
46135
15083
39852
91197
15083
73610
88371
85137
73045
64480
29614
13448
68886
3137
97509
36025
8114
93114
15083
32137
91197
91045
42025
85525
47770
85594
73610
43125
61800
15083
82244
28542
13448
36025
77085
91197
73610
93114
15083
97509
22630
70614
51387
32988
23802
22879
9818
15083
65794
81638
30491
91197
73610
36025
63122
13448
9825
58335
70035
15083
29004
93114
15751
33913
48434
23094
56538
73610
66331
20024
98661
51861
91197
15083
86623
52203
94040
84851
97509
39852
13296
42025
82136
36025
68841
13448
81105
15083
82244
37769
93114
73610
16304
23675
90450
66780
30926
47770
91197
32137
1538
43236
15083
36076
73045
93733
14159
73553
73610
88371
69295
36025
60815
13448
15083
97509
11447
14072
93114
91197
68669
10445
37072
61743
73610
15083
21646
47838
17571
36025
91197
15083
2651
13448
9825
93114
67357
73610
67856
42025
84154
81638
97509
56254
15083
82244
65535
91197
73610
66139
36025
30420
15083
39852
20024
36752
13448
93114
94040
47770
67036
73634
15083
73610
91197
32137
55159
97509
36025
29004
15083
84142
37769
93114
73610
13448
24708
13698
91197
15083
73045
59257
3371
24797
42025
73610
88371
36025
69781
15083
82244
14111
91197
93114
35042
15751
97509
13448
9825
86803
76905
15083
73610
81017
74393
6063
36025
91197
55715
15083
83710
81638
38276
62760
93114
73610
13448
47770
39852
37072
66331
15083
20172
97509
20351
20024
91197
32137
94040
36025
65631
73610
61389
15083
43095
93114
42025
13448
12802
15083
82244
23548
91197
73610
22879
47838
26054
52361
36025
52203
15083
22630
37789
97509
14159
72199
64480
37769
93114
24769
82400
73610
91197
59990
73045
15083
9825
13448
91629
99222
91045
77085
29004
68521
36025
15083
73610
88371
92805
43125
44841
39975
91197
93114
25564
137
47770
15083
97509
13448
73198
16918
73610
66135
39852
81638
62245
42025
70496
11249
36025
15083
82244
24764
91197
33211
23802
1418
32137
82862
97482
93114
21350
73610
20024
33312
15083
32385
94040
13448
91197
45210
97509
73634
15083
36025
73610
52536
15751
93114
15083
26698
67856
91197
37072
9825
13448
73610
32776
46497
57530
15083
36025
24749
70369
17571
97509
37769
73045
93114
91197
42025
73610
15083
47770
82244
29230
35893
13448
57605
85525
15083
36025
73610
88371
39852
91197
93114
32137
15083
66331
81638
81105
29004
47838
97509
83821
94943
31108
73610
13448
15083
36025
91197
20024
54560
94040
90881
59073
13698
10701
15083
93114
73610
91197
9825
24708
13448
15083
82244
42025
36025
10238
89960
97509
87532
73610
29414
13433
15083
98661
93114
14159
47770
19442
91197
2663
37015
55159
83106
73610
15083
13448
36025
51270
13417
52203
73045
38020
15083
91197
37769
93114
97509
56780
73610
39852
32137
8704
13800
7446
28257
85777
37072
22879
15083
36025
13448
73610
88371
91197
81638
15751
55715
15083
82244
31366
93114
42025
16395
22630
58095
51581
20024
19866
95891
94040
15158
15083
97509
73610
36025
9825
91197
68626
13448
54957
73634
15083
11205
29004
47770
93114
87842
73610
26392
52940
33046
31789
91197
52958
30047
15083
41312
36025
86623
66139
13448
62587
60227
18407
73610
97509
73964
21297
15083
93114
47838
77085
91197
64480
15083
82244
39852
32137
73610
35713
36025
42025
32988
91045
13448
73045
15083
91197
66331
74513
37769
93114
43125
73610
97509
45230
99642
15083
32625
18846
96459
67856
81638
36025
74469
9825
91197
13448
73610
88371
15083
20024
94040
47770
93114
11678
76123
23802
86661
15083
29727
36025
73610
37072
91197
97509
33716
13448
15083
82244
89330
58573
28154
42025
93114
9585
73610
17571
14159
15083
91197
99451
36025
28800
28518
32137
39852
10294
24486
15083
15751
29004
73610
13448
85310
97509
96418
65631
93114
43095
91197
68705
58024
15083
16918
47152
6053
70035
36025
86679
73610
87417
73045
14364
15083
9825
13698
57570
91197
13448
60712
14195
8824
17956
47770
37769
52203
93114
81638
73610
7185
40044
2970
15083
82244
43131
97509
80525
36025
97975
20024
69781
68841
63120
42025
94040
91197
15083
68336
73610
88371
24708
16096
47838
78788
13448
83929
66055
93114
15083
73634
47718
73553
36025
22879
74393
91197
73610
48674
33132
15083
97509
76315
88364
31727
32137
90109
13448
39852
93114
73610
15083
91197
91629
36025
81105
97482
37072
15083
82244
22630
66331
73610
9825
47770
13448
42025
91197
55159
97509
93114
15083
26808
33184
48750
33808
36025
71553
73045
86803
24872
73610
29004
15083
74674
81638
11745
33913
91197
56538
43200
74247
85525
20024
55715
13448
37769
93114
15083
94040
73610
84851
61616
62760
36025
64376
97509
15083
91197
2547
15751
82625
73610
88371
58600
93801
33494
24011
32137
93114
15083
61469
82244
13448
36025
39852
91197
21561
14159
15054
42025
73610
15083
67856
46135
77085
97509
24764
47770
85051
97610
9825
15083
93114
13448
73610
91197
36438
36025
46444
66148
64480
15083
98661
47838
48415
73610
91197
91045
15083
93114
59714
82731
16163
97509
13448
73045
16773
36025
81638
43125
15083
82244
73610
72690
4733
20024
37072
94040
90261
91197
74630
15083
42025
37769
93114
50859
73610
47160
13448
32137
52203
53178
36025
29004
94553
17571
70614
60955
96247
15083
31504
73634
91197
97509
49249
23802
39852
37227
71411
29108
35893
73610
88371
47770
15083
93114
4680
9825
36025
13448
57475
91197
87509
15083
73610
94157
13698
66331
51861
30667
90689
15083
82244
97509
81736
93114
91197
96636
46623
73610
36025
93741
13448
22158
82755
22879
15083
23181
42025
66139
41865
92805
15751
53145
73610
76905
15083
91197
91404
81638
58444
73045
93114
20024
24708
36025
94040
97509
6063
13448
15083
32137
55436
97357
73610
80745
57605
91197
15083
47770
82862
39852
37769
93114
22630
36025
73610
17745
9825
69878
15083
82244
13448
47838
91197
11518
14159
97509
37072
15083
73610
88371
42025
54560
29004
93114
78425
36025
91197
56254
1179
15083
16918
13448
73610
58545
70136
4993
86623
67709
37789
15083
47767
65546
36752
97509
91197
50379
93114
48392
82400
36025
73610
27387
15083
13448
99222
10019
32137
77642
81638
20024
15083
55159
82244
67856
91197
47770
94040
73610
73045
3153
93114
55715
36025
39852
65631
15083
9825
43095
97509
42025
13448
73610
85594
91197
81105
15083
16526
78474
73634
13800
83821
37769
93114
7793
36025
15083
73610
94533
29301
78233
52203
77085
91197
24752
15751
98352
66331
13448
15083
97509
73610
88371
51581
67899
32988
93114
27817
36025
15083
82244
91197
88173
30709
73610
13448
15083
64480
32137
29004
47770
87842
37072
42025
91197
93114
31789
32776
36025
15083
97509
73610
20351
38873
2802
81638
47838
91045
20024
50360
8106
9825
94040
39852
17571
15083
13448
43125
37911
73045
91197
73610
47499
93114
36025
16304
97482
15083
28782
93113
83212
66780
85525
13698
22879
5860
14035
26054
97509
91197
73610
30599
92706
9927
15083
82244
13448
3206
94873
75875
14159
23802
58403
36025
37769
93114
69781
15083
73610
91629
91197
74023
5232
42025
95891
15083
13448
47770
86523
80616
97509
73610
88371
7950
32137
36025
15083
93114
91197
74393
47371
9825
15083
24708
73610
22630
22244
13448
39852
20024
81638
91197
70496
37751
25058
94040
36025
15083
82244
93114
29414
61181
72048
98661
73610
97509
56373
15751
97773
15083
29004
73045
91197
13448
73610
42025
37072
36025
15083
93114
73634
26425
1820
66331
97664
15083
91197
73610
97509
8704
47770
37617
70035
13448
67856
15083
36025
47838
37769
93114
52289
32137
73610
91197
49515
57530
15083
82244
31366
52203
9825
11678
6928
13448
73610
88371
15083
36025
68841
97509
99425
91197
93114
39852
42025
15083
20024
65060
76424
81638
86803
94040
73610
12783
91197
15083
13448
30671
36025
73553
93114
24764
44662
55715
73610
55293
83710
28518
15083
97509
73045
66139
55159
62760
91197
47770
94340
48475
15083
82244
36025
73610
13448
77085
14159
93114
10701
16918
35582
29004
15083
33365
32137
86679
91197
61389
16741
89591
73610
21827
92071
9825
97509
69052
15083
60417
42025
36025
14195
65918
13448
37769
93114
37072
65070
91197
73610
15751
15083
22879
39852
15083
17571
24275
36025
81105
73610
88371
85137
64480
91197
20024
13448
93114
81638
97509
13698
94040
35893
15083
82244
86661
91045
73610
47770
36988
91197
15083
47838
36025
43125
89308
53767
59799
39975
93114
13448
16289
73045
66331
3991
15083
73610
42025
73634
97509
32137
91197
17346
15083
15144
36025
9825
73610
22630
93114
13448
15083
45107
33211
23802
85310
91197
65631
43095
73610
15083
82244
39852
72893
14123
36025
97509
24708
29004
37769
93114
91197
13448
15083
71016
33913
73610
48434
62719
23094
56538
20024
47770
88932
15083
86623
55549
52203
94040
81638
84851
36025
13296
60227
42025
91197
18407
73610
88371
48236
93114
26698
67856
37072
15083
13448
97509
90450
63998
73610
62692
15083
91197
32137
36025
92151
88365
28972
9825
71917
73045
93114
49359
15083
82244
31374
15751
14159
13448
73610
92919
91197
15083
97509
57605
85525
5192
68669
36025
18846
96459
73610
86020
38497
39852
97624
93114
15083
68356
91197
87634
13448
42025
21646
15083
47770
47838
73610
97482
36025
97509
37769
93114
91197
15083
20024
54560
49977
73610
94040
13448
81638
92805
33808
15083
82244
65535
36025
34392
29004
91197
32137
73610
88371
15083
93114
9825
66331
22879
55715
97509
13448
81310
15083
26576
25420
73610
77085
91197
36025
73634
98661
55514
42025
82862
73045
15083
93114
55159
37072
32988
73610
39852
91629
91271
91197
13448
15083
56533
73286
61469
47770
17378
99176
36025
97509
95480
80870
13698
73610
15083
82244
21561
17571
93114
91197
46135
24797
13800
15083
13448
24491
73610
36025
20024
69781
36325
16142
94040
96826
15083
91197
81638
37769
68336
93114
15751
97509
32137
5262
9825
64480
47211
73610
42025
53512
68935
56669
76905
15083
13448
22630
51581
36025
81364
6519
91197
91045
95600
52203
74393
6063
15083
73610
88371
93114
73835
25627
16918
43125
73936
15083
82244
47838
14159
97509
13448
29004
47770
91197
15538
39852
87842
36025
73610
73045
31789
15083
30047
93114
81105
67856
24708
66139
73610
91197
15083
83821
14898
70614
39288
70776
13448
36025
23802
42025
15083
97509
92812
73610
93114
91197
20024
9825
76642
32137
15083
37072
89413
94040
93656
36025
13448
81638
73610
37789
12073
15083
82244
43200
93653
50052
91197
66331
51861
37769
93114
82400
73117
97509
56451
15083
73610
99620
93993
47836
47770
99222
36025
13448
91197
2547
22515
15083
39852
73610
88371
73634
93114
22488
44841
15083
42025
137
91197
73045
36025
97509
95746
73610
13448
42095
15083
29727
15751
60738
93114
6420
15083
82244
24764
22879
91197
29004
97351
73610
9825
89330
32137
36025
24122
15083
13448
20024
99451
97509
73610
94040
93114
91197
14146
74650
47838
15083
81638
7836
47770
95891
36025
73610
86803
96418
15083
65631
42025
13448
43095
91197
89553
37769
93114
56254
15083
74041
39852
6053
70035
77085
73610
97509
87417
37072
55715
36025
14159
32776
84982
91197
15083
82244
13698
19197
62760
16321
13448
95953
33765
25852
73610
88371
36752
52203
93114
15083
70716
17571
68185
73045
91197
80525
96950
9825
36025
68841
15083
73610
32137
97509
35893
55159
13448
11079
22630
93114
85525
15083
91498
91197
71861
42025
73610
20024
47770
36025
94040
15083
53977
26193
73553
45395
68565
66331
85167
81638
13140
13448
90689
91197
73610
29004
93114
85912
15083
82244
97509
76315
7372
67856
64480
36025
39852
15083
73610
86623
91197
90881
89273
82034
15751
59073
13448
44845
15083
37769
93114
91045
89867
97482
68166
11678
73634
73610
36025
97509
43125
15083
91197
9825
24708
68906
42025
32137
69267
47838
26808
13448
15083
73610
88371
93114
73045
29414
98661
91197
36025
47770
25245
15083
82244
37072
69485
69806
73610
89746
83627
97509
20351
74247
20024
15083
23802
13448
93114
28518
91197
94040
73610
36025
15083
38020
81638
66014
39852
91197
15083
73610
8704
93114
81930
13448
16918
97509
42025
22879
89329
86679
41317
26054
53459
81105
58797
36025
15083
73610
9825
91197
14159
29004
15054
14195
15083
82244
68023
31366
37769
93114
32137
13448
58095
91629
36025
73610
47770
15083
19866
97610
91197
15158
97509
11132
17475
15083
73610
88371
73045
93114
29614
13448
52203
91197
36025
15083
20024
8114
66331
73610
57605
42025
94040
15751
15083
85594
55457
97509
93114
23166
91197
39852
81638
66139
13448
70496
36025
15083
82244
73610
35826
13698
37072
74630
47838
9825
15083
41286
77085
91197
79945
99027
73610
93114
50859
13448
32137
28070
36025
15083
97509
69781
47770
54560
22630
17571
32988
55715
73634
91197
73610
15083
30491
37769
93114
42025
87627
15083
36025
13448
73610
91197
29004
67856
74393
73349
97509
15083
82244
33913
497
44004
73045
56538
57530
73610
88371
93114
43991
20024
90436
11489
91197
15083
36025
94040
13448
84851
39852
55159
87802
86661
3328
73610
15083
17871
81638
22158
9825
91197
93114
97509
16304
92805
15083
36025
66780
30926
47770
13448
73610
32137
17292
43236
64480
42025
15083
91197
18299
13800
24708
14159
93114
73610
10308
69295
15083
82244
36025
91045
13448
97509
9113
80745
91197
10445
15083
15751
37072
25653
73610
12248
30934
85310
43125
82862
13284
65631
37769
93114
43095
15083
51581
22879
36025
83272
91197
73610
75040
10701
13448
47152
51916
66331
87297
47838
15083
20024
39852
73045
97509
94040
9825
93114
73610
88371
15083
91197
42025
36025
29004
47770
23802
52203
87842
81638
85525
13448
13900
15083
82244
31789
32137
73610
91627
97975
91197
93114
15083
97509
36025
73610
24764
65546
13448
93039
15083
91197
27387
73634
47718
93114
15083
73610
36025
14163
91197
15083
97509
13448
23484
42025
31727
73610
84142
39852
15083
82244
37769
93114
9825
36025
20024
21989
47770
13698
91197
73610
94040
15083
73045
81105
13448
3371
97482
12277
37072
32137
83821
22630
5967
97509
98661
15083
93114
81638
73610
88371
91197
16918
36025
4246
58177
77085
72147
15083
49176
36985
15751
17571
13448
67856
73610
33808
86803
91197
76905
15083
29004
93114
36025
42025
14159
35893
96542
11745
97509
47838
73610
15083
82244
6063
91197
55715
41550
13448
86623
83710
40865
15083
60227
62760
93114
18407
73610
36025
9825
47770
39852
66331
15083
91197
20172
82625
97509
13448
73610
20024
15083
33494
32137
94040
37769
93114
61469
36025
61389
91197
73045
15083
73610
21561
70035
42025
81638
13448
15083
82244
46135
91197
97509
93114
36025
73610
88371
22879
55159
18846
52361
24708
15083
96459
52203
37789
36438
73610
91197
46444
13448
15083
37072
72199
64480
58403
36025
93114
66139
68841
82400
47770
73634
59990
15083
9825
91629
97509
73610
95891
99222
91197
39852
91045
29004
15083
16163
13448
68521
25408
16773
36025
93114
73610
43125
42025
32137
39975
15083
82244
91197
73553
20024
15751
47371
94040
73610
15083
97509
13448
40743
36025
37769
93114
47838
91197
73045
47160
15083
81638
73610
11249
25058
70614
31504
71625
33211
23802
15083
1418
91197
43342
13448
36025
93114
73610
88371
97509
47770
15083
32385
14159
9825
42025
15083
82244
91197
73610
39852
88351
36025
13448
93114
13698
15083
52536
66331
51861
22630
32137
73610
91197
97509
15083
26698
46623
67856
36025
20024
37072
69781
13448
93114
73610
94040
15083
32776
46497
91197
68336
29004
15083
73610
24749
11678
17571
97509
36025
81638
6928
37769
73045
93114
13448
77085
91197
42025
15083
47770
82244
65631
43095
74393
73610
9825
15083
57605
75443
65060
32988
85525
91197
36025
93114
15083
73610
88371
13448
39852
97509
15751
73634
32137
15083
91197
44662
52203
55715
73610
81105
36025
28518
47838
93114
15083
92410
22879
13448
96736
91197
73610
20024
15083
82244
42025
54560
97509
94040
36025
64159
56254
15083
93114
16918
47770
73610
86679
13448
91197
70136
15083
81638
9825
24708
43200
73610
19283
47767
36025
10238
14195
73045
89960
36752
15083
97509
91197
37769
93114
37072
13448
29004
29414
73610
15083
98661
39852
14159
19442
81678
32137
77642
91197
2547
36025
37015
61297
15083
55159
82244
93114
66331
42025
73610
88371
85137
64480
97482
13448
97509
12722
15083
78634
91197
73610
36025
91045
15083
93114
47770
20024
16526
78474
94040
13448
91197
43125
8704
15083
73610
13800
7446
24764
97170
97509
9825
36025
15083
93114
73610
91197
81638
15751
13448
15083
82244
31366
42025
47838
73045
36025
22630
39852
73610
51581
67899
13698
15083
91197
32137
92805
37769
93114
67856
23802
97509
5983
88173
15083
13448
73610
30709
54957
12141
91197
36025
73634
15083
11205
29004
47770
93114
87842
37072
73610
88371
33913
15083
48434
23094
31789
20732
56538
13448
97509
91197
30047
20351
38873
25224
20024
36025
82862
73610
15083
82244
86623
9825
52203
94040
84851
66139
13296
93114
42025
17571
25748
37911
73964
15083
91197
73610
13448
47499
35893
77085
36025
15083
81638
97509
90450
93114
85783
39852
91197
22879
32137
73610
14035
26054
15083
13448
73045
36025
96579
14159
15083
73610
91197
66331
86803
47770
37769
93114
44973
90689
15083
82244
97509
45230
91629
99642
68669
73610
42025
82881
13448
91197
36025
15083
55715
9825
86523
93114
73610
88371
15751
15083
20024
62760
21646
94040
91197
47838
95939
97509
13448
36025
15083
29004
73610
86661
24708
93114
22244
29727
15083
37072
91197
32137
39852
81638
73610
70496
36025
13448
15083
82244
65535
89330
47770
97509
42025
81105
91197
93114
9585
15083
73610
83821
73045
99451
36025
15083
13448
91197
73610
72289
37769
93114
10294
9825
15083
73634
85525
85310
99474
97509
96418
64480
65631
73610
43095
15083
91197
36025
68705
55159
13448
20024
16918
37617
94040
6053
70035
93114
15083
82244
91045
73610
88371
67856
87417
22630
14364
91197
42025
32137
15083
36025
13698
43125
39852
49515
57570
57530
97509
13448
73610
8824
47770
52203
93114
15083
81638
24797
91197
7185
48048
40044
43131
80525
73610
15083
29004
36025
69781
68841
84015
63120
66331
13448
14159
91197
15083
25185
93114
15751
97509
9825
73610
73045
47838
37072
78788
66055
23802
76905
23335
15083
82244
36025
91197
73610
99771
13448
42025
15083
37769
73553
93114
98661
22879
74393
6063
85594
33132
17571
20024
15083
97509
76315
73610
36025
91197
94040
85437
32137
13448
47770
15083
39852
73234
93114
73610
88371
77085
91197
15083
36025
95891
10701
81638
97482
97509
73610
15083
82244
13448
93114
91197
32988
21827
9825
15083
3810
42025
36025
73610
26808
91197
15083
33808
13448
71553
73045
93114
24872
12480
73902
73610
97509
29004
15083
73634
36025
37789
91197
57605
3858
15083
73610
47770
74247
32137
20024
55715
13448
37769
93114
82400
94040
39852
15083
82244
24708
37072
36025
64376
91197
73610
97509
99222
15083
36988
42025
15751
93114
47838
16304
13448
74216
73610
88371
58600
91197
93801
56920
66780
15083
44841
25589
81638
86359
9825
36025
24011
61469
66331
137
15083
66139
54560
73610
97509
91197
93114
13448
21561
14159
15054
52203
15083
67856
36025
46135
73610
22630
15083
82244
24764
91197
47770
73045
45107
97610
93114
32137
13448
73610
15083
97509
36025
13698
11678
42025
20024
39852
72893
91197
64480
94040
15083
73610
29004
37769
93114
48415
13448
15083
81105
12615
62719
36025
55159
91197
91045
9825
73610
59714
15083
97509
86623
81638
43125
199
93114
22879
60227
91197
15083
82244
18407
73610
88371
13448
4733
36025
37072
74630
34694
15083
28518
32776
60231
47770
73610
42025
91197
13800
93114
63998
97509
62692
15083
50859
13448
32137
36025
91629
94553
17571
70614
73610
60955
15083
73045
73634
91197
49359
49249
23802
47838
39852
15751
16918
93114
20024
86679
29108
15083
35893
73610
94040
13448
36025
97509
51581
91197
85525
4680
9825
15083
82244
7850
18846
12558
14195
57475
96459
73610
77085
37769
93114
15083
36025
91197
13448
42025
66331
51861
73610
15083
81638
65631
29004
47770
24972
97509
43095
87842
93114
15083
91197
31789
73610
88371
36025
14159
93741
13448
22158
32137
15083
90881
92805
91197
73610
59073
15083
82244
93114
86803
39852
97509
53145
36025
30660
52203
13448
58444
15083
73045
73610
37072
20024
91197
9825
24708
51081
94040
42025
15083
93114
55715
97357
83710
73610
36025
80745
91197
15083
13448
67856
62760
29414
97509
98661
47770
30688
82862
73610
82234
15083
37769
93114
22630
81638
36025
17745
91197
69878
15083
82244
13448
73610
56533
47838
32137
61389
15751
99176
15083
97509
93114
91197
17112
38020
53006
13698
36025
73610
79068
88371
42025
15083
39852
29004
13448
78425
8704
9825
33913
91197
56254
15083
73610
56538
73634
22879
93114
36025
20024
69781
21378
97509
97482
4993
73045
15083
94040
84851
73610
13448
91197
68336
47770
5262
15083
82244
64480
65546
36752
31366
93114
53512
36025
73610
27387
66331
58095
15083
91197
19866
13448
15158
37072
97509
91045
74393
15878
15083
32137
81638
42025
26933
73610
37769
93114
55159
36025
91197
92659
43125
15083
39975
42852
14159
97561
73610
13448
17571
39852
15083
9825
91197
93114
97509
36025
73610
88371
15083
82244
70035
81105
47770
66139
13448
91197
15083
20024
83821
73610
94040
93114
7793
36025
33211
23802
73045
15083
29004
42025
97509
47838
92812
52203
77085
91197
73610
19056
24752
15751
98352
15083
13448
93114
32137
36025
68841
15083
73610
91197
32988
93656
81638
36142
12073
15083
82244
43200
97509
13448
73610
9825
37769
93114
39852
36025
91197
15083
47308
14200
93993
73610
47770
26698
67856
15083
73553
37072
42025
13448
16918
91197
2547
93114
36025
24708
15083
97509
50650
73610
88371
20351
2802
73634
20024
22488
94040
22630
15083
91197
13448
73610
73045
93114
86661
36025
15083
82244
66331
55715
32137
91197
97509
73610
15083
83212
6420
57605
13448
85525
13698
24764
22879
29004
93114
36025
15083
26054
81638
9825
61013
88772
91197
73610
42025
39852
15083
47770
14159
86623
97509
58403
73610
13448
36025
37769
93114
91197
15083
47838
42655
91629
15083
82244
15751
95891
73610
840
27837
85310
91197
65631
20024
36025
76905
54560
13448
93114
15083
43095
94040
97509
73610
88371
32137
31889
15083
47152
91197
6063
42025
47371
37072
73045
73610
36025
15083
93114
13448
64480
11474
9825
91197
15083
47770
94324
73610
97509
39852
52203
81638
70496
70716
17571
25058
36025
91045
15083
82244
93114
13448
91197
98661
97975
73610
15083
43125
35893
29004
55159
36025
15083
73610
91197
37769
93114
97509
13448
42025
3526
15083
6094
20024
32137
73634
73610
47718
94040
91197
54471
80576
26193
15083
36025
1820
66331
93114
77085
13448
90689
73610
88371
9825
15083
82244
97509
23802
13800
37789
91197
47770
31727
73045
67856
15083
36025
39852
73610
47838
93114
82400
13448
91197
15083
81638
57530
89273
15751
73610
99222
81105
97509
42025
15083
97482
36025
14159
37072
11678
93114
22630
51581
91197
27749
6928
68534
50347
13448
51596
73610
15083
24708
33262
32137
15083
82244
36025
91197
22879
73610
37769
93114
20024
65060
97509
76424
33808
86803
15083
94040
13448
9825
29004
47770
87842
73610
69485
91197
13698
15083
11745
30671
36025
31789
83627
93114
6873
30047
44662
39852
15083
42025
55715
73610
88371
13448
55293
28518
91197
97509
73045
66139
15083
62760
36025
69781
73610
81638
93114
94340
37944
15083
82244
8081
91197
94443
13448
82625
73610
15083
10701
36025
16918
52203
33494
97509
89329
32137
86679
93114
61469
91197
15083
16741
73610
13448
47770
74393
9825
92805
20024
21561
15083
60417
42025
56796
36025
47838
14195
91197
66331
94040
73634
73610
37769
93114
37072
46135
15083
97509
32776
15751
13448
39852
91197
15083
82244
73610
36025
93114
36438
15083
17571
24275
46444
29004
73610
88371
85137
73045
64480
91197
29614
13448
68886
3137
15083
81638
97509
36025
82862
73610
8114
93114
14159
15083
32137
91197
91045
42025
85525
47770
85594
29727
16163
13448
15083
9825
16773
73610
36025
43125
61800
59799
91197
67856
97509
93114
15083
82244
16289
20024
28542
89330
73610
94040
55159
15083
13448
36025
77085
91197
39852
73610
37769
93114
15083
99451
47160
97509
22630
15083
91197
70614
51387
13448
73610
32988
36025
31504
42025
23802
22879
9818
15083
93114
96418
37072
65794
65631
73045
81638
30491
43095
91197
73610
88371
32137
47770
15083
82244
47838
14123
36025
63122
13448
97509
9825
24708
58335
6053
70035
15083
73610
29004
93114
87417
91197
15751
33913
48434
23094
91629
15083
56538
13698
36025
29414
73610
13448
66331
20024
98661
51861
91197
15083
86623
52203
93114
94040
84851
97509
24764
39852
13296
60227
73634
42025
18407
73610
82136
15083
80525
46623
36025
91197
68841
13448
81105
15083
82244
37769
93114
73610
16304
23675
83821
90450
66780
30926
47770
15083
55715
91197
97509
32137
36025
1538
73610
43236
13448
9825
81638
15083
36076
73045
93114
8704
31374
93733
14159
91197
73553
73610
88371
15083
69295
36025
60815
42025
13448
15083
97509
57605
76315
11447
14072
93114
73610
5192
91197
68669
10445
18846
37072
61743
96459
20024
15083
82244
39852
31366
36025
94040
73610
29004
15083
91197
13448
93114
21646
97509
15083
47770
47838
17571
73610
97482
36025
91197
32137
15083
2651
13448
9825
37769
93114
67357
73610
35893
67856
15751
42025
54560
49977
15083
84154
91197
81638
26808
36025
64480
97509
73610
56254
15083
82244
16918
73045
65535
13448
93114
34392
91197
70136
15083
73610
88371
66139
91045
36025
66331
30420
15083
39852
47767
74247
22879
20024
36752
22630
97509
91197
13448
93114
73610
43125
94040
15083
26576
47770
67036
77085
36025
73634
55514
42025
15083
73610
91197
32137
77642
93114
13448
9825
52203
15083
55159
82244
37072
97509
73610
36025
29004
91197
95891
15083
84142
37769
93114
73610
13448
24708
81638
15083
23802
80870
13698
91197
14159
