47011
47011
47011
47011
47011
47011
47011
47011
47011
47011
47011
47011
47011
32303
47011
47011
55802
47011
57235
47011
47011
47011
47011
47011
47011
47011
4628
47011
47011
47011
32303
47011
47011
47011
47011
55802
47011
63348
47011
57235
47011
47011
47011
47011
47011
47011
47011
47011
32303
47011
47011
47011
47011
47011
60284
55802
47011
4628
47011
47011
47011
57235
30557
47011
47011
47011
47011
32303
47011
47011
47011
47011
47011
47011
47011
55802
47011
47011
47011
63348
47011
47011
57235
47011
47011
32303
47011
47011
4628
47011
47011
47011
47011
47011
47011
55802
47011
47011
47011
47011
47011
32303
47011
57235
47011
47011
47011
47011
47011
60423
47011
47011
47011
47011
60284
47011
55802
47011
4628
47011
32303
47011
47011
63348
47011
47011
88340
47011
57235
30557
15760
61537
47011
33883
47011
47011
14366
47011
18453
47011
47011
47011
32824
47011
55802
8206
47011
32303
47011
47011
47011
47011
47011
47011
47011
57235
47011
4628
47011
47011
47011
47011
47011
32303
47011
55802
47011
47011
47011
47011
47011
47011
63348
47011
47011
47011
57235
47011
47011
47011
47011
32303
47011
60284
47011
55802
47011
47011
4628
47011
47011
16285
47011
47011
47011
47011
47011
47011
47011
57235
30557
32303
47011
47011
47011
47011
55802
47011
47011
90558
25606
47011
47011
47011
47011
47011
63348
47011
47011
32303
47011
4628
47011
47011
57235
47011
47011
47011
55802
47011
47011
47011
47011
47011
47011
47011
60423
47011
32303
47011
47011
47011
47011
47011
57235
47011
44144
60284
47011
47011
55802
47011
47011
4628
47011
47011
47011
32303
47011
47011
47011
63348
47011
47011
47011
47011
47011
88340
47011
57235
30557
15760
47011
61537
55802
47011
47011
33883
47011
47011
32303
47011
14366
47011
47011
47011
18453
47011
47011
4628
47011
47011
34399
47011
32824
47011
47011
55802
57235
8206
47011
47011
32303
47011
47011
47011
47011
47011
47011
47011
47011
63348
47011
47011
47011
60284
21310
47011
47011
55802
47011
32303
57235
47011
47011
4628
47011
47011
47011
47011
47011
47011
56947
47011
11109
47011
28402
47011
47011
47011
32303
47011
55802
47011
47011
47011
57235
30557
47011
47011
47011
47011
47011
47011
47011
47011
4628
47011
63348
32303
47011
47011
47011
55802
47011
47011
47011
60423
47011
57235
11976
47011
47011
37975
47011
47011
47011
47011
47011
18408
32303
47011
47011
60284
47011
21314
47011
47011
55802
47011
43842
47011
47011
91395
4628
47011
50162
57235
47011
47011
47011
92926
16285
47011
32303
47011
47011
47011
47011
47011
63348
47011
2495
47011
55802
47011
47011
47011
5839
62564
47011
88340
47011
47011
57235
30557
47011
32303
15760
61537
47011
28500
47011
47011
47011
33883
47011
4628
47011
47011
45663
47011
14366
55802
47011
47011
10750
47011
90558
47011
25606
47011
18453
32303
47011
47011
57235
47011
47011
47011
47011
47011
32824
60284
47011
47011
63348
47011
55802
47011
8206
47011
47011
32303
47011
47011
4628
34873
47011
47011
47011
57235
47011
47011
47011
47011
47011
47011
44608
47011
55802
47011
47011
32303
47011
47011
15011
47011
47011
77529
12012
47011
47011
47011
47011
57235
30557
47011
66234
47011
23972
47011
4628
47011
60423
47011
32303
55802
47011
63348
47011
47011
47011
47011
47011
47011
47011
47011
36720
47011
47011
35071
57235
47011
44144
47011
60284
47011
32303
47011
47011
55802
47011
47011
47011
47011
47011
4628
47011
47011
47011
47011
47011
47011
32303
57235
47011
47011
47011
47011
55802
47011
47011
63348
47011
47011
47011
47011
47011
47011
47011
47011
32303
47011
88340
47011
47011
57235
4628
30557
47011
15760
47011
61537
55802
47011
47011
47011
53468
9982
5935
47011
47011
33883
47011
47011
47011
32303
47011
47011
14366
47011
47011
60284
47011
47011
92205
57235
95637
47011
55802
47011
47011
18453
47011
47011
63348
47011
47011
4628
32303
47011
47011
47011
47011
34399
47011
32824
16285
47011
47011
47011
47011
41816
55802
57235
47011
8206
47011
7718
47011
47011
47011
32303
47011
31553
47011
47011
47011
60423
47011
47011
47011
47011
47011
4628
47011
20847
55802
47011
82495
71973
47011
57235
47011
30557
32303
47011
47011
47011
63348
47011
47011
47011
47011
47011
47011
60284
21310
47011
47011
47011
47011
55802
50621
47011
32303
47011
94814
57235
47011
47011
47011
90558
47011
4628
25606
47011
47011
47011
47011
47011
40353
47011
47011
47011
32303
74967
47011
55802
47011
47011
56947
47011
57235
47011
11109
47011
1855
47011
28402
63348
47011
47011
47011
47011
2840
47011
47011
32303
47011
47011
4628
47011
55802
47011
47011
88340
47011
35900
47011
47011
57235
47011
30557
47011
15760
61537
47011
47011
47011
47011
60284
32303
47011
47011
47011
33883
47011
55802
47011
47011
47011
13243
47011
47011
14366
47011
57235
10463
47011
4628
47011
63348
47011
32303
47011
47011
47011
47011
14464
47011
18453
47011
55802
47011
47011
88836
47011
47011
47011
60423
47011
47011
57235
47011
32303
11976
47011
47011
47011
32824
47011
37975
47011
47011
47011
55802
4628
47011
47011
8206
47011
47011
47011
47011
18408
32303
47011
47011
47011
57235
47011
44144
30557
63348
47011
60284
47011
47011
21314
47011
47011
1148
47011
55802
47011
47011
47011
43842
47011
32303
47011
47011
91395
47011
4628
47011
50162
47011
57235
47011
47011
47011
47011
47011
47011
92926
55802
16285
47011
47011
32303
47011
47011
95271
47011
47011
47011
47011
47011
47011
57235
47011
63348
47011
72956
47011
2495
47011
47011
55802
32303
47011
4628
47011
47011
47011
47011
47011
5839
47011
2966
62564
47011
43572
47011
88340
47011
60284
47011
47011
57235
47011
30557
47011
32303
15760
47011
61537
55802
47011
28500
47011
47011
47011
47011
47011
47011
55205
47011
33883
47011
4628
47011
47011
47011
32303
98778
47011
63348
57235
45663
66898
47011
47011
14366
55802
47011
60423
47011
47011
47011
47011
10750
47011
47011
90558
47011
77636
47011
25606
47011
53453
18453
47011
32303
47011
47011
47011
57235
47011
25517
55802
47011
47011
4628
47011
47011
93273
47011
47011
47011
23430
47011
34399
47011
32303
47011
32824
60284
47011
47011
47011
47011
1588
63348
47011
85555
47011
55802
57235
47011
30557
8206
47011
47011
47011
47011
47011
32303
47011
47011
47011
4628
34873
47011
47011
28225
47011
47011
47011
47011
55802
47011
57235
47011
75437
47011
47011
4131
47011
32303
47011
47011
47011
47011
47011
47011
43680
47011
47011
44608
85297
47011
47011
55802
63348
47011
47011
4628
57235
47011
32303
47011
47011
47011
47011
47011
15011
47011
60284
21310
47011
47011
77529
12012
47011
47011
47011
47011
55802
47011
88340
47011
32303
47011
47011
57235
47011
30557
47011
66234
47011
15760
61537
47011
47011
32753
23972
47011
4628
47011
47011
60423
47011
47011
47011
32303
55802
47011
47011
33883
63348
47011
47011
16285
47011
57235
47011
47011
47011
97779
47011
47011
14366
70238
47011
56947
47011
47011
47011
32303
47011
11109
55802
47011
47011
36720
28402
47011
4628
47011
47011
47011
94082
35071
57235
47011
18453
47011
44144
47011
47011
60284
47011
47011
32303
47011
47011
47011
47011
55802
47011
47011
47011
63348
47011
47011
47011
2721
47011
57235
47011
32824
30557
47011
32303
47011
4628
47011
44164
47011
47011
47011
47011
55802
47011
47011
8206
47011
47011
47011
47011
47011
47011
32303
57235
47011
47011
67917
73340
47011
47011
47011
46163
47011
47011
55802
47011
47011
47011
4628
47011
47011
63348
47011
32303
47011
47011
90558
47011
60284
57235
47011
47011
25606
47011
47011
47011
47011
55802
47011
47011
47011
47011
6885
47011
32303
47011
47011
88340
60423
47011
47011
47011
47011
57235
4628
47011
11976
92116
30557
47011
47011
15760
47011
61537
55802
47011
47011
47011
32303
37975
47011
47011
47011
53468
9982
63348
5935
47011
47011
47011
47011
33883
47011
47011
57235
47011
47011
47011
53954
55802
47011
18408
32303
47011
47011
47011
348
4628
47011
14366
47011
47011
47011
47011
60284
47011
47011
21314
47011
95030
47011
92205
57235
47011
95637
47011
32303
1064
47011
55802
47011
47011
47011
18453
47011
43842
47011
47011
47011
63348
24837
47011
47011
47011
91395
47011
4628
47011
50162
32303
47011
47011
57235
47011
55802
47011
30557
47011
95701
47011
47011
47011
34399
47011
47011
92926
32824
16285
47011
47011
47011
47011
32303
47011
47011
47011
41816
47011
55802
57235
92544
47011
47011
8206
47011
83280
47011
7718
47011
4628
47011
24939
47011
47011
60284
47011
63348
32303
47011
47011
47011
31553
2495
47011
11435
47011
47011
55802
47011
57235
47011
47011
60423
47011
47011
47011
47011
68655
47011
32303
47011
5839
47011
47011
62564
83986
47011
47011
4628
47011
88340
20847
47011
55802
47011
82495
71973
47011
47011
57235
47011
47011
30557
74582
47011
32303
47011
15760
61537
47011
47011
47011
28500
47011
63348
47011
47011
47011
47011
55802
47011
47011
47011
47011
57235
33883
32303
47011
47011
4628
44144
47011
47011
60284
58038
21310
47011
47011
47011
47011
45663
47011
47011
47011
14366
47011
55802
47011
50621
47011
32303
47011
47011
94814
57235
47011
47011
50012
26123
47011
10750
47011
47011
47011
90558
47011
63348
47011
47011
91909
4628
25606
47011
47011
55802
18453
32303
47011
47011
47011
68397
47011
47011
47011
57235
47011
40353
47011
30557
47011
47011
73010
47011
47011
64530
47011
47011
32303
74967
47011
55802
88529
47011
47011
47011
47011
56947
47011
47011
4628
32824
47011
57235
60284
47011
54530
47011
11109
47011
1855
47011
47011
36153
32303
47011
28402
63348
47011
60423
47011
55802
47011
47011
22461
47011
8206
47011
47011
2840
47011
12096
47011
47011
57235
47011
17584
47011
32303
47011
47011
47011
47011
4628
34873
47011
55802
47011
39547
47011
47011
47011
47011
88340
47011
35900
47011
47011
47011
32303
44605
47011
57235
47011
47011
16285
30557
47011
47011
15760
47011
61537
63348
55802
47011
47011
47011
47011
47011
47011
47011
4628
60284
32303
47011
47011
47011
47011
57235
47011
47011
44608
33883
47011
47011
47011
55802
47011
96975
47011
47011
47011
47011
32303
47011
13243
47011
47011
47011
14366
47011
47011
57235
15011
47011
10463
47011
47011
4628
47011
55802
47011
77529
63348
12012
47011
70863
47011
32303
47011
47011
47011
47011
47011
47011
47011
14464
47011
47011
18453
47011
57235
47011
47011
55802
30557
47011
47011
32303
66234
47011
88836
47011
47011
23972
47011
60284
47011
4628
47011
47011
47011
60423
47011
47011
47011
47011
57235
11729
47011
32303
55802
11976
47011
47011
47011
63348
34399
47011
47011
47011
32824
47011
47011
47011
37975
47011
47011
47011
89376
47011
32303
47011
47011
55802
57235
4628
47011
47011
4549
47011
8206
47011
47011
71943
47011
40543
47011
47011
47011
42397
47011
36720
47011
93711
18408
47011
32303
88340
90558
47011
47011
47011
55802
47011
35071
25606
47011
57235
47011
47011
44144
30557
63348
47011
47011
47011
60284
15760
61537
47011
4628
47011
47011
21314
32303
47011
47011
82147
47011
47011
47011
67658
1148
47011
55802
47011
83474
47011
57235
47011
47011
47011
47011
43842
33883
47011
47011
32303
47011
47011
47011
47011
47011
91395
47011
47011
55802
4628
47011
50162
47011
47011
57235
47011
14366
47011
63348
94797
47011
32303
47011
84437
47011
47011
47011
47011
47011
47011
47011
47011
92926
55802
16285
47011
47011
47011
47011
32303
47011
57235
38652
60423
47011
60284
21310
47011
30557
47011
95271
47011
4628
18453
47011
47011
47011
47011
47011
47011
55802
47011
47011
47011
32303
47011
47011
47011
57235
47011
63348
47011
71749
47011
47011
72956
47011
47011
2495
47011
47011
31827
47011
55802
47011
33248
78240
32303
47011
4628
47011
47011
47011
32824
57445
47011
47011
57235
47011
47011
47011
47011
1025
47011
5839
47011
66358
47011
2966
47011
32303
62564
55802
47011
43572
47011
47011
47011
88340
8206
55131
47011
47011
60284
10213
47011
47011
47011
57235
63348
47011
4628
47011
72862
30557
47011
47011
32303
47011
56947
15760
47011
61537
47011
55802
55039
61840
47011
47011
28500
47011
20441
47011
11109
47011
47011
47011
47011
53468
9982
28402
47011
57235
5935
47011
47011
32303
47011
43698
47011
52752
47011
55205
47011
55802
33883
47011
32897
47011
4628
47011
47011
47011
47011
47011
47011
47011
32303
98778
47011
63348
57235
45663
47011
66898
47011
47011
47011
14366
8198
47011
55802
47011
60423
47011
47011
47011
59786
47011
60284
47011
47011
50708
32303
47011
47011
10196
47011
4628
10750
47011
92205
47011
57235
47011
95637
47011
90558
47011
77636
30557
55802
47011
47011
47011
25606
47011
53453
47011
18453
47011
32303
47011
47011
47011
13408
47011
47011
63348
47011
47011
57235
47011
25517
47011
55802
47011
47011
47011
4628
47011
32303
47011
47011
47011
93273
47011
47011
47011
47011
47011
47011
23430
47011
37403
57235
47011
55802
34399
47011
47011
89727
44144
47011
32303
47011
32824
16285
47011
60284
47011
47011
47011
47011
99648
47011
88340
47011
4628
47011
47011
1588
63348
47011
41816
85555
47011
34557
47011
55802
57235
32303
47011
47011
47011
30557
8206
47011
47011
28543
15760
7718
47011
58831
47011
61537
47011
91409
47011
47011
47011
37178
47011
61045
47011
32303
47011
47011
55802
47011
57235
47011
47011
31553
4628
47011
34873
47011
47011
47011
47011
28225
1358
47011
33883
47011
47011
47011
60423
32303
47011
47011
63348
47011
55802
47011
41110
47011
57235
47011
47011
11976
60284
75437
47011
47011
66441
47011
47011
4131
47011
14366
47011
32303
47011
4628
47011
47011
47011
20847
47011
55802
37975
47011
82495
47011
71973
47011
47011
57235
47011
47011
80
47011
30557
47011
43680
47011
32303
47011
47011
44608
47011
85297
47011
47011
47011
88636
55802
47011
63348
47011
18453
47011
47011
4628
47011
57235
47011
5130
47011
18408
32303
47011
47011
47011
47011
54383
47011
47011
47011
47011
55802
47011
15011
47011
47011
47011
60284
21310
47011
47011
32303
57235
47011
370
77529
12012
47011
21314
47011
47011
47011
47011
4628
47011
47011
47011
47011
55802
47011
88340
50621
47011
63348
65551
24018
32824
47011
32303
26453
47011
47011
47011
94814
47011
57235
93902
47011
43842
47011
47011
30557
47011
12928
47011
66234
47011
15760
47011
61537
47011
55802
90558
47011
85328
32303
47011
91395
32753
23972
47011
23416
47011
8206
4628
47011
81858
25606
47011
50162
47011
27171
47011
60423
57235
47011
47011
47011
47011
87551
47011
47011
47011
32303
55802
47011
47011
47011
33883
40353
63348
60284
47011
47011
47011
47011
92926
47011
16285
47011
57235
47011
1370
26368
47011
47011
47011
4628
32303
47011
18439
74967
47011
55802
47011
97779
47011
47011
91191
47011
14366
70238
47011
70807
47011
47011
56947
47011
47011
47011
47011
57235
47011
32303
47011
47011
30557
11109
47011
1855
55802
47011
47011
47011
47011
36720
28402
47011
63348
47011
4628
47011
11422
47011
47011
47011
32303
47011
2495
94082
47011
35071
57235
47011
47011
18453
47011
51092
44144
2840
55802
47011
36987
47011
47011
47011
60284
47011
47011
47011
47011
32303
47011
47011
47011
47011
47011
57235
47011
4628
47011
47011
55802
5839
47011
47011
47011
62564
47011
47011
47011
32303
63348
47011
88340
47011
47011
35900
47011
49685
10397
47011
2930
47011
34399
2721
47011
47011
57235
47011
55802
47011
32824
47011
30557
47011
60423
47011
32303
47011
15760
47011
4628
47011
61537
44164
47011
47011
47011
47011
28500
47011
47011
47011
47011
55802
57235
47011
47011
47011
60284
37569
32303
47011
8206
47011
47011
47011
47011
63348
47011
47011
47011
47011
33883
47011
47011
4628
47011
55802
47011
32303
57235
47011
47011
47011
47011
67917
47011
73340
47011
47011
47011
47011
45663
13243
47011
47011
46163
47011
47011
14366
47011
32303
55802
47011
65276
47011
47011
57235
10463
68100
47011
6539
47011
47011
30557
47011
4628
47011
47011
47011
63348
47011
47011
47011
32303
10750
47011
47011
55802
47011
88562
47011
90558
47011
60284
47011
57235
47011
47011
47011
47011
14464
25606
47011
47011
47011
18453
32303
47011
10704
16285
47011
47011
47011
43827
4628
47011
55802
47011
33641
47011
47011
47011
57235
47011
88836
47011
13008
47011
6885
47011
47011
32303
47011
63348
47011
47011
47011
47011
88340
60423
47011
55802
47011
47011
47011
47011
69636
47011
47011
57235
47011
4628
32303
47011
11976
92116
17963
47011
30557
47011
47011
47011
47011
15760
47011
61537
47011
55802
47011
32824
47011
60284
21310
47011
70970
47011
47011
47011
32303
37975
47011
96527
57235
47011
47011
3443
47011
47011
53468
9982
47011
63348
5935
47011
47011
47011
55802
4628
47011
47011
47011
47011
32303
47011
8206
33883
47011
47011
47011
93451
57235
47011
47011
33404
80183
47011
47011
47011
47011
47011
53954
55802
47011
47011
18408
32303
47011
47011
47011
47011
47011
47011
348
4628
47011
14366
34873
47011
57235
47011
47011
47011
44144
47011
30557
63348
47011
7052
55802
47011
32303
47011
60284
47011
59475
47011
47011
47011
47011
21314
47011
95030
47011
47011
92205
47011
57235
47011
47011
95637
47011
32303
47011
1064
1148
47011
55802
4628
47011
47011
47011
47011
47011
47011
47011
18453
47011
47011
15196
43842
47011
60423
47011
57235
47011
32303
47011
47011
47011
55802
63348
24837
56947
47011
47011
47011
47011
47011
91395
88340
47011
47011
47011
4628
47011
11109
47011
50162
44608
32303
47011
47011
47011
57235
47011
47011
28402
55802
47011
60284
47011
30557
47011
16896
47011
47011
95701
15760
47011
464
47011
61537
47011
47011
32303
47011
34399
47011
47011
47011
47011
57235
47011
92926
32824
55802
16285
47011
63348
47011
4628
47011
47011
90558
6434
15011
47011
47011
47011
32303
47011
47011
47011
43805
25606
47011
47011
77529
47011
12012
95271
41816
47011
33883
47011
55802
57235
47011
92544
47011
47011
47011
47011
32303
8206
47011
83280
47011
47011
7718
47011
47011
4628
47011
47011
47011
24939
47011
69206
86228
47011
55802
47011
60284
47011
57235
47011
63348
47011
32303
14366
47011
6327
47011
30557
47011
92393
47011
72956
66234
47011
47011
31553
2495
47011
47011
11435
47011
47011
23972
47011
47011
55802
47011
32303
47011
4628
57235
47011
47011
47011
47011
60423
47011
47011
47011
47011
47011
854
47011
23665
47011
68655
47011
47011
32303
55802
47011
47011
47011
5839
57235
47011
18453
63348
47011
2966
47011
47011
62564
83986
47011
47011
43572
47011
4628
47011
47011
88340
47011
20847
32303
47011
47011
55802
60284
47011
82495
47011
71973
47011
47011
47011
57235
47011
47011
47011
47011
30557
47011
74582
47011
32303
47011
47011
15760
47011
93801
61537
47011
55802
47011
47011
47011
4628
47011
28500
47011
47011
57235
63348
47011
47011
47011
47011
32303
47011
47011
36720
96971
47011
47011
32824
47011
55802
47011
47011
47011
47011
47011
47011
47011
35071
57235
55205
47011
33883
32303
47011
47011
47011
4628
44144
47011
47011
47011
47011
64335
55802
47011
60284
58038
21310
47011
2272
47011
47011
47011
47011
8206
45107
47011
32303
98778
47011
63348
47011
57235
45663
66898
47011
47011
47011
47011
30557
47011
14366
47011
47011
55802
47011
60423
47011
50621
47011
4628
47011
16285
32303
47011
47011
47011
47011
94814
47011
73605
57235
47011
47011
11976
47011
50012
26123
47011
47011
67792
47011
55802
10750
47011
47011
47011
32303
47011
47011
90558
47011
64397
47011
77636
47011
63348
47011
47011
57235
47011
91909
4628
47011
25606
37975
47011
90131
47011
53453
47011
60284
55802
18453
47011
32303
47011
47011
47011
88340
47011
47011
47011
68397
47011
36478
47011
47011
47011
47011
57235
47011
25517
47011
40353
32303
47011
55802
47011
30557
47011
47011
47011
4628
47011
15760
47011
73010
47011
61537
47011
47011
64530
47011
93273
63348
47011
47011
18408
47011
32303
57235
47011
74967
47011
55802
47011
88529
47011
47011
47011
23430
47011
47011
47011
47011
34399
47011
12796
56947
47011
47011
32303
47011
4628
47011
32824
47011
57235
47011
50909
60284
55802
47011
54530
47011
33883
47011
47011
11109
47011
1855
47011
21314
47011
47011
47011
36153
47011
32303
47011
28402
1588
47011
63348
47011
60423
47011
85555
47011
47011
55802
57235
47011
47011
47011
91604
22461
47011
30557
4628
47011
8206
47011
47011
32303
47011
14366
47011
2840
47011
72977
47011
43842
47011
12096
47011
47011
32166
47011
55802
47011
57235
47011
17584
47011
47011
47011
32303
47011
47011
47011
91395
47011
47011
47011
47011
4628
47011
63348
34873
47011
60284
50162
47011
40086
55802
47011
39547
47011
57235
47011
47011
32303
47011
28225
8858
47011
47011
47011
95351
2965
47011
47011
88340
47011
47011
35900
18453
47011
47011
47011
55802
47011
47011
32303
47011
44605
10955
47011
57235
50754
47011
47011
4628
94997
47011
75437
92926
47011
16285
30557
47011
47011
47011
47011
47011
15760
4131
47011
61537
47011
63348
55802
47011
32303
47011
47011
81969
47011
47011
57235
47011
47011
47011
47011
44144
47011
47011
47011
47011
47011
53468
4628
60284
9982
32303
47011
55802
47011
5935
47011
47011
47011
47011
13459
43680
47011
89171
57235
47011
90558
47011
47011
60423
47011
44608
47011
85297
33883
47011
32824
47011
32303
47011
47011
25606
47011
55802
63348
47011
47011
47011
96975
47011
47011
47011
73372
4628
47011
57235
47011
47011
2495
47011
32303
47011
47011
30557
47011
13243
47011
47011
55802
93085
47011
47011
47011
14366
47011
14274
47011
47011
8206
47011
47011
57235
15011
32303
47011
10463
47011
47011
47011
71680
47011
60284
21310
47011
4628
47011
55802
47011
47011
77529
63348
47011
12012
47011
47011
70863
29356
47011
5839
47011
32303
47011
92205
47011
57235
47011
47011
62564
95637
47011
47011
47011
69566
47011
55802
47011
47011
88340
47011
47011
47011
14464
32303
47011
12471
47011
4628
47011
47011
98701
18453
47011
47011
57235
47011
47011
47011
47011
55802
47011
30557
26456
93275
47011
47011
47011
32303
66234
63348
47011
15760
47011
47011
61537
88836
47011
47011
47011
47011
32753
23972
47011
57235
47011
28500
60284
47011
47011
4628
55802
47011
47011
32303
47011
47011
47011
60423
47011
2182
47011
47011
47011
47011
47011
47011
82833
47011
57235
47011
11729
47011
32303
47011
55802
11976
47011
47011
69821
47011
47011
33883
47011
63348
34399
47011
47011
4628
47011
47011
47011
47011
32824
16285
47011
41722
47011
32303
47011
57235
47011
55802
47011
47011
47011
37975
47011
30557
47011
47011
47011
45663
47011
89376
97779
47011
84603
47011
62153
47011
32303
47011
41816
60284
47011
14366
47011
70238
47011
55802
57235
4628
47011
47011
56947
47011
81270
4549
47011
47011
47011
8206
47011
63348
47011
47011
71943
47011
32303
7718
47011
40543
47011
47011
47011
11109
47011
55802
47011
70637
57235
47011
47011
42397
10750
47011
47011
36720
47011
28402
47011
93711
18408
47011
32303
4628
88340
47011
90558
47011
70596
47011
47011
47011
47011
47011
55802
47011
31553
94082
47011
35071
25606
47011
57235
47011
47011
47011
18453
47011
32303
44144
47011
30557
63348
47011
47011
50067
47011
47011
47011
60284
15760
10777
47011
61537
47011
60423
55802
47011
4628
47011
47011
47011
57235
69600
21314
47011
32303
47011
47011
47011
47011
82147
47011
47011
47011
23772
47011
47011
67658
47011
1148
47011
55802
47011
47011
83474
64345
32303
47011
47011
57235
47011
47011
52770
47011
25680
47011
48483
4628
47011
63348
47011
47011
47011
22709
20847
43842
47011
33883
18425
47011
47011
55802
47011
32303
82495
47011
71973
47011
47011
2721
47011
47011
57235
47011
47011
47011
47011
32824
47011
30557
7449
47011
60284
91395
61505
47011
20443
47011
32303
47011
55802
47011
4628
47011
47011
50162
47011
44164
47011
47011
47011
80200
57235
47011
14366
47011
47011
47011
63348
94797
47011
47011
32303
47011
84437
47011
55802
47011
47011
89081
47011
47011
47011
47011
47011
8206
47011
57235
47011
47011
4628
47011
32303
61419
47011
47011
47011
38637
47011
92926
88340
55802
47011
16285
47011
47011
47011
47011
47011
47011
47011
47011
32303
47011
57235
38652
47011
60423
47011
60284
21310
47011
63348
21249
47011
47011
67917
30557
55802
47011
47011
73340
95271
47011
4628
18453
47011
34873
47011
15760
47011
47011
61537
47011
32303
47011
47011
47011
57235
46163
47011
47011
94593
47011
47011
47011
55802
47011
986
47011
50621
47011
47011
47011
9387
32303
47011
47011
47011
47011
47011
4628
94814
47011
57235
83870
47011
47011
47011
63348
47011
55802
66341
47011
71749
47011
47011
47011
32303
65646
47011
72956
47011
47011
33883
47011
2495
47011
47011
90558
47011
60284
47011
31827
47011
57235
47011
47011
55802
47011
33248
78240
47011
32303
47011
34399
4628
30557
47011
25606
47011
47011
47011
47011
47011
32824
47011
57445
47011
47011
47011
47011
57235
47011
55802
63348
47011
32303
47011
47011
14366
47011
47011
47011
1025
47011
89461
47011
44608
47011
5839
47011
47011
40353
4628
66358
6885
70898
47011
2966
47011
47011
32303
47011
62564
55802
57235
47011
47011
43572
47011
47011
47011
47011
44144
47011
88340
60423
8206
47011
55131
47011
47011
47011
60284
10213
47011
32303
47011
74967
47011
47011
55802
47011
47011
57235
63348
47011
47011
4628
47011
11976
47011
92116
72862
47011
30557
47011
47011
47011
47011
32303
47011
56947
15049
15760
47011
15011
47011
47011
61537
18453
47011
55802
55039
47011
61840
47011
57235
47011
47011
47011
28500
47011
47011
77529
20441
47011
12012
32303
11109
47011
1855
37975
47011
47011
4628
47011
47011
47011
47011
55802
47011
53468
9982
47011
28402
47011
63348
53830
57235
5935
47011
16285
47011
47011
47011
32303
47011
47011
35321
47011
43698
60284
47011
52752
47011
47011
35149
47011
55205
47011
55802
33883
47011
47011
32897
47011
47011
4628
47011
57235
2840
32303
47011
47011
47011
47011
47011
47011
30557
47011
47011
47011
53954
66234
47011
55802
47011
47011
18408
47011
32303
47011
98778
47011
63348
47011
57235
45663
47011
66898
47011
23972
32824
47011
47011
47011
47011
348
4628
47011
14366
47011
8198
47011
55802
76867
47011
47011
32303
47011
60423
47011
47011
47011
42680
47011
57235
47011
59786
72134
47011
47011
60284
47011
47011
47011
88340
47011
47011
50708
32303
55802
79363
47011
35900
47011
47011
46552
21314
10196
47011
95030
47011
4628
47011
10750
63348
47011
91434
96047
47011
92205
8206
47011
57235
47011
47011
95637
47011
47011
90558
47011
32303
47011
77636
30557
1064
47011
55802
47011
47011
47011
47011
15760
47011
47011
61537
25606
47011
47011
23484
22348
53453
47011
57235
47011
18453
47011
32303
47011
4628
47011
47011
43842
47011
55802
47011
18348
47011
13408
47011
47011
36675
47011
47011
47011
63348
24837
47011
47011
60284
47011
32303
21310
57235
23582
47011
47011
25517
47011
47011
47011
55802
91395
47011
47011
47011
47011
47011
4628
47011
47011
50162
47011
32303
47011
30326
33883
47011
47011
47011
57235
47011
93273
47011
36720
47011
55802
47011
47011
47011
30557
47011
47011
47011
32303
47011
47011
95701
47011
63348
47011
23430
47011
47011
37403
47011
35071
57235
60423
47011
4628
12352
47011
55802
34399
47011
47011
37709
13243
47011
89727
95364
47011
44144
64934
47011
32303
3983
47011
47011
92926
32824
47011
16285
47011
14366
47011
60284
47011
47011
47011
47011
57235
47011
10463
55802
47011
47011
95491
47011
99648
32303
47011
47011
88340
25274
47011
47011
4628
47011
47011
47011
1588
47011
63348
47011
41816
50135
47011
85555
47011
47011
34557
47011
55802
57235
47011
32303
92544
47011
47011
47011
47011
47011
30557
47011
8206
47011
47011
83280
47011
47011
28543
15760
7718
47011
58831
47011
47011
61537
4628
32303
39306
47011
55802
47011
57235
91409
47011
14464
47011
24939
47011
47011
47011
47011
37178
18453
47011
47011
60284
47011
61045
47011
47011
63348
32303
47011
47011
47011
55802
47011
47011
57235
47011
47011
47011
47011
31553
47011
4628
2495
47011
34873
88836
47011
17980
20587
47011
11435
47011
32303
47011
47011
47011
47011
55802
47011
28225
47011
1358
47011
33883
47011
57235
44266
47011
56947
47011
47011
47011
47011
60423
32303
47011
30557
47011
47011
48289
47011
63348
47011
90558
47011
4628
55802
47011
33032
47011
16282
47011
41110
47011
11109
47011
68655
57235
47011
47011
47011
32303
47011
11976
60284
75437
25606
47011
47011
47011
5839
47011
66441
28402
47011
47011
55802
47011
47011
31275
4131
47011
62564
47011
14366
83986
87678
47011
47011
32303
57235
47011
32824
47011
4628
47011
47011
47011
88340
47011
28628
47011
20847
47011
47011
23820
63348
47011
55802
37975
47011
82495
47011
47011
71973
47011
32303
47011
47011
47011
57235
47011
47011
47011
47011
80
47011
47011
30557
47011
88010
47011
55802
4628
74582
47011
43680
41020
47011
32303
47011
47011
15760
47011
47011
61537
47011
44608
47011
57235
60284
8206
47011
85297
47011
47011
47011
16285
47011
47011
28500
47011
88636
55802
32303
47011
63348
47011
47011
98562
47011
18453
47011
47011
47011
47011
4628
47011
21803
57235
47011
47011
5130
47011
47011
18408
47011
32303
47011
55802
47011
47011
47011
47011
47011
60423
44237
47011
47011
54383
47011
47011
47011
47011
57235
47011
33883
32303
47011
47011
47011
55802
47011
15011
4628
47011
44144
30557
47011
63348
47011
47011
47011
47011
47011
60284
58038
21310
47011
47011
47011
32303
47011
57235
47011
370
77529
47011
12012
47011
55802
47011
21314
47011
47011
47011
47011
45663
47011
47011
47011
47011
32303
4628
47011
47011
47011
47011
57235
34399
47011
14366
47011
35435
1148
47011
55802
47011
47011
88340
47011
50621
10757
47011
63348
65551
47011
24018
32824
47011
32303
47011
26453
47011
47011
47011
47011
47011
94814
47011
47011
57235
47011
27615
55802
93902
47011
43842
4628
47011
47011
50012
26123
47011
47011
32303
30557
47011
47011
12928
23355
60284
47011
10750
47011
47011
66234
47011
15760
47011
47011
47011
61537
47011
55802
57235
85285
90558
47011
47011
85328
47011
32303
47011
91395
32753
84612
70918
23972
47011
63348
47011
47011
23416
47011
8206
47011
91909
4628
47011
47011
50288
81858
25606
47011
50162
47011
53518
47011
47011
27171
55802
47011
60423
18453
57235
47011
32303
47011
47011
53468
9982
47011
47011
47011
5935
47011
47011
87551
47011
47011
68397
47011
47011
47011
47011
32303
55802
47011
47011
47011
57235
4628
47011
47011
47011
33883
47011
40353
63348
60284
47011
52255
47011
47011
30557
47011
47011
7688
47011
47011
32303
69241
47011
92926
55802
47011
73010
16285
47011
47011
47011
57235
47011
1370
47011
26368
47011
64530
47011
47011
95817
47011
25358
47011
4628
47011
32303
47011
18439
74967
47011
47011
47011
55802
88529
47011
36962
97779
47011
47011
47011
57235
47011
91191
47011
95271
47011
47011
14366
70238
63348
88340
47011
70807
66590
32303
47011
47011
47011
21389
47011
56947
47011
47011
55802
47011
47011
47011
4628
47011
32824
47011
47011
57235
60284
47011
47011
30355
32303
54530
47011
47011
47011
47011
47011
30557
11109
47011
1855
47011
55802
56218
47011
47011
38988
47011
47011
15760
47011
47011
92205
36153
61537
32303
47011
57235
36720
47011
28402
47011
47011
63348
95637
47011
4628
60423
47011
47011
11422
47011
43627
47011
55802
47011
99185
12047
47011
47011
72956
47011
47011
32303
22461
47011
2495
47011
94082
47011
35071
57235
47011
80095
8206
47011
47011
47011
11976
47011
18453
47011
51092
49284
47011
93356
44144
2840
55802
47011
47011
36987
47011
10434
32303
12096
67528
47011
4628
47011
47011
47011
60284
47011
47011
47011
57235
47011
47011
63348
17584
47011
47011
47011
33883
55802
47011
35740
32303
47011
30557
47011
47011
47011
47011
47011
37975
47011
47011
47011
47011
57235
47011
4628
47011
34873
47011
47011
32303
47011
55802
5839
82988
47011
39547
47011
90558
47011
2966
47011
47011
47011
62564
47011
40157
47011
47011
43572
47011
47011
57235
47011
32303
63348
47011
25606
47011
47011
55802
88340
47011
47011
47011
14366
30812
35900
47011
4628
47011
49685
10397
47011
60284
21310
47011
2930
47011
47011
47011
34399
2721
47011
32303
44605
47011
31297
47011
57235
47011
47011
55802
47011
47011
47011
32824
47011
16285
47011
30557
47011
24169
92415
47011
60423
47011
18408
47011
32303
47011
47011
15760
47011
4628
47011
47011
61537
57235
63348
47011
44164
55802
47011
47011
47011
47011
47011
47011
47011
129
28500
47011
32303
47011
47011
47011
41816
47011
47011
47011
47011
55802
57235
47011
47011
47011
47011
47011
4628
47011
60284
37569
32303
47011
47011
71588
27879
47011
8206
47011
18453
47011
47011
47011
47011
7718
47011
21314
63919
55802
47011
63348
47011
57235
47011
47011
74032
32303
47011
47011
7679
47011
44608
55205
47011
79875
47011
33883
30557
47011
99205
47011
47011
47011
4628
47011
47011
47011
55802
47011
47011
32303
57235
47011
47011
47011
96975
47011
47011
47011
47011
67917
47011
22085
47011
73340
47011
466
31553
47011
47011
47011
55802
32303
47011
98778
47011
63348
43842
47011
57235
47011
45663
66898
47011
60284
4628
13243
47011
47011
88340
47011
47011
46163
47011
50674
47011
47011
47011
14366
34878
47011
32303
47011
55802
47011
47011
65276
47011
60423
47011
47011
57235
15011
47011
10463
68100
47011
91395
47011
6539
47011
47011
47011
47011
32303
30557
47011
4628
47011
47011
55802
47011
50162
47011
47011
32824
77529
47011
63348
15760
47011
12012
47011
57235
61537
47011
34144
47011
70863
47011
47011
32303
47011
10750
47011
47011
44144
47011
47011
55802
47011
88562
47011
47011
47011
90558
47011
60284
47011
2610
47011
77636
4628
57235
56947
47011
47011
32303
10021
47011
47011
47011
42132
20847
47011
47011
47011
55802
14464
47011
25606
47011
82495
47011
37366
47011
53453
71973
47011
63348
47011
47327
18453
47011
32303
92926
47011
18040
10704
47011
57235
16285
11109
47011
8206
47011
47011
47011
47011
43827
47011
4628
47011
55802
30557
47011
47011
33883
33641
47011
36842
47011
28402
47011
32303
66234
47011
43865
47011
47011
47011
57235
87699
47011
88836
47011
25517
48440
47011
47011
13008
47011
47011
6885
55802
47011
23972
47011
47011
32303
73220
47011
38788
51882
60284
47011
47011
62317
63348
47011
4628
47011
47011
47011
57235
47011
47011
35968
47011
88340
47011
60423
47011
55802
47011
47011
93273
32303
47011
47011
47011
47011
2189
47011
47011
14366
47011
69636
47011
47011
47011
57235
47011
11729
47011
47011
4628
32303
55802
47011
11976
23430
47011
92116
17963
47011
47011
30557
47011
47011
47011
47011
63348
34399
47011
47011
47011
15760
47011
47011
57235
32303
47011
61537
47011
55802
47011
47011
32824
47011
48832
47011
60284
47011
21310
47011
2495
70970
47011
47011
4628
47011
47011
47011
47011
32303
47011
37975
47011
96527
57235
47011
55802
47011
47011
47011
47011
3443
37058
47011
89376
47011
47011
53468
9982
47011
83189
47011
1588
47011
63348
5935
32303
47011
47011
47011
85555
47011
68199
47011
47011
55802
57235
4628
47011
47011
18453
47011
50621
47011
47011
4549
47011
47011
47011
30557
32303
47011
8206
47011
33883
47011
47011
47011
10084
71943
47011
94814
47011
55802
47011
93451
57235
47011
40543
47011
5839
60284
47011
33404
47011
80183
47011
32303
47011
47011
20967
4628
47011
60423
47011
62564
63348
47011
42397
47011
47011
47011
53954
47011
55802
36720
47011
47011
57235
47011
93711
18408
47011
32303
47011
88340
90558
47011
47011
47011
51937
47011
1141
47011
47011
81561
47011
16285
47011
47011
28728
47011
55802
47011
348
4628
47011
47011
14366
34873
32303
35071
25606
47011
57235
47011
47011
47011
47011
47011
47011
47011
44144
47011
30557
63348
47011
28225
45974
47011
47011
7052
55802
47011
32303
47011
47011
47011
60284
15760
47011
59475
57235
47011
61537
47011
47011
47011
4628
47011
47011
47011
47011
21314
47011
47011
95030
32303
55802
47011
32824
28500
47011
47011
40353
47011
47011
92205
82147
47011
57235
96935
47011
93907
47011
47011
47011
95637
47011
47011
75437
47011
32303
47011
67658
63348
47011
1064
1148
47011
55802
47011
4628
47011
47011
17129
47011
83474
99437
47011
47011
4131
47011
57235
65988
47011
72783
47011
47011
47011
32303
47011
74967
47011
47011
18453
47011
55802
30557
47011
47011
47011
60284
47011
15196
43842
33883
47011
60423
47011
47011
47011
57235
47011
32303
4628
47011
8206
47011
47011
47011
99013
47011
47011
55802
63348
24837
56947
47011
47011
47011
47011
47011
54016
47011
47011
26787
32303
47011
47011
57235
47011
95278
47011
91395
88340
47011
47011
43680
47011
47011
55802
47011
47011
4628
47011
45663
11109
47011
82419
1855
47011
50162
47011
44608
32303
47011
85297
47011
47011
47011
47011
57235
47011
47011
14366
47011
83732
47011
28402
55802
47011
88850
47011
63348
94797
47011
60284
20402
47011
30557
32303
47011
47011
16896
47011
84437
47011
47011
47011
47011
4628
95701
15760
47011
57235
47011
464
47011
61537
47011
55802
47011
47011
47011
32303
47011
47011
47011
34399
47011
47011
47011
19905
47011
2840
47011
47011
47011
57235
47011
10750
47011
92926
32824
73526
47011
55802
87324
32303
16285
47011
47011
65548
63348
47011
4628
52586
47011
47011
47011
47011
90558
43053
47011
6434
15011
47011
47011
47011
47011
47011
32303
47011
57235
38652
47011
55802
47011
60423
47011
60284
21310
47011
47011
34724
43805
47011
25606
47011
47011
94168
30557
47011
77529
47011
47011
94357
12012
95271
41816
47011
4628
18453
47011
32303
47011
33883
47011
47011
55802
57235
47011
47011
92544
47011
47011
63348
47011
11976
57394
47011
47011
47011
47011
47011
97047
32303
8206
47011
47011
83280
47011
47011
47011
55802
95401
47011
7718
46092
57235
47011
47011
88340
47011
66111
4628
47011
47011
39129
35900
47011
47011
47011
32303
44144
47011
24939
47011
47011
69206
47011
86228
47011
47011
55802
47011
47011
60284
47011
57235
68852
47011
37975
47011
32208
47011
63348
47011
32303
47011
14366
47011
6327
71749
47011
47011
33453
30557
47011
4628
47011
47011
92393
47011
55802
47011
72956
70319
66234
47011
47011
47011
15760
57235
31553
47011
2495
47011
32303
61537
47011
73804
47011
11435
47011
47011
47011
31827
47011
47011
32753
23972
47011
47011
47011
55802
69052
77197
47011
33248
78240
50782
47011
47011
32303
47011
4628
57235
47011
47011
47011
63348
47011
47011
47011
81162
47011
41387
47011
60423
47011
32824
47011
47011
55802
57445
47011
60284
32303
47011
78033
47011
47011
85585
47011
47011
57235
47011
854
47011
50616
47011
23665
47011
47011
68655
47011
4628
47011
18408
47011
30557
47011
32303
55802
47011
1025
47011
47011
47011
47011
47011
5839
47011
57235
33883
47011
18453
47011
63348
66358
47011
2966
47011
47011
47011
20975
32303
47011
62564
47011
55802
83986
47011
47011
47011
43572
47011
83107
47011
16285
82602
4628
68037
47011
47011
47011
57235
47011
47011
88340
47011
8206
20847
47011
32303
55131
47011
47011
47011
6872
55802
47011
60284
10213
95964
47011
47011
82495
47011
9016
71973
47011
47011
47011
47011
47011
90558
13243
47011
57235
97779
32303
63348
47011
47011
21314
47011
4628
47011
47011
55802
47011
92634
47011
72862
47011
14366
70238
30557
47011
47011
91279
47011
74582
44526
47011
47011
25606
32303
47011
47011
56947
47011
57235
15760
47011
10463
47011
93801
47011
61537
47011
40146
47011
55802
47011
55039
47011
61840
47011
47011
47011
4628
47011
32303
47011
34873
60423
47011
51042
28500
47011
47011
47011
20441
57235
63348
47011
47011
11109
47011
47011
55802
60284
47011
47011
47011
34399
47011
50428
32303
47011
47011
43842
47011
47011
47011
53468
36720
96971
47011
9982
28402
47011
47011
47011
57235
32824
5935
4628
47011
47011
55802
47011
58573
47011
47011
32303
47011
47011
47011
47011
30557
43698
47011
42006
47011
47011
52752
47011
47011
94082
47011
14464
63348
35071
47011
57235
91395
55205
47011
55802
47011
33883
32303
47011
47011
32897
47011
47011
18453
47011
4628
47011
44144
47011
47011
50162
47011
69328
47011
47011
47011
47011
47011
32303
64335
55802
57235
47011
60284
58038
88340
21310
47011
47011
47011
2272
74816
47011
85078
47011
26194
47011
47011
47011
47011
47011
66572
8206
47011
88836
45107
47011
32303
47011
48996
98778
47011
4628
63348
55802
47011
47011
57235
45663
47011
66898
47011
47011
62068
47011
47011
47011
47011
47011
47011
30557
72428
32303
47011
47011
14366
8198
47011
65364
47011
47011
55802
47011
49869
47011
57235
15760
47011
60423
47011
50621
47011
47011
61537
47011
92926
4628
47011
16285
47011
32303
47011
47011
59786
47011
57141
47011
16913
47011
47011
60284
55802
47011
63348
46971
47011
94814
47011
73605
57235
47011
44608
47011
47011
50708
47011
32303
47011
11976
47011
50012
34979
26123
47011
40231
47011
10196
47011
47011
67792
47011
47011
4628
55802
10750
47011
47011
2721
47011
92205
47011
47011
57235
47011
32303
47011
47011
47011
95637
48579
47011
47011
90558
47011
32824
64397
47011
47011
77636
30557
47011
55802
47011
47011
63348
47011
47011
32303
47011
40980
47011
57235
47011
91909
47011
4628
47011
47011
33883
25606
37975
47011
44164
47011
90131
47011
53453
75793
47011
47011
70782
60284
55802
47011
18453
47011
32303
47011
47011
47011
47011
47011
57235
47011
88340
47011
47011
9117
47011
13408
47011
47011
15011
47011
47011
68397
55802
47011
4628
32303
36478
47011
47011
64645
47011
63348
47011
47011
47011
47011
47011
57235
47011
47011
25517
47011
8206
47011
47011
77529
40353
32303
47011
60423
47011
55802
12012
47011
47011
30557
1030
85592
47011
2495
47011
47011
47011
47011
14366
47011
4628
47011
57235
47011
15760
47011
73010
47011
32303
47011
61537
47011
60284
47011
55802
47011
47011
47011
64530
47011
47011
93273
63348
78846
47011
47011
47011
18408
47011
47011
32303
57235
47011
47011
74967
47011
47011
47011
55802
47011
88529
4628
47011
47011
47011
67917
47011
47011
47011
73340
23430
47011
47011
69606
32303
47011
37403
47011
47011
57235
89230
47011
47011
47011
55802
34399
47011
47011
12796
47011
51411
56947
47011
89727
47011
44144
47011
30557
47011
63348
32303
47011
46163
47011
4628
5839
47011
47011
32824
47011
66234
16285
47011
57235
47011
50909
60284
47011
55802
47011
47011
54530
47011
62564
83385
47011
33883
47011
74810
18952
32303
47011
47011
47011
11109
47011
1855
47011
23972
47011
21314
27098
99648
47011
47011
61981
18453
47011
57235
88340
47011
55802
47011
80247
47011
4628
47011
36153
47011
32303
47011
47011
59606
47011
28402
1588
47011
47011
63348
47011
47011
60423
41816
47011
85555
47011
47011
47011
34557
1148
47011
55802
57235
47011
32303
47011
47011
47011
47011
47011
47011
91604
22461
47011
47011
30557
4628
47011
47011
8206
47011
90558
47011
60284
47011
21310
47011
32303
55802
47011
57235
47011
14366
28543
15760
7718
47011
58831
47011
2840
47011
72977
47011
61537
47011
43842
47011
18291
47011
12096
91409
63348
47011
47011
47011
25606
47011
32303
47011
32166
47011
55802
47011
47011
87230
28500
57235
4628
47011
37178
47011
47011
17584
47011
47011
61045
47011
47011
47011
47011
32303
47011
47011
47011
47011
55802
47011
37764
47011
91395
47011
47011
57235
51000
47011
47011
47011
47011
47011
47011
32303
31553
4628
47011
63348
47011
34873
47011
60284
30557
50162
47011
47011
29821
40086
55802
13186
47011
98163
47011
39547
47011
47011
6885
47011
57235
78321
47011
47011
47011
32303
47011
47011
28225
32824
47011
8858
39758
1358
47011
47011
33883
47011
61059
47011
55802
47011
47011
95351
2965
47011
47011
4628
61382
47011
85403
47011
88340
57235
60423
47011
32303
47011
47011
47011
35900
18453
47011
47011
90379
47011
63348
47011
47011
47011
55802
47011
47011
47011
41110
47011
32303
47011
44605
10955
47011
80289
47011
57235
50754
47011
47011
47011
47011
4628
47011
94997
11976
60284
47011
75437
47011
92116
92926
47011
55802
45663
82585
47011
16285
30557
47011
55072
36720
47011
32303
66441
47011
47011
55283
47011
47011
47011
57235
81343
47011
47011
15760
28315
4131
47011
47011
8206
14366
47011
61537
47011
63348
47011
55802
47011
32303
47011
47011
47011
4628
1367
68085
47011
47011
81969
47011
47011
47011
35071
57235
47011
47011
20847
47011
47011
26175
47011
32303
47011
95271
55802
47011
37975
47011
47011
82495
44144
47011
47011
71973
47011
47011
47011
5979
47011
47011
47011
57235
47011
53468
4628
47011
60284
9982
32303
47011
47011
55802
63348
47011
5935
47011
47011
80
10750
47011
47011
47011
30557
47011
47011
47011
13459
47011
43680
47011
89171
32303
47011
57235
47011
34399
47011
90558
47011
55802
47011
47011
60423
47011
47011
44608
47011
4628
58873
47011
85297
33883
47011
47011
39858
47011
32824
47011
32303
47011
48628
47011
88340
47011
57235
47011
47011
88636
25606
47011
55802
47011
63348
47011
47011
47011
47011
47011
18453
96975
47011
32303
47011
47011
47011
92097
93163
47011
56947
47011
73372
60284
4628
47011
72956
53954
47011
57235
47011
55802
47011
5130
47011
47011
2495
47011
18408
47011
32303
47011
47011
47011
47011
30557
84035
47011
47011
47011
6454
13243
47011
47011
47011
55802
57235
47011
93085
47011
15760
47011
54383
11109
63348
47011
32303
47011
348
4628
47011
61537
47011
14366
47011
47011
14274
47011
47011
42894
47011
15710
8206
47011
47011
47011
55802
47011
57235
15011
47011
28402
32303
47011
10463
80632
47011
47011
47011
47011
47011
47011
71680
47011
64591
47011
29675
47011
60284
21310
47011
4437
4628
47011
47011
55802
47011
32303
47011
47011
57235
47011
370
77529
47011
63348
16285
47011
12012
47011
47011
47011
21314
47011
47011
95030
70863
29356
47011
41396
5839
47011
60423
30557
47011
32303
47011
55802
47011
47011
92205
47011
2966
47011
57235
47011
74199
47011
4628
47011
62564
47011
95637
47011
47011
47011
43572
47011
47011
32303
23845
69566
83075
47011
99497
47011
1064
33883
47011
55802
47011
94897
47011
47011
88340
47011
57235
50621
47011
47011
63348
65551
47011
24018
47011
32824
47011
47011
14464
32303
35625
47011
60284
26453
12471
47011
47011
4628
47011
47011
55802
47011
47011
98701
47011
18453
47011
94814
47011
10961
47011
57235
47011
47011
93902
80720
32303
47011
43842
47011
47011
47011
47011
47011
47011
55802
47011
30557
47011
26456
93275
47011
12928
47011
47011
22057
47011
4628
47011
32303
57235
66234
63348
47011
24837
33019
47011
47011
15760
47011
47011
47011
61537
47011
88836
47011
55802
47011
90558
44144
47011
14366
47011
47011
85328
47011
32303
47011
91395
32753
23972
47011
47011
57235
47011
47011
28500
47011
60284
23416
47011
53829
47011
8206
47011
4628
47011
55802
47011
47011
81858
25606
47011
50162
47011
32303
47011
47011
47011
47011
27171
47011
60423
63348
47011
57235
47011
47011
2182
47011
47011
47011
55802
47011
47011
32303
47011
47011
47011
30557
47011
87551
47011
47011
4628
82833
47011
47011
47011
57235
47011
47011
11729
47011
95701
47011
32303
47011
55802
47011
11976
47011
47011
47011
69821
47011
47011
55205
47011
47011
33883
47011
40353
47011
88340
63348
60284
34399
47011
57235
47011
47011
32303
47011
47011
4628
55802
47011
47011
34873
47011
47011
47011
47011
47011
92926
32824
47011
16285
47011
41722
47011
47011
32303
47011
47011
57235
47011
1370
47011
18453
55802
47011
26368
47011
47011
47011
47011
47011
47011
37975
47011
4628
30557
47011
47011
32303
47011
98778
18439
74967
47011
63348
47011
47011
57235
45663
47011
55802
66898
47011
89376
47011
15760
97779
47011
47011
84603
47011
62153
47011
61537
47011
47011
32303
91191
47011
47011
41816
60284
47011
47011
14366
47011
70238
47011
70807
47011
55802
57235
47011
4628
47011
47011
92544
47011
60423
47011
56947
47011
47011
32303
81270
4549
47011
47011
47011
47011
47011
47011
8206
47011
63348
47011
55802
47011
83280
47011
57235
47011
47011
71943
47011
32303
7718
47011
47011
47011
40543
47011
4628
47011
47011
47011
30557
47011
11109
47011
47011
1855
47011
55802
24939
47011
70637
47011
57235
32303
47011
47011
47011
42397
10750
47011
47011
47011
47011
60284
47011
21310
36720
47011
47011
28402
47011
47011
93711
18408
63348
47011
55802
47011
32303
4628
88340
47011
90558
33883
47011
57235
47011
47011
70596
11422
47011
77636
47011
47011
47011
47011
47011
47011
47011
47011
32303
47011
55802
47011
31553
47011
2495
94082
47011
47011
35071
25606
47011
57235
47011
32824
11435
47011
47011
53453
47011
4628
47011
47011
18453
47011
47011
32303
47011
51092
44144
47011
2840
55802
30557
47011
63348
47011
36987
47011
44608
47011
50067
47011
47011
57235
47011
47011
47011
47011
60284
15760
10777
47011
32303
47011
47011
61537
47011
47011
60423
55802
47011
47011
4628
47011
47011
47011
47011
47011
57235
14366
69600
47011
21314
47011
32303
47011
25517
47011
47011
47011
16285
47011
47011
55802
47011
47011
82147
47011
68655
63348
47011
47011
47011
47011
47011
32303
23772
47011
57235
47011
4628
47011
47011
47011
67658
47011
8206
47011
53468
1148
47011
55802
5839
9982
47011
47011
47011
47011
5935
30557
47011
83474
64345
32303
47011
47011
47011
93273
47011
60284
57235
47011
62564
47011
83986
47011
52770
47011
47011
25680
47011
55802
47011
48483
47011
4628
47011
47011
32303
63348
47011
15011
47011
47011
47011
88340
47011
22709
47011
57235
20847
43842
47011
33883
47011
18425
35900
47011
47011
23430
47011
55802
47011
49685
10397
47011
32303
47011
82495
2930
47011
47011
71973
47011
47011
47011
34399
2721
47011
77529
47011
4628
47011
47011
57235
12012
47011
47011
47011
55802
47011
32303
47011
47011
47011
47011
32824
47011
63348
47011
47011
30557
18453
7449
47011
60284
91395
47011
61505
47011
60423
74582
47011
20443
47011
57235
47011
32303
47011
55802
47011
47011
15760
47011
4628
47011
47011
47011
61537
47011
50162
47011
44164
47011
47011
47011
47011
32303
47011
47011
80200
57235
47011
55802
47011
47011
14366
47011
47011
28500
90558
47011
47011
11976
1588
47011
63348
47011
94797
47011
47011
47011
32303
47011
4628
85555
47011
47011
84437
47011
47011
55802
57235
47011
47011
47011
89081
47011
47011
47011
25606
47011
47011
60284
37569
32303
47011
47011
47011
30557
47011
47011
8206
47011
47011
55802
47011
57235
47011
66234
47011
47011
4628
47011
47011
47011
32303
61419
47011
63348
47011
47011
47011
47011
38637
47011
56947
37975
47011
92926
88340
47011
55802
92205
47011
16285
47011
57235
47011
23972
47011
47011
33883
32303
47011
47011
95637
47011
47011
47011
47011
47011
4628
47011
44144
47011
47011
55802
47011
47011
47011
32303
47011
57235
47011
38652
47011
47011
60423
47011
11109
60284
58038
47011
21310
47011
63348
47011
21249
47011
47011
47011
67917
47011
30557
55802
47011
47011
32303
47011
73340
47011
95271
32824
47011
4628
57235
18453
47011
47011
34873
47011
47011
28402
47011
15760
47011
47011
47011
61537
47011
45663
47011
32303
55802
47011
13243
47011
47011
47011
47011
47011
57235
28225
47011
46163
47011
47011
47011
47011
94593
47011
63348
14366
47011
4628
47011
32303
47011
47011
55802
47011
47011
47011
986
65276
47011
47011
50621
47011
47011
57235
60284
47011
10463
47011
18408
68100
47011
47011
9387
6539
32303
47011
47011
47011
47011
55802
47011
47011
47011
30557
47011
47011
4628
47011
94814
47011
47011
57235
83870
47011
47011
32303
47011
47011
47011
63348
47011
8206
47011
50012
55802
26123
47011
66341
75437
47011
71749
47011
47011
47011
47011
88340
47011
47011
32303
10750
47011
65646
57235
47011
47011
72956
47011
47011
4628
47011
33883
47011
4131
55802
47011
2495
88562
47011
60423
47011
47011
47011
47011
90558
32303
47011
60284
47011
47011
31827
47011
47011
57235
47011
47011
47011
63348
47011
55802
47011
47011
33248
78240
47011
47011
47011
32303
91909
47011
34399
4628
21314
47011
30557
47011
14464
47011
25606
47011
47011
47011
57235
47011
47011
47011
55802
47011
47011
18453
15760
