64838
66021
60737
30462
64838
66021
4124
36054
60737
9036
84845
67398
7322
64838
88434
66021
35309
45835
30462
20938
4076
60737
64838
66021
4124
22739
36054
3725
60737
9036
30462
37559
64838
66021
65156
46
48239
76099
84845
95584
67398
60737
71091
7322
64838
88434
66021
35309
61091
45835
30462
4124
20938
4076
70846
36054
64838
60737
66021
47322
9036
74668
64838
30462
66021
60737
56314
6159
90358
81485
84845
67398
79573
4124
62726
7322
74374
22739
38343
92949
64838
36054
88434
66021
54324
20858
35309
3725
60737
87535
45835
9036
30462
45483
37559
68094
20938
4076
64838
66021
96339
21179
65156
53543
60737
60253
46
48239
4124
64838
61593
39245
36186
66021
30462
95374
36054
76099
7424
84845
95584
67398
32551
62443
76025
14998
22478
60737
40050
69396
71091
7322
64838
9036
88434
66021
55233
70995
26240
35309
61091
78945
71819
38203
45835
30462
60737
7794
64838
4124
66021
20938
4076
6249
70846
22739
22768
36054
13940
47049
3725
64838
60737
66021
84845
47322
67398
11607
57358
13327
9036
30462
5864
37559
92782
7322
74668
64838
94229
88434
66021
71781
60737
4124
65156
35309
26744
59234
28094
36054
14724
45835
46
64838
30462
48239
66021
10063
35616
60737
83352
20938
4076
89966
26399
9036
56314
6159
90358
43642
76099
81485
64838
84845
95584
67398
79573
66021
75147
71658
4124
60737
30462
62726
71091
7322
61756
74374
22739
38343
92949
71647
64838
15830
36054
88434
66021
99681
7551
54324
20858
93735
35309
3725
61091
91133
61906
60737
87535
64838
61418
69238
45835
98578
66021
9036
30462
45483
37559
1371
42880
68094
4124
61173
84845
67398
20938
76414
4076
60737
70846
66833
64838
66021
96339
36054
43937
21179
65156
27344
7322
30462
38262
53543
64838
88434
60737
60253
66021
46
47322
48239
5382
9036
31988
35309
56124
4124
46893
64838
6692
38048
61593
39245
36186
66021
60737
45835
22739
30462
74668
95374
36054
76099
73764
7424
84845
95584
67398
64838
32551
73990
20938
66021
3725
4076
62443
76025
14998
22478
60737
73361
40050
85518
69396
71091
7322
25641
4124
82736
64838
9036
30462
52335
88434
37559
62668
42145
66021
38239
25858
10929
3836
55233
30258
61311
60737
70995
26240
35309
61091
36054
66801
59225
78945
64838
71819
38203
90648
98142
51162
66021
56314
6564
6159
90358
45835
81485
84845
67398
696
30462
79573
34309
65156
60737
7794
64838
4124
66021
72345
9036
95243
62726
20938
4076
6249
46
56475
70846
7322
74374
48239
22739
38343
92949
95929
22768
60737
64838
36054
88434
30462
66021
60521
96733
13940
47815
47049
54324
20858
35309
3725
20196
64838
61360
60737
87535
66021
76099
4124
84845
47322
95584
67398
11607
57358
56650
73486
45835
13327
9036
30462
45483
5864
37559
64838
7824
92782
84781
68094
66021
58652
60737
36054
71091
7322
86335
20938
4076
74668
37649
34155
64838
94229
88434
24211
66021
71781
96339
30462
83079
60737
4124
90544
2780
21179
95185
47105
65156
35309
61091
64838
66336
84845
9036
67398
22739
66021
74288
26744
53543
59234
28094
36054
14724
53139
60737
60253
45835
46
64838
30462
48239
33731
66021
10063
80675
3725
10256
7322
29155
18978
35616
4124
26341
60737
69532
21256
64838
83352
39273
41003
61593
88434
35640
20938
5318
4076
39245
36186
70846
66021
89966
26399
9036
30462
56314
77977
27378
95374
36054
37559
6159
90358
43642
53190
76099
81485
60737
64838
68797
7424
84845
35309
54238
95584
67398
23681
79573
66021
1618
75147
32551
87793
71658
20086
4124
62443
58171
76025
64838
45835
14998
22478
60737
78907
30462
40050
88133
66021
62726
69396
71091
47322
7322
61756
83431
74374
22739
38343
92949
76704
71647
6029
96317
83128
64838
9036
27728
15830
65156
36054
66044
87783
88434
66021
60737
20938
99681
4076
55233
30462
84845
48526
67398
7551
64838
54324
20858
4124
93735
70995
26240
35309
3725
61091
46
70910
91133
55065
66021
61906
74668
48239
78945
94124
60737
71819
87535
38203
72189
53701
82010
64838
61418
1118
69238
45835
98578
76272
36054
66021
9036
30462
45483
7322
37559
60737
1371
75611
42880
7794
68094
64838
88434
4124
65095
66021
51040
26687
6682
30249
61173
76099
19998
84845
95584
67398
20938
25722
76414
4076
6249
60737
70846
14099
66833
64838
30462
58755
80810
68652
7021
22739
35309
22768
66021
92839
96339
36054
43247
43937
9036
64838
65678
54181
60737
74330
21179
37235
65156
27344
13940
71091
66021
45835
4124
7322
47049
30462
38262
3725
78597
53543
64838
56314
88434
60737
6159
90358
60253
66021
59388
4701
81485
45930
46
84845
47322
67398
11607
79573
57358
48239
5382
36054
64838
93243
13262
13327
20938
4076
56179
9036
30462
96855
31988
5864
35309
60737
61091
66021
37559
56124
4124
46893
8930
92782
91138
64838
6692
48693
38048
61593
62726
4082
39245
36186
7322
66021
74374
2928
79144
60737
45835
19232
28841
22739
38343
92949
21547
30462
74668
95374
64838
94229
36054
44072
7105
4229
88434
76099
73764
79070
7424
84845
66021
95584
67398
71781
9036
93285
60737
4124
64838
32551
47433
42548
60341
54324
20858
73990
65156
20938
66021
30462
35309
3725
4076
62443
171
70846
28338
54971
76025
60492
14998
22478
60737
73361
87535
40050
64838
85518
72746
67215
26744
69396
73693
59234
71091
28094
40639
36054
789
7322
14724
22137
66021
30394
45835
25641
61411
46
4124
82736
60548
64838
9036
30462
60737
45483
62044
48239
52335
88434
84845
7728
59243
67398
37559
62668
20832
42145
66021
10063
68094
38239
25858
10929
3836
55233
64838
35616
30258
22739
61311
60737
66021
47353
70995
40758
83352
26240
35309
61091
36054
30462
47322
66801
20938
4076
59225
62925
23263
78945
64838
89966
71819
1119
38203
90648
4124
98142
26399
51162
7322
60737
9036
33405
66021
56314
91506
96339
6564
6159
7438
90358
43642
16697
45835
76099
81485
64838
84845
3725
95584
67398
696
57867
88434
30462
79573
87615
21179
17755
15962
34309
66021
65156
60737
79132
75147
42644
36054
7794
64838
56721
71658
5641
4124
74668
41766
53543
66021
90722
35309
38710
60737
72345
9036
30462
59071
95243
60253
62726
64838
20938
28745
4076
6249
71091
37559
46
56475
70846
62631
7322
61756
74374
48239
1737
66021
22739
38343
73907
92949
59298
71647
95929
22768
84845
60737
93239
83046
67398
3923
64838
38079
15830
36054
45835
88434
30086
30462
4124
66021
60521
89598
96733
99681
13940
64838
92822
60737
61593
9036
47815
39245
36836
47049
36186
7551
54324
66021
20858
41625
93735
65005
35309
85301
3725
46416
61091
20196
26264
35144
64838
91133
61906
30462
61360
95374
7322
60737
87535
36054
20938
4076
66021
76099
65156
4124
7424
84845
9431
47322
95584
67398
11607
15426
64838
57358
61418
56650
73486
69238
88434
45835
98578
60737
13327
15276
32551
66021
9036
30462
92617
45483
80179
51634
5864
37559
64838
22739
50933
62443
1371
7824
76025
92782
84781
14998
42880
51512
68094
46
22478
66021
58652
60737
36054
91847
37073
40050
94775
48239
35309
4124
56314
65262
69396
64838
71091
60370
6159
7322
90358
30462
61173
81485
66021
84845
86335
67398
20938
76414
4076
60737
79573
74668
37649
70846
15779
66833
34155
64838
9036
40806
94229
71342
88434
24211
3725
21351
45835
5999
66021
71781
96339
17670
30462
83079
36054
60737
20405
43937
64838
51191
715
4124
55233
63133
7994
90544
2780
66021
21179
95185
47105
65156
62726
27344
70995
26240
35309
61091
64838
79389
60737
7322
12342
76099
74374
27732
66336
78945
84845
9036
30462
95584
67398
71819
22739
38343
66021
38203
38262
64804
92949
90429
74288
37559
26744
27761
53543
59234
58719
64838
20938
28094
4076
36054
14724
4124
32932
88434
53139
60737
14596
60253
66021
45835
46
47322
64838
30462
48239
35504
5382
33731
6215
60737
50853
66021
34594
54324
20858
9036
10063
31988
52057
7794
71091
80675
46596
64838
35309
3725
10256
7322
84845
29155
96243
67398
84372
56124
18978
35616
36054
4124
46893
41200
26341
66021
30462
60737
87535
69532
21256
92092
64838
83352
84581
6692
39273
38048
41003
61593
401
88434
35640
20938
5318
4076
6249
39245
7748
22408
36186
70846
66021
89966
60737
45835
26399
65156
64838
22739
39908
68978
9036
30462
22768
56314
74668
45483
77977
32547
90134
27378
95374
4124
66021
36054
37559
6159
90358
43642
53190
76099
73764
81485
60737
42718
64838
68797
93828
7424
84845
7322
35309
54238
40499
95584
61091
67398
68094
23681
79573
43785
82482
73565
66021
1618
41896
13940
30462
75147
64838
32551
76493
46
60737
88434
47049
66831
87793
71658
73990
48239
20086
9036
15346
20938
66021
3725
4076
4124
62443
68886
61835
58171
36054
5669
76025
64838
45835
14998
3632
22478
60737
73361
78907
30462
40050
85518
88133
66021
62726
69396
96339
71091
84845
47322
55244
62363
64838
67398
7322
61756
83431
53280
11607
74374
35309
57358
77100
46118
60737
36695
22739
38343
92949
76704
66021
71647
25641
6029
13327
96317
83128
21179
4124
82736
64838
9036
27728
30462
15830
65156
36054
66044
87783
5864
52335
88434
80777
41498
25453
37559
62668
37344
42145
66021
60737
28246
80163
92782
20938
99681
64838
4076
5392
87004
87648
38239
45835
70846
25858
10929
53543
3836
55233
33857
76099
30258
30462
66021
61311
84845
48526
95584
60737
67398
7551
64838
54324
7322
6472
20858
4124
62161
93735
60253
70995
26240
35309
3725
61091
36054
27270
9036
31293
46
31710
66801
56181
70910
91133
55065
66021
61906
59225
72703
74668
20097
48239
43709
78945
94124
64838
60737
71819
87535
38203
94229
90648
98142
30462
81994
51162
5482
72189
88434
34843
53701
66021
56314
51807
71781
82010
6564
22739
64838
61418
6159
90358
60737
1118
20938
4124
69238
4076
45835
81485
98578
76272
84845
36054
67398
66021
71091
696
9036
48350
30462
79573
45483
7322
64838
86943
34309
82688
61593
87041
65156
37559
60737
35309
23077
1371
39245
36186
75611
66021
42880
7794
68094
64838
47322
88434
30462
4124
60737
26744
36794
59234
65095
95374
66021
28094
49600
36054
47341
51040
14724
3725
26687
64838
6682
30249
88951
61173
72345
9036
76099
19998
7424
84845
95243
17450
35998
62726
95584
67398
45835
20938
25722
76414
4076
6249
60737
14830
66021
46
56475
70846
14099
7322
66833
64838
65163
30462
74374
58755
48239
80810
13809
68652
7021
73998
22739
38343
35309
32551
92949
61091
4124
95929
22768
66021
92839
56870
60737
96339
64838
59593
20188
54857
10063
36054
43247
81763
43937
88434
62443
9036
76025
24831
30462
35616
14998
66021
60521
22478
64838
65678
54181
60737
96733
74330
37559
21179
20677
40050
60772
74668
84845
81797
37235
67398
65156
27344
13940
83352
69396
47667
71091
25672
43801
66021
45835
4124
48049
7322
20938
47815
64838
4076
87164
47049
60737
30462
54324
20858
89966
81382
36054
38262
15757
26399
35309
3725
78597
66021
67326
53543
20196
64838
9036
61360
56314
88434
60737
87535
6159
90358
74272
25618
43642
60253
36927
66021
59388
30462
14977
76099
22739
4701
81485
64838
4124
87967
45930
46
84845
16352
47322
77351
95584
67398
21417
98392
11607
79573
11143
57358
48239
60737
5382
36054
17900
5475
48507
55233
407
12242
56650
66021
73486
7322
45835
25796
64838
93243
13262
54093
13327
75147
20938
4076
56179
9036
30462
96855
70846
67455
45483
31988
70995
5864
26240
35309
60737
61091
31979
66021
71658
37559
64838
53762
56124
30131
4124
13066
46893
75445
88434
78945
7824
8930
57074
92782
84781
91138
71819
65156
18567
38203
36034
68094
66838
66021
58652
60737
36054
84845
64838
56144
30462
67398
69454
6692
48693
3725
38048
61593
62726
4082
22203
71091
91094
39245
36186
7322
66021
9036
61756
74374
64838
85042
2928
79144
60737
45835
19232
28841
4124
86335
22739
38343
42330
926
92949
21547
20938
95956
71647
11661
4076
30462
66393
74668
35309
66021
37649
95374
34155
64838
15830
94229
36054
44072
43056
7105
60737
30134
4229
46998
88434
46
76099
24211
73764
79070
7424
84845
66021
95584
48239
67398
7794
71781
27703
64838
34922
96339
49498
99681
9036
93285
30462
83079
50025
60737
4124
7322
37559
66021
84812
90544
64838
32551
47433
42548
13017
60341
47322
2780
45835
37153
36054
21179
7551
54324
56314
13431
95185
20858
47105
60737
73990
93735
37384
65156
20938
66021
30462
35309
76964
3725
61091
4076
6249
64838
62443
6159
171
86649
90358
17453
70846
28338
54971
76025
60492
91133
28568
61906
88434
14998
81485
64836
74783
4555
66336
84845
9036
22478
45105
4124
3043
67398
60737
73361
87535
22739
66021
50130
40050
79573
64838
85518
74288
22768
72746
67215
26744
53543
69396
73693
59234
30462
71091
86730
28094
75320
40848
40639
36054
789
7322
14724
22137
66021
53139
61153
60737
64838
61418
60253
90900
69238
30394
72004
45835
98578
50229
25641
61411
46
66021
4124
82736
60548
81266
35309
64838
9036
30462
60737
20938
45483
62044
48239
70032
76099
13940
4076
46538
52335
88434
33731
84845
7728
808
59243
95584
67398
37559
90962
62668
20832
42145
66021
1371
36054
85445
64838
47049
17941
96889
62726
74668
60737
42880
10063
80675
81273
68094
3725
38239
25858
30462
10256
7322
10929
3836
74374
65156
62932
66021
42889
29155
55233
64838
18978
35616
4124
62459
30258
48399
21274
22739
38343
61311
1267
26341
9036
92949
4673
60737
69532
66799
40668
45835
21256
55078
267
26783
66021
61173
47353
70995
79928
40758
64838
83352
26240
35309
61091
36054
39273
30462
27836
84845
47322
66801
41003
61593
53965
20422
67398
88434
35640
5800
20938
5318
76414
11607
4076
59225
60737
32222
39245
62925
57358
49313
28633
96334
23263
36186
70846
78945
66021
66833
64838
89966
71819
1119
38203
90648
4124
98142
26399
63830
71091
51162
13327
8327
7322
91085
60737
9036
30462
33405
66021
56314
91506
64838
77977
46
27378
5864
95374
96339
6564
40149
50705
89325
36054
37559
6159
83074
7438
90358
48239
43937
43642
16697
54324
53190
20858
45835
76099
66021
81485
60737
64838
68797
92782
7424
84845
35309
54238
3725
95584
67398
52703
696
57867
23681
88434
4124
90027
30462
79573
58279
87615
21179
20938
22739
17755
15962
34309
4076
66021
6745
64838
1618
65156
30259
27344
60737
79132
87535
9036
12892
75147
32551
84829
74278
74190
7322
42644
36054
13942
35322
7794
66021
82919
64838
30462
87793
56721
71658
20086
38262
60737
62395
5641
10439
4124
62443
45416
74668
41766
68579
58171
53543
38296
83404
76025
84845
66021
64838
45835
90722
14998
67398
62214
94229
47650
35309
22478
61091
38710
88434
60737
93322
72345
78907
5616
78068
9036
30462
40050
59071
57985
88133
45483
19031
95243
60253
36054
66021
62726
64838
20938
71781
28745
69396
4076
6249
71091
70356
37559
46
47322
56475
70846
62631
7322
61756
83431
60737
57555
74374
49663
79670
4124
3725
48239
1737
16982
66021
64838
5382
68094
66497
30462
22739
38343
315
73907
92949
59298
76704
71647
76099
95929
6029
22768
96317
83128
84845
60737
93239
83046
95584
20239
67398
3923
64838
66021
9036
27728
38079
15830
65156
31988
36054
45835
66044
87783
35309
88434
72677
30086
30462
81952
56124
7100
51645
4124
64838
25275
66021
60737
46893
14704
60521
57536
89598
56314
79416
96733
43407
20938
99681
90369
7322
23584
4076
45970
56642
44387
28196
35102
94542
6159
26744
13940
64838
90358
70287
66021
58479
92822
59234
60737
6692
55233
26118
28094
38048
61593
9036
81485
30462
36054
14724
78407
47815
84845
28923
48526
1291
77951
67398
39245
36836
47049
36186
7551
64838
54324
66021
79573
20858
41625
76682
37559
4124
93735
96339
65005
70995
60737
30917
45835
26240
35309
85301
88434
3725
46416
80397
61091
50798
46
16648
22739
53346
20196
26264
35144
70910
76856
64838
91133
55065
66021
61906
30462
61360
71091
74668
48239
78945
8637
95374
94124
7322
60737
94407
22054
71819
87535
38203
36054
20938
16715
9036
4076
35973
72189
64838
21179
66021
5263
70846
76099
73764
72917
21056
44066
65156
4124
53701
7424
84845
9431
47322
24419
95584
10063
67398
11064
30462
60737
82010
11607
52474
15426
73298
64838
57358
66021
1376
61418
89161
1118
56650
50138
35616
73486
69238
88434
35309
45835
98578
76272
18711
62726
60737
13327
15276
36054
64838
32551
66021
42900
9036
30462
53543
92617
45483
80179
7322
83352
51634
4124
5864
9887
74374
73990
25002
37559
64838
60737
20938
66021
3725
4076
22739
38343
50933
62443
84845
1371
92949
67398
75611
60253
7824
76025
92782
89966
84781
14998
42880
30462
7794
51512
17997
68094
64838
46
26399
22478
66021
26839
58652
60737
36054
73361
91847
37073
40050
88434
85518
10144
94775
26504
48239
35309
9036
33208
4124
61091
56314
45835
65262
24698
69396
65095
64838
70261
89596
71091
66021
60370
28150
60737
6159
7322
51040
90358
30462
65156
26687
6682
30249
45686
43642
61173
76099
81485
64838
19998
66021
7004
84845
86335
42946
95584
81438
67398
23392
20938
25722
76414
36054
4076
6249
25641
60737
79573
74668
37649
70846
14099
81898
15779
4124
82736
66833
34155
62927
64838
9036
30462
40806
66021
58755
94229
54324
20858
71342
62158
80810
80802
52335
68652
7021
88434
32644
47322
22739
75147
35309
60737
24211
3725
37559
62668
38759
41294
21351
45835
64838
20527
42145
22768
5999
66021
92839
56700
70703
71781
65290
7322
61593
96339
7397
71658
17670
30462
83079
36054
43247
96055
39245
60737
90504
20405
43937
81746
87535
38239
84845
64838
18739
51191
36186
715
4124
25858
59831
66021
67398
68402
10929
3836
46
89347
9036
55233
63133
7994
90544
30258
20938
4076
61311
48239
64838
46062
65678
54181
2780
60737
66021
74330
8000
25559
30462
21179
97293
95185
47105
37235
88434
95374
76045
65156
62726
27344
70995
77948
13940
26240
35309
61091
85971
5255
71091
64838
79389
36054
28373
99572
47588
249
66801
66021
45835
58299
4124
60737
7322
61756
77022
48871
12342
78697
59225
76099
74374
27732
66336
47049
41992
7424
78945
84845
9036
47383
30462
95584
67398
64838
45483
71819
22739
38343
66021
38203
38262
64804
47902
61113
92949
90648
98142
83413
90429
71647
60737
3725
51162
74288
1658
78597
90042
37559
26744
27761
53543
59234
58719
64838
11444
20938
28094
74257
4076
15830
66021
56314
90171
36054
14724
4124
30462
70846
32551
94333
32932
88434
53139
6564
60737
14596
68094
6159
35309
90358
64838
60253
74668
66021
74524
9036
59388
7322
45835
4701
81485
36920
45930
46
84845
47322
99681
60737
67398
62443
73348
4264
19972
696
64838
11607
30462
79573
66021
52396
57358
76025
48239
35504
14998
5382
36054
33731
6215
4124
34309
22478
65156
74073
60737
50853
80520
64838
93243
79907
40050
66021
13262
13327
20938
34594
6341
7551
4076
2947
56179
54324
88434
20858
22739
9036
72277
30462
96855
93735
69396
82164
10063
4094
31988
52057
7794
71091
80675
46596
64838
5864
35309
3725
60737
61091
76099
66021
46907
10256
7322
73263
37559
84845
45835
29155
95584
96243
67398
91133
85652
84372
56124
61906
18978
35616
36054
4124
31990
46893
4506
93390
41200
64838
8930
26341
66021
92782
30462
91138
49100
60737
87535
69532
96339
21256
92092
43610
92064
72345
64838
83352
9036
84581
66021
6692
39273
48693
95243
38048
78381
41003
61593
401
60737
62726
88434
35640
20938
5318
4082
4076
6249
86325
30462
46
4124
39245
64838
7748
56475
36054
22408
35309
66058
24963
36186
70846
61418
7322
66021
89966
84845
74374
83688
67398
12966
2928
69238
21179
79144
60737
48239
45835
75518
26399
15072
98578
19232
65156
28841
64838
22739
38343
39908
68978
92949
66021
21547
9036
30462
67679
75547
95929
22768
56314
32902
74668
45483
77977
32547
55233
90134
3725
27378
47322
60737
1856
95374
72803
64838
4124
66021
94229
23046
36054
44072
37559
6159
7105
90358
4229
36861
43642
88434
67761
53190
15380
1371
13712
71091
17684
76099
73764
81485
79070
20938
60737
42718
64838
68797
93828
70995
30462
17667
4076
7424
84845
7322
26240
35309
24253
54238
53543
66021
42880
40499
95584
61091
68640
67398
60521
71781
68094
23681
70688
79573
43785
82482
96733
9036
19466
93285
45835
68128
64838
73565
60737
45853
66021
62495
78945
4124
1618
41896
74108
13940
36054
71819
38203
30462
60253
29059
75147
64838
4117
32551
67903
64674
91523
47433
42548
76493
60341
47815
46
66021
60737
54657
61173
22739
88434
47049
43869
54324
66831
87793
20858
71658
73990
55378
64838
48239
84845
20086
40013
65156
49097
7322
67398
9036
15346
20938
66021
30462
35309
76414
3725
4076
60737
4124
27227
62443
1884
171
68886
61835
58171
20196
36054
70846
5669
28338
54971
66833
76025
60492
64838
4640
49965
45835
61360
14998
37559
56665
66021
3632
22478
60737
73361
87535
78907
35196
30462
40050
64838
85518
88133
66021
72746
62726
67215
26744
76099
69396
73693
59234
88434
9036
96339
4124
71091
19990
99215
28094
60737
84845
47322
55244
62363
95584
64838
85329
40639
67398
36054
789
74668
7322
61756
14724
22137
83431
53280
11607
43937
66021
74374
35309
30462
57358
61091
30731
73992
46715
20938
31709
77100
4076
46118
7794
50035
56650
94329
64838
56314
60737
36695
22739
38343
73486
30394
92949
76704
45835
66021
71647
25641
61593
6029
25194
61411
84598
35586
46
50715
5767
13327
96317
83128
37712
6159
21179
90358
4124
82736
60548
33158
64838
3725
9036
27728
39245
30462
60737
15830
36186
65156
45483
27344
36054
66044
66021
62044
48239
87783
81485
5864
52335
25278
76171
88434
84845
12817
7728
59243
80777
41498
67398
25453
37559
64838
62668
20832
7322
37344
79673
3316
79573
42145
64686
66021
60737
35309
28246
66824
30462
1677
11010
68982
7824
80163
92782
84781
49416
46308
20938
99681
10867
64838
38262
4124
10063
6363
4076
95374
6249
68094
5392
87004
66021
87648
38239
58652
45835
9036
35549
70846
25858
60737
36054
10929
27083
53543
3836
55233
64838
35616
33857
64501
45958
76099
30258
30462
60620
66021
22739
7424
61311
84845
48526
71091
67183
88434
95584
60737
67398
7551
64838
22768
54324
7322
6472
15133
20858
75080
4124
62161
93735
44861
60253
66021
47353
70995
40758
83352
17951
26240
35309
50752
3725
61091
36054
27270
9036
31293
60737
30462
46
31710
47322
66801
86335
64838
56181
92710
51859
70910
14931
20938
91133
55065
66021
65156
61906
4076
59225
32551
72703
74668
62925
45835
91348
20097
48239
10956
43709
53745
37649
23263
34009
78945
37559
94124
98501
5382
34155
11035
64838
89966
60737
71819
87535
1119
62726
38203
21364
94229
84845
90648
66021
4124
98142
26399
30462
81994
67398
51162
81380
5482
72189
88434
31026
24211
7322
64838
36054
34843
53701
47923
62443
60737
13940
17351
9036
74374
20071
11122
33405
66021
56314
91506
31988
51807
71781
76025
35309
82010
96339
14998
26821
6564
22739
38343
64838
30462
83079
92949
22478
61418
6159
7438
90358
60737
66021
1118
47049
56124
43642
35808
20938
4124
16697
69238
40050
46893
75158
4076
45835
76099
81485
98578
64838
91480
76272
70846
47836
17534
84845
90544
36054
3725
69396
95584
67398
66021
74049
71091
696
60737
57867
9036
88434
48350
30462
79573
2780
31791
45483
7322
64838
84356
39846
87615
21179
66886
46
95185
6692
17755
15962
47105
86943
34309
50571
66021
82688
38048
61593
87041
65156
95148
37559
71141
60737
4124
35309
79132
61091
64838
48239
23077
1371
39245
75147
15725
30462
36186
75611
66021
42644
36054
42880
7794
20938
67496
60737
66336
68094
45835
64838
84845
9036
4076
47322
56721
67398
71658
26501
22739
66021
11607
93619
1589
88434
57358
5641
74288
30462
7322
4124
95938
64838
79802
74668
53046
41766
60737
26744
36794
53543
54324
59234
65095
95374
73160
20858
66021
90650
28094
90722
49600
36054
60219
47341
35309
51040
14724
3725
26687
64838
71075
13798
13327
38710
6682
30249
88951
2635
53139
68566
60737
61173
72345
9036
66021
76099
30462
73764
51133
59071
19998
50194
65496
7424
84845
95243
5864
17450
60253
353
35998
62726
64838
95584
64331
67398
4124
45835
20938
28745
55233
25722
76414
53497
4076
6249
71091
60737
14830
66021
87535
37559
46
36489
73478
20827
56475
46817
88434
65156
70846
14099
62631
56314
7322
61756
66833
64838
65163
36054
30462
74374
8542
58755
48239
92782
1737
75865
66021
80810
60737
13809
68652
7021
73998
33731
6159
29575
22047
90358
70995
83108
61769
9036
78408
22739
38343
74998
26240
35309
64838
73907
32551
92949
59298
61091
71647
19321
4124
32606
81485
95929
22768
66021
92839
56870
25329
30462
84845
60737
93239
4149
83046
96339
67398
3923
6931
64838
38079
73990
59593
20188
15830
54857
78945
10063
79573
53343
36054
43247
45835
80675
36769
81763
20938
66021
43937
3725
71819
4076
45821
88434
38203
62443
10256
7322
60737
75580
64838
47322
30086
29155
9036
76025
24831
30462
57370
18978
35616
4124
14998
45483
66021
13173
60521
9144
89598
22478
8098
26341
64838
88948
65678
54181
38714
35309
60737
96733
76099
73361
99681
74330
37559
69532
49681
21179
20677
40050
60772
21256
1481
66021
85518
74668
84845
36054
81797
37235
54868
95584
29353
67398
65156
46
27344
30462
88184
13940
64838
83352
581
69396
47667
92822
43686
88582
60737
71091
25672
94229
39273
22739
43801
66021
45835
41003
61593
9036
4124
48049
12148
28484
88434
68094
48239
35640
7322
20938
5318
47815
64838
4076
27777
87164
6533
39245
92082
36836
92543
47049
36186
70846
60737
7551
30462
54324
66021
20858
89966
41625
81382
39657
58734
71781
93735
36054
38262
15757
48472
65005
64838
82702
26399
35309
85301
3725
46416
61091
84845
25641
90180
78597
66021
67398
67326
60737
45948
53543
20196
28692
26264
35144
62726
4124
82736
96649
64838
91133
9036
82478
61906
30462
61360
41135
56314
77977
27378
66021
95374
52335
45835
88434
7322
89744
60737
7794
967
87535
64838
74374
7096
36054
10408
20938
37559
6159
62668
90358
74272
4076
3646
59340
87316
25618
43642
42145
60253
7714
36927
66021
53190
59388
30462
14977
76099
22739
38343
24202
4701
81485
60737
64838
65156
4124
87967
68797
92949
45930
69023
46
7424
84845
9431
16352
47322
35309
77351
54238
77614
95584
67398
9036
21417
66021
98392
11607
23681
38239
79573
15426
25858
63013
11143
78412
64838
57358
48239
3016
10929
60737
61418
3836
71091
30462
5382
36054
95456
17900
5475
48507
55233
407
12242
56650
78489
66021
1927
73486
1618
7322
69238
88434
30258
29354
3725
45835
25796
64838
56213
74668
96339
93243
98578
61311
4124
13262
20897
54093
60737
42375
13327
75147
15276
20938
32551
6194
66021
46761
4076
56179
42391
6249
30103
16173
26744
9036
30462
29652
50614
92617
96855
64838
59234
67021
84845
70846
67455
45483
31988
70995
80179
51634
67398
28094
5864
26240
35309
64027
60737
61091
31979
87793
36054
66021
71658
44113
35527
14724
20086
66801
7087
37559
64838
53762
54909
77349
56124
22739
59225
30131
50933
4124
62443
13066
46893
1371
30462
66021
60737
58171
7322
21179
75445
88434
78945
22768
7824
8930
76025
57074
92782
64838
51251
84781
91138
45835
71819
89898
65156
73466
14998
18567
42880
38203
9036
13696
99331
26132
51512
90648
98142
36034
68094
76099
46
66838
22478
66021
51162
58652
54324
20938
51947
60737
65831
36054
84845
20858
78907
4076
39659
64838
56144
91847
68783
95584
30462
67398
69454
37073
40050
2483
27355
94775
6692
88133
59416
48239
48693
35309
3725
4124
38048
27872
61593
66021
56314
62726
65262
4082
22203
69396
12814
64838
60737
71091
42888
91094
6564
76881
60370
9877
39245
47322
36186
6159
7322
66021
9036
61756
83431
32431
90358
30462
88434
28206
74374
64838
85042
61173
2928
36054
79144
35337
53543
60737
41265
87535
45835
13840
81485
10063
25652
78440
19232
44317
66021
28841
67471
84845
13940
4124
86335
67345
22739
38343
37559
42330
926
67398
55535
92949
64838
76704
21547
66553
20938
95956
696
76414
71647
11661
4076
30462
38554
66393
60737
6029
79573
74668
35309
96317
83128
66021
61091
86659
37649
70846
35616
80318
95374
15779
66833
71212
34155
64838
9036
27728
7864
17303
34309
60253
40806
47049
15830
65156
94229
36054
66044
44072
43056
87783
7105
60737
71342
30134
4229
7322
46998
66021
84704
88434
46
4124
30462
69752
64838
81981
72561
21952
76099
24211
45907
73764
83764
3725
79070
21351
45835
83352
7424
84845
5999
74663
66021
60737
95584
48239
67398
7794
80867
71781
27703
64838
37113
34922
96339
49498
87826
77278
20938
81540
99681
9036
86146
93285
17670
30462
83079
4076
36054
35309
50025
66021
45483
60737
20405
29295
43937
64838
71091
51191
715
4124
22739
89966
48960
46372
7322
93592
37559
88407
66021
55233
63133
84812
88434
7994
26399
90544
63896
12159
64838
32551
60737
47433
30462
42548
13017
60341
84845
47322
19372
48526
2780
45835
67398
94281
37153
66021
72345
64324
9036
36054
11204
11607
21179
7551
64838
54324
56314
13431
95185
20858
47105
60737
73990
68094
57358
4124
14409
93735
95243
37384
65156
18705
62726
27344
70995
20938
66021
26240
30462
35309
76964
14994
3725
91951
61091
4076
30892
6249
64838
79389
62443
6159
66361
171
86649
46
90358
56475
41147
17453
60737
43642
70846
28338
54971
70910
7322
76025
60492
91133
12342
28568
29669
55065
66021
61906
13327
88434
76099
82123
74374
9696
14998
81485
74668
64836
64838
66911
74783
4555
27732
66336
48239
36054
30897
78945
84845
9036
22478
30462
94124
45105
95584
4124
3043
67398
60737
61593
71819
73361
87535
22739
38343
66021
38203
38262
5864
45835
64804
50130
40050
92949
79573
64838
85518
90429
72189
74288
95929
22768
39245
72746
37559
67215
26744
27761
36186
53543
69396
60737
73693
66021
59234
35309
58719
53701
30462
71091
64838
20938
86730
28094
75320
4076
40848
40639
36054
789
7322
14724
22137
92782
4124
9036
82010
75147
66021
32932
88434
53139
61153
60737
64838
14596
84845
61418
67398
3725
30462
1118
65156
60253
66021
90900
69238
30394
72004
60521
64838
45835
71658
95374
60737
98578
50229
25641
76272
61411
46
96733
47322
36054
66021
4124
82736
60548
81266
35309
64838
9036
61091
30462
22739
60737
96339
20938
45483
7322
62044
48239
70032
76099
13940
35504
4076
46538
52335
5382
66021
88434
33731
6215
7424
84845
64838
7728
808
70846
59243
95584
67398
37559
90962
62668
20832
60737
50853
56314
47815
30462
42145
66021
1371
36054
85445
4124
64838
34594
47049
17941
75611
96889
45835
54324
62726
20858
9036
74668
6159
60737
90358
42880
10063
31988
52057
66021
7794
71091
80675
81273
46596
68094
64838
35309
3725
38239
21179
25858
30462
10256
94229
7322
81485
61756
32551
10929
20196
3836
20938
74374
84845
65156
60737
62932
66021
42889
88434
29155
4076
55233
96243
64838
67398
84372
56124
18978
35616
36054
4124
61360
62459
30258
46893
48399
41200
79573
21274
65095
22739
38343
61311
1267
46
26341
66021
9036
92949
4673
30462
60737
64838
87535
71647
71781
69532
66799
40668
45835
51040
21256
92092
55078
267
26687
6682
62443
30249
26783
48239
66021
61173
47353
70995
79928
40758
64838
83352
26240
35309
60737
76099
37559
15830
76025
61091
84581
6692
4124
7322
36054
39273
19998
14998
30462
27836
84845
47322
66801
38048
41003
61593
401
53965
95584
66021
20422
67398
88434
35640
5800
22478
20938
64838
5318
25722
76414
53543
11607
4076
59225
9036
6249
60737
32222
39245
62925
7748
57358
49313
28633
96334
22408
40050
23263
36186
70846
78945
14099
3725
66021
66833
64838
89966
56650
30462
71819
1119
38203
73486
58755
60737
90648
69396
4124
98142
45835
26399
63830
36054
99681
80810
71091
51162
68652
7021
66021
65156
64838
22739
13327
8327
35309
60253
7322
39908
91085
68978
84845
60737
9036
67398
30462
33405
22768
66021
88434
56314
74668
92839
91506
45483
64838
77977
32547
90134
46
27378
5864
95374
20938
96339
4076
6564
40149
50705
4124
60737
66021
89325
36054
43247
37559
64838
6159
83074
7438
90358
48239
62726
43937
30462
43642
16697
7551
54324
53190
20858
45835
76099
73764
66021
93735
81485
60737
42718
64838
68797
9036
7824
93828
92782
84781
26744
7424
84845
7322
35309
54238
3725
40499
95584
61091
59234
67398
74374
52703
68094
696
57867
28094
23681
88434
4124
66021
90027
30462
58652
64838
65678
79573
54181
43785
58279
82482
60737
36054
74330
14724
91133
61906
87615
21179
20938
22739
38343
17755
73565
47322
15962
37235
34309
92949
4076
66021
6745
64838
1618
65156
30259
41896
27344
13940
60737
70846
79132
87535
9036
30462
71091
12892
66021
75147
45835
64838
32551
4124
84829
74278
84845
74190
76493
7322
42644
67398
35309
46
36054
60737
13942
35322
7794
37559
88434
47049
66021
82919
64838
30462
66831
55233
87793
56721
71658
73990
48239
20086
86335
38262
60737
9036
62395
15346
20938
66021
64838
5641
10439
3725
4076
61418
4124
62443
45416
78597
74668
41766
68886
76099
61835
68579
58171
53543
36054
37649
61593
30462
5669
38296
60737
83404
69238
34155
76025
84845
66021
64838
22739
45835
90722
95584
14998
7322
67398
98578
56314
70995
62214
94229
47650
26240
35309
39245
3632
22478
61091
38710
36186
88434
66021
10063
64838
60737
93322
73361
72345
78907
5616
78068
65156
9036
30462
24211
40050
4124
6159
85518
59071
90358
57985
88133
45483
19031
95243
60253
36054
66021
62726
64838
59388
60737
78945
20938
71781
28745
69396
4701
81485
35616
4076
96339
6249
71091
45930
70356
71819
37559
46
54324
84845
38203
47322
56475
55244
62363
20858
30462
83079
66021
64838
70846
67398
62631
7322
61756
83431
1371
45835
60737
53280
11607
95374
57555
74374
49663
79573
35309
79670
4124
9036
3725
57358
48239
1737
88434
77100
16982
66021
64838
42880
5382
36054
46118
68094
83352
66497
60737
30462
36695
22739
38343
90544
315
73907
92949
59298
76704
66021
64838
71647
93243
76099
25641
95929
6029
22768
2780
13262
13327
96317
20938
83128
7424
84845
60737
93239
21179
87535
4124
4076
82736
83046
95584
56179
20239
67398
3923
95185
64838
66021
9036
47105
27728
38079
7322
30462
96855
15830
65156
31988
36054
45835
66044
87783
89966
5864
35309
52335
60737
61091
74668
88434
64838
66021
80777
26399
41498
25453
72677
37559
62668
30086
61173
37344
30462
81952
56124
7100
51645
42145
4124
64838
25275
66021
60737
46
46893
14704
28246
60521
57536
66336
89598
3725
84845
71091
9036
32551
8930
80163
36054
56314
92782
67398
79416
91138
96733
43407
20938
99681
90369
76414
64838
22739
66021
7322
23584
4076
48239
60737
45970
56642
30462
44387
28196
5392
87004
35102
87648
38239
94542
74288
45835
70846
25858
35309
66833
47322
6159
88434
26744
13940
64838
10929
90358
70287
66021
53543
3836
58479
4124
92822
59234
43642
60737
6692
55233
48693
26118
28094
33857
38048
61593
76099
7794
62726
30258
9036
81485
62443
30462
36054
64838
66021
14724
78407
4082
47815
45483
61311
84845
28923
48526
1291
53139
95584
65156
60737
77951
67398
76025
39245
36836
47049
14998
36186
7551
64838
54324
7322
66021
6472
79573
20858
20938
41625
76682
37559
4124
62161
22478
74374
93735
4076
60253
30462
2928
96339
65005
70995
79144
60737
30917
45835
26240
35309
85301
88434
64838
3725
46416
80397
66021
61091
50798
40050
36054
27270
19232
9036
31293
28841
46
31710
66801
16648
22739
38343
53346
43937
20196
56181
92949
26264
35144
70910
21547
60737
76856
64838
91133
55065
66021
61906
69396
84845
30462
59225
75147
61360
68094
72703
71091
74668
67398
4124
20097
48239
43709
78945
8637
95374
94124
33731
64838
7322
60737
66021
94407
22054
71819
87535
38203
94229
36054
20938
44072
16715
90648
98142
7105
9036
4229
71658
30462
81994
4076
35973
6249
51162
5482
72189
35309
88434
64838
45835
21179
66021
5263
60737
70846
76099
73764
72917
79070
21056
34843
44066
65156
4124
53701
27344
7424
84845
9431
47322
64838
24419
66021
56314
37559
95584
10063
67398
11064
80675
30462
51807
71781
60737
82010
11607
3725
52474
36054
15426
6564
10256
73298
7322
22739
64838
57358
9036
66021
93285
1376
61418
6159
90358
29155
60737
89161
1118
46
56650
50138
22768
18978
35616
20938
4124
73486
30462
69238
88434
64838
35309
4076
66021
45835
61091
81485
98578
38262
76272
26341
18711
62726
60737
84845
48239
13327
15276
36054
64838
32551
69532
47433
67398
66021
42548
60341
71091
21256
696
42900
9036
48350
30462
53543
92617
79573
45483
80179
7322
60737
61756
64838
83352
51634
4124
5864
66021
9887
54324
74374
20858
39273
73990
86943
34309
25002
82688
41003
61593
87041
65156
74668
37559
64838
88434
35640
76099
60737
20938
66021
30462
35309
5318
36054
3725
45835
4076
22739
38343
50933
62443
171
23077
84845
1371
92949
55233
39245
96339
95584
9036
71647
67398
64838
