2643
2664
2656
2679
2657
2636
2609
2601
2634
2644
2645
2648
2668
2666
2668
2668
2675
2670
2648
2665
2658
2654
2660
2649
2627
2610
2601
2567
2530
2527
2566
2529
2544
2516
2533
2530
2530
2499
2485
2474
2477
2449
2454
2450
2448
2465
2444
2445
2458
2445
2439
2451
2455
2439
2412
2421
2455
2455
2496
2490
2456
2426
2421
2440
2468
2490
2508
2507
2501
2493
2469
2446
2466
2438
2435
2414
2440
2441
2485
2470
2477
2449
2456
2446
2413
2425
2416
2421
2411
2378
2371
2350
2378
2418
2382
2360
2385
2350
2354
2355
