818
546
143
402
325
1305
817
2236
1067
1764
562
146
1738
2228
2748
98
265
385
2522
1714
753
2073
506
264
160
2344
1667
578
729
585
423
842
354
801
1532
1026
707
461
212
203
96
373
424
867
241
2094
601
1055
1981
395
2048
97
2614
763
448
1066
958
1110
1296
168
797
356
1993
639
876
2452
1673
918
723
1381
2196
759
9
14
1586
390
2104
962
712
692
370
2653
456
406
539
1261
229
1042
952
178
88
943
361
101
1620
1114
1891
344
408
932
285
463
867
640
91
323
2553
1033
104
643
2478
634
1207
1184
1413
342
1312
644
959
84
940
1859
1526
1167
874
2413
1414
2308
2090
336
91
1716
86
1907
388
206
445
879
846
855
2286
1474
923
1515
2414
91
485
373
189
1789
742
581
412
821
1112
735
2126
1397
326
500
806
109
543
182
31
526
736
2360
94
680
680
1516
477
1129
1558
1108
142
2010
574
249
2486
1023
547
1858
1508
2038
322
156
71
2678
2123
1588
1982
164
59
1016
251
2010
1578
1253
1220
644
747
673
187
815
1729
2088
1052
494
147
784
1888
680
23
987
33
90
401
907
453
1058
1850
911
67
669
1447
1211
1132
1569
1166
945
576
550
781
941
1685
867
1648
303
1683
1443
928
12
553
799
1854
314
474
863
269
1399
767
1466
491
1678
98
49
849
442
1894
163
839
129
341
1965
1225
1005
234
2060
1391
711
1569
1239
106
1308
2204
2125
310
948
439
15
1402
1263
1232
240
158
614
270
26
597
1127
27
696
1381
2465
852
43
1422
602
958
1819
968
371
900
815
1516
506
148
387
294
1406
1220
105
119
549
533
628
231
9
1541
768
2044
323
828
224
1285
1486
237
1968
1502
1835
1105
2419
174
714
610
2253
263
979
2273
898
42
2397
550
2043
1960
120
2060
135
1436
297
11
187
1467
94
2796
10
451
809
693
942
2088
1352
967
1370
195
983
250
884
309
1002
1051
1284
728
2531
552
88
695
221
81
814
429
1543
318
1925
46
2225
1529
593
262
1708
2240
1494
661
271
332
874
2018
1047
1126
1208
536
437
430
311
2079
1090
29
159
30
775
118
1875
2115
938
1491
555
2314
928
774
393
1676
307
1322
1508
1426
690
621
285
164
211
1465
1179
508
1623
280
711
1735
426
612
1208
183
351
8
733
347
110
904
496
865
738
1351
1942
1537
104
90
458
1602
2435
356
2324
2061
582
2681
1620
31
350
587
879
1675
2022
1495
986
536
366
4
2000
116
2286
1041
465
1277
101
950
900
64
444
659
413
731
1323
223
1444
778
1953
1586
266
240
263
611
35
379
2050
1372
1401
367
56
1624
170
1051
2055
1295
1214
292
917
243
350
1915
631
2033
680
124
499
145
53
328
1841
1968
226
43
1293
2224
557
64
1775
1762
238
739
1359
628
981
227
630
557
2346
1121
2594
2231
704
147
947
909
1679
1409
1532
222
2191
408
2248
287
1566
402
349
2764
921
1950
71
758
2037
1800
1677
395
1457
214
74
752
3
870
1001
784
220
1864
355
1360
1485
546
585
1124
1473
28
192
362
1186
1383
873
187
573
315
357
1045
1520
1350
2422
1506
2356
423
810
490
2522
773
299
359
808
260
1308
269
71
211
751
824
1048
303
2454
1818
1025
796
1745
46
1930
1020
1624
956
852
317
954
1584
106
473
1606
822
607
122
222
2604
869
247
245
1135
1987
1127
231
1976
1567
182
2117
933
42
69
2052
2095
759
913
443
121
1476
1136
1927
1018
128
1364
915
675
839
809
1525
786
1489
331
609
1037
422
154
1087
1082
1368
291
933
208
450
1988
526
25
732
80
1918
1762
1278
380
1712
1510
1710
102
875
2638
212
115
965
477
1120
702
698
1786
1726
66
313
85
2304
1903
1408
172
596
127
635
1234
107
1895
2359
1951
913
1124
813
147
2087
2019
546
1711
201
11
1264
2428
185
753
583
2317
1091
2046
1988
5
2086
446
991
876
147
1840
1930
2600
761
79
933
245
857
106
386
1684
104
68
714
1242
689
1205
1398
591
1486
450
2780
220
73
703
67
1626
2720
892
55
1994
279
768
1070
313
472
1110
441
172
923
1083
211
414
1791
736
14
1625
1485
2003
1393
868
720
522
2427
1318
386
183
1012
762
677
994
795
2190
699
2355
1749
564
811
701
2779
1142
618
1632
1166
886
2116
188
724
1600
194
912
1551
1280
2128
533
2025
2562
342
427
768
412
1422
2351
181
80
694
415
826
922
1199
1084
1283
2602
828
1709
991
1791
625
844
1403
1478
692
956
722
2748
1145
943
1697
2021
2583
570
806
334
2390
1458
2234
392
1961
405
650
2417
187
470
1330
2037
507
1852
358
311
710
1428
101
775
1520
1163
517
1611
615
1296
628
1273
618
1728
127
956
990
1353
723
617
387
2451
783
2417
128
555
851
1126
449
924
1221
203
448
514
738
2270
1535
483
2115
518
283
876
446
32
1912
310
1194
620
645
605
2307
824
58
270
1756
227
1819
548
325
1203
2007
193
436
335
40
1571
1031
1970
1017
2043
1429
83
966
513
78
1598
131
2210
1053
2070
1930
282
82
1450
516
1106
420
805
275
1527
1655
926
620
1857
949
454
805
227
1073
704
1821
1860
71
1431
1323
1076
2454
2026
822
861
1243
134
284
498
1286
388
1937
184
264
18
66
1139
2223
968
196
741
548
1291
719
999
1053
538
1032
670
2442
44
441
749
1934
660
1533
958
3
778
2637
602
316
2017
10
1153
1226
242
660
289
1613
1669
105
588
1784
1497
305
857
883
291
552
163
187
1496
1332
1817
158
2452
139
2310
1274
726
499
413
2210
616
1400
829
911
2612
420
752
1383
944
1635
1764
852
451
1000
82
1547
1104
2801
279
1976
1904
943
1017
425
2588
2433
929
114
2082
130
831
2588
870
2504
1150
1611
358
2098
2484
1379
1627
606
1690
7
962
1547
2114
725
1291
627
1122
94
1067
324
710
1412
1069
1693
1329
28
179
94
422
2689
517
1032
141
2520
1419
889
836
307
1191
958
825
743
1037
103
1886
2099
1216
202
1604
1851
1108
79
148
550
520
216
1366
1279
1981
2345
1459
306
1130
1123
411
2046
937
2325
368
754
453
124
638
180
648
191
375
1387
210
229
276
204
1542
973
365
40
1522
257
2256
1510
1683
669
1180
23
1279
560
1527
2244
1512
722
1008
1389
327
361
621
19
646
1742
1919
977
707
766
1233
14
983
1832
1945
95
295
1026
1947
735
1563
229
736
687
920
394
947
1754
1201
847
71
169
1299
682
613
1194
239
858
831
498
715
293
1206
1296
2177
1172
511
720
572
1911
688
957
710
675
1359
798
189
1007
528
423
300
1648
304
1849
1693
34
885
146
656
399
1254
1349
496
1000
1452
1194
1392
1958
523
377
945
885
1371
593
2086
700
336
15
120
1229
803
1714
121
1220
16
914
662
889
248
2088
352
797
448
1963
1043
2226
867
275
1132
349
812
72
1774
496
976
1028
1031
669
1955
532
1374
140
1494
1070
2045
1308
523
727
509
258
218
2339
246
2403
483
910
246
2256
1474
1578
1133
1804
146
272
218
287
694
1413
1579
1490
1486
731
2477
930
1332
1754
471
1502
587
9
90
994
68
270
584
516
463
1838
190
1086
805
1352
1173
807
135
272
458
2331
1018
2192
1428
1876
263
619
2101
307
1922
1357
250
1215
696
1994
880
408
167
1710
572
1532
283
1627
2233
709
2382
55
1183
1971
1139
2024
423
754
1128
802
1219
608
219
1048
192
512
1474
1183
2358
1039
2178
499
1554
433
694
27
1708
2014
925
16
390
1431
1994
321
564
864
452
1783
1613
429
1438
1576
99
1837
612
1064
916
989
811
1130
1102
220
250
447
1389
417
417
533
1505
2427
1178
2006
270
1423
513
1492
340
1474
53
409
745
517
1074
354
1348
1152
79
1465
223
376
835
1010
1313
1001
578
32
958
1753
2165
1088
857
384
1517
736
516
1088
121
491
1424
1476
182
164
1073
1887
1381
334
137
500
1015
944
398
403
1201
1370
1234
973
618
1340
814
2230
593
145
2140
2686
435
1452
595
2222
1652
1354
307
664
475
2672
27
1153
49
1886
745
2358
567
877
451
287
1614
234
13
254
773
2374
806
199
803
355
1074
1145
1076
103
390
858
1583
793
2034
455
42
704
702
1198
572
485
2283
2265
1562
356
301
2303
975
701
228
608
1045
675
107
662
420
1763
388
277
258
2216
1468
2549
1529
733
367
627
95
1642
649
1291
839
1832
439
19
242
149
2188
442
437
664
1365
758
252
1113
1613
713
2059
48
1037
975
959
302
291
982
1488
1333
1716
1423
2085
1066
1139
822
30
1545
914
1168
131
14
2215
562
1142
1882
499
2521
225
1061
1308
286
367
1853
1771
1010
834
1699
102
1345
146
1635
1495
242
353
1433
802
2514
414
240
201
160
1748
332
913
369
442
165
392
1786
1399
230
387
1581
933
610
1584
1926
1779
1235
163
44
1858
2574
858
1643
203
1196
1153
1615
1607
1372
449
184
1925
438
601
1491
1590
2001
2055
973
239
711
100
1512
457
1382
752
427
2459
381
384
41
881
2678
1040
1197
1813
1989
1171
1240
308
259
1236
225
2584
1703
709
1177
2067
1022
2571
1718
492
2372
1295
518
513
1035
28
1667
302
191
1044
910
1515
460
1182
1684
363
1686
1397
110
1584
722
1275
777
1174
178
493
711
261
1673
472
800
516
1569
1250
1466
1196
973
318
1005
1178
703
4
1714
364
245
1698
901
372
2046
2732
1014
469
653
1533
2698
2127
25
24
237
1295
99
364
253
871
152
96
693
765
2614
1292
1237
1315
1972
77
2090
48
446
1137
370
378
1531
1271
479
172
581
1278
346
93
2128
8
740
1684
1300
1454
137
1472
521
1106
1272
326
139
497
1715
549
213
973
1081
610
789
619
360
229
1475
2044
329
652
610
382
1537
1273
1412
231
425
1085
923
1029
1451
895
2080
118
1153
1903
1919
2558
1774
1842
2266
1264
1507
919
1516
2619
2345
1402
1230
196
101
1538
1171
394
929
544
483
1785
104
2262
1522
1693
1304
1550
743
780
709
1789
43
425
1997
163
244
269
1785
150
857
1828
911
2524
2353
49
562
2719
100
662
639
1338
2815
14
1758
894
613
963
2271
1156
1539
5
1144
2218
276
1182
136
854
217
1152
482
1031
932
2696
408
1451
1906
546
984
56
2287
1623
894
1407
1594
1534
325
23
820
1140
1124
1734
112
1812
1884
390
763
150
2655
336
1048
175
1671
583
581
317
1218
1903
1379
507
2369
366
592
1819
1368
405
1639
514
678
8
445
2024
1017
2000
471
200
391
204
553
607
1824
1102
1618
2029
1932
570
181
1890
2145
206
747
723
1650
1667
794
941
481
1421
1953
445
1127
304
1752
1379
1308
1013
2173
94
1295
1584
474
1570
1656
440
1010
823
1302
567
370
1012
624
821
498
827
1586
2387
343
190
1162
723
72
695
690
1170
2074
1445
298
1160
301
480
1447
425
727
1628
940
147
580
1496
219
1040
607
1011
1645
927
492
978
1141
1887
1404
336
1942
185
915
683
935
1471
479
333
781
298
2518
340
618
1513
1302
376
1761
1009
38
1179
368
1808
204
798
693
1032
653
2122
1401
1765
1441
465
2047
247
2658
1314
944
135
1317
2193
334
723
780
727
1414
1099
478
2389
477
141
1219
1974
481
2113
1982
731
2146
730
1977
334
1203
116
1429
131
1509
60
415
770
1622
1114
1475
1431
696
635
399
725
1327
349
15
808
708
1657
1178
1102
481
309
449
1202
280
498
135
2043
285
992
675
1238
1102
1392
314
430
496
794
275
1139
724
735
2009
379
2246
222
950
195
543
552
558
132
1006
778
1809
532
402
576
845
613
557
320
999
175
2000
2169
1078
531
2287
1375
1973
615
821
1594
1311
2529
472
411
146
1769
604
450
1333
631
1348
971
2068
365
977
935
858
488
1424
1656
13
2166
1503
321
823
1057
1336
2371
613
239
908
2796
467
183
861
460
18
267
33
2028
426
1609
67
796
1919
435
403
815
986
1508
983
818
1195
2558
962
1581
590
634
532
1347
964
530
2003
1321
1273
2781
5
877
1237
1188
236
2031
443
181
27
635
824
995
142
86
607
77
997
357
19
296
1206
716
1208
629
2145
1295
538
1535
82
376
61
812
335
2041
901
490
1619
793
843
1490
556
1816
524
169
289
432
1088
1605
307
1144
370
257
2261
523
1096
777
2246
1363
90
1462
1854
1435
527
861
120
1767
1127
2069
186
818
693
413
938
2492
411
847
1957
1529
622
751
2203
1608
2603
585
466
10
542
114
547
1444
1617
970
1457
1754
1544
58
117
1055
4
1082
38
1471
1772
522
637
1608
63
749
587
739
627
1987
1194
1312
619
578
2549
905
402
2112
57
627
556
717
1207
1604
1098
832
2343
1096
856
1569
1322
537
1653
694
806
13
2180
1342
857
721
1876
1518
1218
1098
122
1599
49
401
493
35
247
2037
2157
913
1294
33
1493
1071
1275
239
2352
1036
463
43
61
846
724
124
251
1128
1248
798
2099
1176
443
1481
1282
1311
763
538
1414
1254
28
568
761
2136
24
539
1898
1515
162
322
1251
949
1391
263
1721
224
77
2231
917
1374
414
2037
1460
1018
2245
775
242
181
1473
399
429
2342
346
974
1651
712
2484
184
1846
337
339
61
650
1185
58
1204
1369
1965
334
2091
1493
690
221
1192
1452
2106
534
1413
865
964
157
1287
1007
1336
398
1159
94
1036
373
932
573
14
246
671
535
766
453
323
597
570
1979
662
189
89
931
57
1958
783
2631
353
1258
255
1501
611
855
879
2081
89
524
1161
612
2589
1142
457
542
61
660
41
580
374
1562
1097
138
575
955
283
2028
356
1775
566
844
74
770
69
370
1531
1935
1145
426
1131
308
222
1579
924
297
2036
40
2565
1108
1657
2100
1325
749
1616
654
955
669
1171
1088
1133
1410
2629
151
857
1741
290
1271
1624
945
323
213
1264
215
1083
249
972
1701
2039
247
272
389
1385
1320
950
40
1669
2367
1102
1193
2012
878
378
2319
241
783
453
349
351
111
1042
622
134
1345
1455
402
1247
440
828
545
1900
1302
954
1131
2274
829
408
811
589
2107
52
172
404
2232
1598
729
373
516
639
442
147
500
153
2125
1530
1520
260
296
1299
901
1939
501
347
305
2642
797
1131
645
1866
1535
310
495
1291
1736
777
1031
78
1347
781
1355
1077
1102
2225
2286
1330
1822
348
685
464
1249
281
548
624
488
443
119
2131
467
2366
1593
667
1259
682
861
557
1103
554
2105
254
407
1405
1660
196
385
236
794
1072
130
803
1079
372
454
2320
2076
842
1477
269
1349
1504
1226
697
468
422
217
256
1085
863
299
416
307
512
1241
2295
181
224
2176
1542
1774
792
2114
1069
709
189
956
1728
557
565
239
165
1517
291
677
437
39
539
2005
1037
287
1684
2608
2414
1232
768
2146
368
520
966
59
576
264
1710
442
457
162
569
443
1728
1429
1643
865
1278
338
2251
1781
734
2070
747
1511
1031
758
1899
86
1432
1390
10
471
951
263
1934
318
2501
489
431
401
1216
892
1754
1537
1068
368
967
946
1031
1026
1399
1247
2319
336
687
885
824
870
288
899
1093
2062
2465
2026
1132
1736
845
410
756
351
391
244
137
1045
218
2750
1437
792
2283
469
509
371
301
1101
800
1499
530
1508
442
727
335
2683
377
318
1913
75
75
492
970
3
185
1768
1591
45
531
376
209
1607
2140
1465
2246
123
357
1447
75
2181
1391
1830
933
1124
755
757
280
673
601
291
1171
2451
798
1611
1888
409
1822
33
199
1211
1782
1346
1349
1285
2345
117
124
1041
282
413
233
540
854
2720
1965
115
908
2738
190
1328
1098
742
351
146
2096
1660
193
757
240
735
1727
343
117
1073
642
1400
1412
1304
565
768
421
217
1606
535
417
519
2295
1708
1515
798
175
152
563
1815
1424
802
96
418
323
255
19
396
1014
541
2088
515
65
16
475
189
1304
516
1173
865
1117
162
190
2109
328
106
1219
1798
45
728
531
1377
755
490
121
305
2052
649
321
548
1305
333
1772
111
147
317
1584
1599
743
874
843
66
508
305
786
132
1934
244
1252
407
684
31
1616
393
1483
627
558
962
533
1664
475
1129
150
1170
1379
233
813
251
769
1172
888
442
221
636
1292
509
24
631
2829
1278
590
1562
2027
2058
176
351
1567
642
1102
2490
137
487
1046
527
320
1449
43
2600
2302
1813
2756
2427
1170
773
12
933
433
901
1884
2310
172
995
1644
693
284
1979
600
1190
282
529
1517
1690
426
815
255
58
2164
650
497
92
565
1501
90
1856
1108
680
324
1814
930
457
47
664
94
340
41
1807
536
778
2048
316
1533
1180
1145
332
1999
410
1183
1623
214
2344
344
1169
313
12
311
1207
329
1403
117
2049
1272
2441
1266
344
954
1473
631
523
709
1701
1504
388
96
723
1054
677
14
1388
1353
736
188
907
2395
160
21
454
784
284
145
1092
1597
991
1148
2229
1433
2148
432
2121
594
508
1136
648
517
906
1164
2660
1020
1776
318
159
1630
1985
835
122
711
2071
452
1562
504
122
455
1826
1145
1751
545
1689
2401
420
215
63
1539
2323
484
613
1335
871
1278
833
788
600
447
45
155
2115
1363
3
936
923
1766
903
1507
661
147
1014
88
1268
1153
1449
2635
181
859
1257
1982
302
213
1005
1216
869
135
296
38
518
544
104
1110
2239
1892
1360
374
46
1689
1643
647
1443
209
392
1804
160
1460
860
1340
388
2012
254
1282
1836
889
352
277
511
1583
1961
631
162
800
1344
1249
624
1564
371
1780
393
537
471
173
72
451
547
1769
656
2050
326
638
1747
731
1514
296
861
1799
1029
1186
133
1439
967
1266
2200
2502
1150
1629
892
357
568
2553
615
614
1184
970
1337
243
592
1760
1573
313
1459
267
1632
364
414
909
483
235
262
83
761
1150
93
191
2527
143
1921
1572
392
871
1130
2203
245
42
2348
2291
1888
792
1409
744
661
498
1415
537
2293
952
2296
1470
1691
57
294
257
2014
1701
806
88
1205
544
565
2407
1459
276
303
807
155
1706
124
1620
5
1387
1536
1542
180
10
409
60
78
691
1472
762
950
1008
1794
2240
1183
1922
2192
1872
1972
26
1598
1107
1732
1878
237
65
801
1280
104
32
981
373
297
645
237
420
550
168
1439
1953
2548
1405
852
308
1396
223
2245
2209
2534
96
1461
106
106
1611
413
2491
424
247
1618
817
1054
186
1724
885
893
1198
256
787
152
305
383
1200
1764
131
730
2517
1762
689
1569
2333
1241
269
2578
56
150
1088
724
163
1932
75
1837
1566
577
1537
599
933
40
1520
1425
39
1842
126
936
957
1137
38
235
1096
177
745
1824
2531
226
229
549
172
51
1250
464
315
220
911
857
275
871
337
888
1545
1236
923
598
1807
1782
1016
413
25
1846
320
2303
1436
512
755
85
2419
886
2515
584
845
123
434
61
350
968
1913
583
761
364
365
1531
1773
178
22
330
2077
391
1949
517
309
601
1567
779
483
219
1970
1331
379
487
85
291
413
1184
1467
177
1347
2201
69
628
2473
392
1153
700
244
141
431
13
2372
1441
843
355
1030
1761
2348
1881
972
1088
875
200
1290
768
430
1136
214
1151
469
1389
1786
747
123
481
837
125
1600
2487
8
725
939
772
255
2344
487
1776
432
1342
1639
254
1572
773
320
1926
470
935
546
677
1649
2240
285
277
1031
1519
1749
459
254
1240
391
179
1051
1274
891
147
805
1066
2195
874
1649
365
2403
101
641
2287
2272
2513
294
659
2011
1343
310
428
439
70
1852
418
2706
2264
1142
235
1475
806
346
426
2746
204
957
475
343
1417
2456
252
684
947
495
1423
551
249
1887
836
1409
923
1039
1239
977
596
1284
2552
183
586
280
70
1042
1023
86
547
1246
463
202
2067
533
1710
73
73
928
1928
1190
11
263
2053
1178
1104
304
424
1385
209
124
1836
71
569
794
490
840
398
359
10
1168
518
1656
595
151
1445
768
73
530
1001
541
1061
1183
142
2041
1309
1299
924
2048
2093
175
1460
214
223
962
992
608
146
2512
317
45
1476
123
891
843
1853
1197
1917
661
154
349
870
725
563
511
161
1070
484
60
897
307
842
53
1575
746
615
605
1430
1411
187
11
914
98
1718
1129
414
1433
514
782
2291
1911
548
184
937
386
1236
392
166
2082
1980
546
2392
396
1547
1635
8
1069
90
254
1331
1433
951
2072
2319
907
415
58
2084
174
366
676
1461
185
243
1628
2578
617
2649
9
329
267
84
1528
1031
207
8
742
620
1003
573
592
1800
292
185
604
234
324
1705
1661
496
1039
1437
1990
469
1136
1716
290
1933
111
374
140
2341
49
1425
1972
707
245
437
670
462
449
277
566
1118
155
2334
914
1464
28
32
351
49
1735
1351
655
778
881
297
579
566
230
245
906
573
613
2502
79
2573
947
1124
159
1406
174
1326
1961
962
72
276
750
1527
761
169
273
116
1126
972
1619
850
912
2027
366
1342
