217511
46586
231345
102857
248268
171238
55558
171284
78861
278312
16660
299405
40659
279870
15719
148117
110225
118903
74364
161135
12288
67709
305341
110553
250487
104368
57697
107751
161767
217648
74410
267860
49289
211376
276025
99709
48546
79774
102908
92066
28568
50282
343689
329360
42472
22625
62004
147780
135931
261966
178460
212339
19768
10922
361567
132431
3771
5231
242297
163052
361778
219471
308607
79338
93631
239061
159042
156057
175384
173617
207074
142019
359540
76002
66620
340578
341453
52161
99494
74063
102191
36123
89452
239860
22934
320033
59186
146468
216305
99456
6479
107166
44453
118035
291432
309831
221411
270830
45334
104821
74490
26910
291540
101144
21397
149500
222511
243134
81789
244722
134895
53184
68171
270438
208921
245755
311977
277832
61242
141728
39085
105612
117569
203012
299547
341102
375871
67895
70681
195437
6542
137181
75261
68428
305278
202363
32931
268420
317175
248663
240411
111257
177248
37773
17245
242598
334059
123700
293447
56672
76045
80154
26405
157236
126849
16161
52594
19513
52823
303776
118966
230918
1853
1521
95707
6668
44544
30449
76474
134807
85768
43770
122026
85632
202140
208973
2137
144058
180628
5882
3899
52403
197047
60106
82788
110601
81963
125303
83536
167411
142406
400938
344247
115463
227162
56339
298082
50461
64251
34563
95393
386141
219608
225534
60915
298320
194146
42658
2444
210231
196908
12047
172816
157017
186870
114138
107859
280083
30501
62646
966
12492
32463
10913
118918
160160
34310
342138
386222
165960
43202
335973
82424
168639
83126
402196
106104
325256
129408
145517
238075
146889
12676
55752
85193
99296
68041
24875
94069
314940
125864
5515
95228
55301
59773
47707
30613
253525
67319
268563
1974
373636
52091
125571
85832
183774
119493
133231
169734
88266
29990
14931
37764
63230
31545
156730
56236
287638
155963
203827
194304
163138
31856
14878
64577
99367
236111
46854
154940
30398
1606
262426
372168
2425
91902
98644
193116
17909
353399
262646
152745
8701
15467
12737
100061
101138
259793
216660
53640
291169
219086
171398
257809
35256
296995
276107
354543
26195
60900
287622
105243
138097
3324
167081
1652
16751
188137
90686
179195
238789
235624
10519
36403
26342
243364
25304
158001
191652
292428
107558
234098
29751
308289
307249
191846
240986
2697
62520
179346
120442
201100
126946
98009
190361
21598
200720
38006
10180
66440
58828
346027
91191
28014
46144
74274
148381
367405
66331
141947
37664
213451
248189
118508
58169
337251
65431
111113
129465
227429
133730
81604
36840
278142
8374
20208
114518
19382
102870
264577
223948
77088
228504
159648
41172
154472
203129
87071
10104
68808
24933
73269
179030
207629
225109
55096
234914
138331
398942
29370
156670
78773
52970
40696
301253
132303
269586
18487
256650
229982
169554
218664
1793
6182
21388
171263
238058
237156
187292
63587
234996
47266
409062
25603
265356
121318
108886
245337
109196
13693
56775
261384
124115
25840
231808
196710
339251
21385
220819
296140
319687
69036
273176
219334
75921
156451
198195
86545
122873
129359
163217
15153
71387
175037
53558
59666
152706
185193
129082
71832
230722
218384
205593
7284
25304
255909
62865
36914
59309
149976
32695
148313
231471
91910
109924
330154
100136
165600
84057
241428
23917
122625
17795
215056
244886
120283
252794
136062
413188
203257
239276
138383
1155
94028
53870
268245
15593
201607
71630
27602
134346
384399
352265
144977
236383
119199
303052
186105
292341
276756
61824
94488
6006
319628
34397
9901
79099
255888
322673
135440
184377
278717
84624
19411
61980
132313
178194
142336
11026
119382
223175
13577
26228
1061
88168
45637
120114
201962
141220
106719
100093
186641
296527
154604
6711
169000
109793
174148
369411
87170
19701
178070
103406
62301
364368
77494
79578
325846
380508
341506
211131
89596
210362
394924
52701
58429
59970
118000
162442
25037
317514
57108
303950
77199
23650
225726
12284
354057
229696
84835
95608
374934
11387
61865
157244
200628
38707
80320
348176
26369
77037
190594
38591
150159
146848
98875
36492
80173
157348
74564
234204
34786
70240
245714
218019
225333
215163
359449
29952
124430
107730
119156
119935
345235
62366
34548
292849
122825
21457
267479
16116
178219
115000
151097
716
84235
85245
21828
40713
135997
56336
162054
45390
85686
75913
36497
517
21146
146480
29127
67459
148283
7927
254551
214446
120456
283737
19372
115949
231497
319651
2923
91539
144712
320677
136761
144154
267054
142279
260844
297261
40193
32641
332473
203649
132736
91137
79222
72674
328613
97811
200278
221320
128627
155994
99306
106782
177320
2191
82675
134225
191321
90461
339209
2281
171696
60646
69009
198340
2797
69491
309416
187087
304873
232456
41474
169869
48336
116115
101462
9012
123269
242838
338384
224846
143493
46918
13341
238476
43638
133623
127325
223160
174693
228361
240100
14096
228593
209645
411911
242379
126092
94716
175646
18528
200770
325097
146025
213679
89826
67820
172643
31258
235115
4044
35210
5037
239366
44732
221146
12860
366978
250828
90445
191386
200341
381558
75999
301729
69983
227372
91705
23979
263553
357337
5986
152336
75730
285868
290449
62712
27724
265230
222219
9582
70138
254606
57701
83619
277897
102714
36578
77194
34587
140669
242952
284917
46457
84394
90943
108104
167732
96082
13238
259656
28311
78932
171194
33808
303619
174995
88749
182145
220567
50938
61410
94695
64187
282393
91019
227342
92801
152266
159935
15416
10006
222899
293235
7981
55147
58782
61548
57562
39236
36516
253174
177929
97458
166673
218005
126627
123770
94090
243241
81676
66797
183644
218555
166567
145845
16243
3151
166947
282933
300092
27914
34353
137142
115160
11101
51384
20245
194011
22682
109469
230225
57409
34163
73110
289368
263461
118777
34314
145544
121460
307824
241865
8573
172485
299449
87441
16814
165979
55173
89035
227337
217057
6239
110082
350861
284147
184724
197662
225040
17062
80070
108559
21771
286597
23450
55840
35015
362550
158840
148949
45203
129534
281394
421903
52457
153489
208127
13375
371188
212457
14865
100351
136880
41787
316375
137615
374984
96810
216836
259248
77481
54534
63580
176519
44550
51614
358319
241259
364579
62895
187952
205964
13916
74684
130287
172353
34367
73612
114315
318559
207420
141806
79985
78409
5448
62542
345815
152875
76224
66306
5110
75280
151181
197648
134958
190578
31020
50442
11589
228006
159882
309569
47868
293141
1930
57855
199251
143132
33330
61572
147340
33529
127848
309821
6918
154080
28143
303596
138266
97310
66574
94717
36928
91005
80163
41984
96024
87566
265082
120266
388888
106312
139809
332441
167588
21520
123375
359302
82908
176023
207793
26871
135642
111844
120368
230452
94291
63127
231219
310281
113884
117517
244289
104297
136967
145564
83718
46914
108004
85845
151548
199582
87564
26124
147485
144661
28378
226368
39847
140536
169858
19131
90577
324383
106014
113745
154870
11907
84737
173258
19726
154924
77454
245300
145197
45566
135231
257149
102236
109818
89058
231149
254726
41784
186823
36156
15908
137560
275975
254777
109129
156949
201541
32008
128662
37701
267172
240848
207415
59571
326615
121781
175989
7238
20828
55164
45664
252732
50104
30455
107215
16807
192313
25521
54532
298123
26092
13043
9638
178197
306497
184168
338708
206483
46020
313428
23945
269076
88470
3071
94051
323431
110142
381132
65622
303047
100148
177446
166147
87094
193108
218480
110787
188067
344794
220300
267639
100142
182996
4628
52867
158930
76609
136073
243683
161249
245485
196963
224127
167917
10353
172656
406287
226325
129714
224109
45346
25596
262413
278632
158594
89428
23217
218222
2721
98370
102102
280766
147347
18760
83000
125466
48004
55642
151231
195205
74950
171027
48776
40770
101637
283559
220179
33135
17655
175973
81850
14891
61766
102051
111307
32548
49704
99264
93992
31580
131431
161332
51729
204362
226525
30807
1395
200829
90224
341959
108412
309590
22545
13622
82950
95601
142818
27446
22055
96589
226963
82469
192680
69820
350423
231503
260737
82476
175395
239957
262727
17021
65352
116225
44575
11868
286334
26437
101739
49201
227654
200083
147393
15840
88174
150219
83071
122262
228353
142366
81537
69204
43724
324660
125252
164910
228268
164684
87951
5965
60077
306607
123226
34357
72690
40527
14796
130075
25493
146187
152707
12465
344176
255198
48036
175786
108523
130021
69941
74874
271206
293621
139066
265198
403101
288387
54931
339667
6199
70614
224679
165988
364302
73847
95467
158496
26713
158142
210582
21438
251238
272123
42844
132234
103324
139014
120073
53880
1554
204010
27337
204133
358138
84560
71711
6782
117542
199541
132219
190552
61213
292871
172026
326805
46423
247786
153781
317301
194003
168182
285987
171737
149468
85487
83418
364633
173495
35303
82257
182264
62452
240153
220561
245904
310184
84544
25210
84625
416263
401268
35167
263033
199620
120069
334578
36236
114980
155236
272002
74428
31109
236788
72619
265694
262939
38244
102557
294906
169063
278
11896
250231
131603
132879
72506
327030
27704
217888
126092
244205
294562
177921
102759
179339
171550
328253
114594
285055
343577
155687
304538
6246
108292
160716
62151
16236
54542
2333
10898
79116
243255
257944
130855
150003
110976
11271
97605
114999
193048
104469
328636
85178
192860
115745
6518
271613
122415
257453
318057
109326
18190
181577
19097
268127
35750
195850
214477
113730
377819
141344
201357
335960
313128
268606
54672
272073
218524
73527
113264
20835
333984
54912
163903
352989
8059
118030
327919
37165
8539
209586
163999
159365
2783
283081
151157
250666
166386
245788
148768
27464
215131
149393
167499
102469
169501
31436
339197
117537
81735
117255
124167
235084
110061
198280
142542
126867
107786
103902
86924
169884
31544
181158
410458
9886
210105
335731
245855
43227
122282
81350
299720
74886
36148
116595
97456
47912
52981
24422
111714
38712
138621
12261
245294
353264
287334
313776
201346
190948
52730
87258
258433
310614
144403
201882
112330
215467
120646
10118
184336
61758
251824
126074
49808
104505
133404
183505
40794
22130
77882
44387
123271
219823
102455
166197
39560
86785
133126
278284
47639
234996
124981
276689
413270
226880
268385
132727
61420
86961
19957
45045
302374
186275
390075
62612
261650
379335
189988
149940
173190
267147
35086
26159
217386
331898
154092
66896
303827
12596
93195
59239
166980
149104
15548
343184
408704
75246
306670
167598
110743
259547
180781
72591
90490
18090
63345
68053
169597
247931
147902
273783
317316
63309
341309
35568
33530
68322
49900
226521
389488
266212
196767
45767
337143
152515
131594
201922
16175
82434
57170
4235
165992
231905
56267
300686
192560
400459
222937
198593
304070
257663
135383
194367
157515
128261
38369
33706
155186
205673
89986
206146
51555
196463
410447
33821
71780
49790
85837
99454
33356
179193
134407
99720
19280
14582
24352
267951
7559
48216
185065
684
96246
12870
23088
171972
83001
132077
166568
8521
50186
114753
317829
162307
188192
216453
40919
54351
67203
111881
242610
16043
93387
10006
42468
28778
257306
211592
29787
27515
94299
82188
14650
272833
83554
300619
20573
92457
300618
66232
207056
251793
132072
291240
270305
119844
357189
37013
142521
115814
311827
286492
272081
52169
397423
271204
152026
68935
112625
227279
51793
346838
215175
352415
5836
355340
222133
25536
349089
321839
272686
190138
33158
179889
187995
53766
392443
203367
323443
11181
295386
56568
149170
143177
339416
100836
84946
250339
76031
208552
117034
240411
243258
211720
28006
60316
129970
95777
86916
84208
260815
71183
3717
30884
100505
2030
51037
64105
93938
20653
90834
39854
45594
189438
243904
62465
58762
299290
185302
150204
281396
259987
37462
74988
71132
230504
218185
47934
133053
253129
30188
30837
159349
98301
29438
145300
207880
234219
281581
262099
139128
18008
39474
116614
82602
162367
30884
61900
286440
135720
168522
81261
363888
155974
47476
37100
28498
11181
116043
285797
74779
50475
97519
20424
69949
144065
174052
107428
74051
286481
21431
265784
45250
290905
42649
247246
131993
236361
59733
71086
67394
197194
260511
233718
178096
89765
33185
203280
89661
187562
137221
11850
339627
296849
30801
72695
5182
124767
285268
239505
271508
36875
52229
128777
85524
12946
327243
13375
91895
42497
965
249461
87757
21882
46624
79513
97406
247849
218119
122170
95716
2907
110193
91881
112077
140177
368219
8371
193479
99855
364477
27331
341925
220371
255795
79051
140177
135136
81579
25232
276712
55771
31660
197528
290226
374928
57293
185253
209386
131688
129650
50461
53979
85390
250122
138420
120025
193383
176786
117496
56513
175426
77138
53670
100721
32535
214077
136650
203612
184292
44136
118940
143922
31644
57949
189942
357957
280013
257829
400135
226963
164344
353779
13388
32062
315585
210099
151413
136321
43352
330351
300619
114821
154672
12200
5056
215826
37937
198407
224578
298687
218309
154118
195606
85630
283649
144518
214327
6620
35475
238394
123705
110704
39802
52788
166750
55424
397733
268734
184365
75634
183996
203177
32824
212523
18243
97124
137093
180065
45624
309816
168458
255504
21607
35648
344983
52905
75603
269114
372642
55472
2423
244914
139621
156476
222275
120433
48179
167583
33512
166325
260423
1867
71958
215447
275314
27764
140391
76260
146509
215516
297092
36583
145219
202312
283411
77009
201088
132017
314611
102653
11661
4174
72186
32769
21542
57277
199424
70827
104871
111588
154916
97205
65259
14294
75505
195419
395116
374478
272489
177990
45994
105140
187361
97081
84164
137162
193042
55985
92457
8161
255209
69206
80012
148234
3372
12624
383829
165785
47355
106713
108015
180883
79410
229596
297798
167797
222642
69738
240249
164621
277991
70171
86462
42402
308352
48196
108530
10081
10668
129382
189119
69721
213181
404283
66678
219387
324130
61552
156722
3416
33915
44798
143357
76843
33164
184938
215747
168258
186704
154026
170077
244533
78099
47262
65968
177055
277368
38129
194197
3398
325049
122260
32093
186081
127742
216416
245194
193090
149355
78312
236337
296171
61646
20497
223347
72310
32561
275507
138981
24242
199533
233112
166969
139381
18829
14838
168830
413966
11985
5366
25320
2181
320250
236625
89885
197200
56998
86663
131802
242245
260793
13104
11037
416595
30873
14442
194387
12590
123338
209665
39255
51542
280925
140969
21845
133790
176979
88149
55078
347695
370517
7663
36178
359356
300290
142292
77836
42558
49459
31944
112792
179108
99322
27630
219810
111718
61456
4438
158181
200369
82733
4420
173735
79383
173023
170007
341734
16107
45861
176874
41807
48119
301447
299722
57319
134991
123363
18769
28900
311599
168789
165935
74392
151382
54002
70546
31216
230633
41757
93209
327907
321946
149406
339330
16441
23400
35591
80504
171291
62839
102909
53446
325787
229889
291328
38917
168398
127318
62664
129951
228078
162617
86874
38877
176027
83650
6711
218341
88880
79573
122647
208735
41552
109500
47949
12111
182265
228244
273953
157769
38535
349302
17066
56756
14969
333467
220362
44762
46950
169109
161233
16805
31533
162081
75994
101146
130290
180747
261576
14307
237
25479
335233
309972
77961
110034
51218
101310
23638
17382
235788
145775
402634
156440
15234
33199
45432
117590
28891
18156
189272
32764
344818
258023
48692
151644
303342
148960
154464
67936
89822
36994
150775
251138
154695
298270
4400
87340
329128
59412
115694
147833
146017
231057
288813
166053
133933
10331
15392
227460
13122
68715
175829
89954
127321
47851
222118
51346
276919
177100
120566
4675
170371
271631
49665
117701
138002
115297
33138
16784
258960
114569
153470
128019
53416
20547
34134
12424
360853
244657
333736
4225
4068
200220
139674
106447
68286
33779
135102
17000
153204
157269
412730
168149
278836
92851
125246
243934
75691
61723
154373
100680
65193
17357
263806
26648
168564
231530
187043
48468
162793
147863
175001
139364
142048
176220
96278
276144
112969
196618
234195
227953
74901
155126
82689
247579
329609
102686
14076
125292
148593
156785
142680
42944
240640
121435
307579
262203
218151
305072
188072
232205
40320
304372
84649
21901
336200
215144
180759
295969
378684
41410
325643
90438
182526
43785
11898
173674
325429
8213
185621
182302
34644
51812
67148
153044
60416
67822
94481
25749
258375
58876
220960
5865
68635
210241
158911
172787
323195
184809
42504
275563
260677
6728
262494
38752
350080
22044
214939
3272
348457
67123
135403
2640
171050
110735
297087
276270
144886
65294
341153
114940
355357
223171
239250
34847
229277
120121
64558
34820
125874
147214
315146
242821
245220
15001
34891
78451
107806
121622
46433
9019
175159
248851
74238
195619
83616
108367
220398
150974
295826
207010
197449
73231
32827
209991
108771
187788
194507
52824
65979
44866
264930
10641
328530
37851
195601
23167
76725
82216
334484
79176
2202
401835
147425
231239
265180
354956
113335
159847
184772
34125
44958
185100
78903
250907
92853
95269
232718
188585
136999
326784
128451
263773
283994
134097
103904
191065
274248
203493
54460
85747
179307
51316
8060
39082
203036
116468
32760
141502
240263
35978
137072
59145
143304
170578
124105
249832
133491
118630
75571
18592
82784
404578
51310
369066
31760
42263
56778
17778
241314
281892
270015
127204
17164
267844
109691
228289
14153
227229
210182
12342
234081
174938
42982
47444
180549
10428
189830
38755
102720
23418
45312
97600
210214
51697
30629
156823
265449
137970
11257
191862
164819
61646
28013
107366
60207
258260
194844
93683
41140
17558
328465
137301
131191
101119
300873
56602
46468
72462
6819
344480
86763
116529
42575
7909
35203
110369
347041
55685
55741
280527
305131
352916
90618
98477
144166
24952
243272
45163
173250
10367
289713
11407
74754
289715
26711
59350
58184
18798
318029
3896
260573
38794
21457
29013
268441
11297
192032
24713
27728
35436
134276
310327
112914
9769
233716
5636
191500
206446
118361
218536
305802
20036
239953
49757
31194
22142
56329
95841
235235
287250
175915
96720
355485
14393
126537
144813
252892
291039
240460
149262
14384
145245
85514
231303
317889
191718
123177
219895
314973
109752
89029
131512
24335
82584
103737
96647
10770
81824
20271
213231
56071
93173
3912
68194
102269
67648
173301
281227
35390
124680
4860
93047
98884
46829
8521
89851
368011
24954
51804
197373
215526
154608
90421
257982
66039
8998
220579
229951
58507
206096
77430
83558
138084
132192
89993
170751
108067
60184
286544
220642
320022
54470
38373
116014
48522
212377
339070
271620
320282
19352
11663
274370
61996
35110
173533
152335
153431
304966
112577
116300
160728
54850
229458
186820
49900
108362
239228
64968
298181
193190
166478
39500
14756
191505
243832
4289
58614
238415
94519
193308
30611
189311
152390
73295
323808
204927
87623
297214
208784
193385
212292
8826
28694
189193
24934
52665
116045
268690
208473
172003
77096
19213
95151
87039
334157
202624
30131
103849
114437
74077
87659
143447
314824
255156
84133
278021
115295
195535
22744
191956
382571
49935
93895
156307
118654
104055
26349
75574
161622
323969
73872
241526
26015
67828
112994
108858
66960
336166
192207
90032
340971
80118
107492
45690
10051
275824
333154
25520
409273
97737
59569
335692
300286
356369
28501
390500
5287
315497
175638
97532
400738
4832
284163
50379
235569
172306
112786
129463
201459
218274
30156
85623
80254
238076
53063
165583
131839
86531
197944
64436
54095
337582
108863
44867
159128
74950
163252
78223
69394
39735
155002
33652
276285
25044
84999
173246
225008
95991
208398
176856
90280
206242
278878
259619
27686
126401
137151
255672
266555
251439
107359
132313
121935
277212
33319
197077
32301
255537
270552
114163
154512
83507
42890
127931
40807
106908
122946
293606
601
59653
80625
255046
6465
117403
86579
12662
297909
255171
344227
188777
76597
35590
46052
92500
99079
245548
264012
238617
63231
140143
179287
309078
161112
157964
149575
103482
90207
10390
293872
64317
300909
229647
154386
180300
157619
185733
55763
164251
67229
20975
52001
214033
238805
275929
37408
73555
218213
29238
275902
201807
135104
96539
39640
59974
80987
168243
36162
60885
194068
152301
75649
313954
86628
8258
1988
93748
52243
99562
71354
5289
12536
97780
331305
296250
74596
230749
55475
28635
101908
389612
306043
9261
62873
82707
323968
224413
151578
46194
208645
97235
129028
231264
90843
61288
184781
163737
156671
125801
33073
222237
218998
73966
257061
235654
163300
254534
246646
174284
40362
6885
157216
335026
72802
89660
102938
78814
158082
68579
129082
122779
110173
222951
171050
155819
11800
108146
91639
104764
83970
75202
62447
148470
135992
91882
3987
92640
63293
112657
245505
125170
110224
39735
194138
168205
26996
146993
52458
173682
3476
191962
112070
70559
25668
291771
24924
259243
72968
79725
131451
72654
139113
148854
171924
354874
75758
30597
374028
165976
85792
145777
23116
247358
162071
63992
109441
248864
274259
258637
214868
362376
78502
202381
2177
85408
166301
66065
156040
300842
127351
154795
67860
85571
191272
240033
151411
26498
1058
103858
108525
25823
374608
26876
171628
137827
76651
41339
51364
73455
228365
165694
48283
154483
66126
264625
133487
64795
41709
31258
260945
24523
249808
225648
31313
289419
64551
277470
1014
209582
385305
101658
12287
97630
89949
166942
36574
195443
88757
97169
256086
147953
164868
57016
44416
53089
76734
219544
20174
260277
57448
111141
175434
35318
76607
241990
372677
370549
299833
120636
215373
205274
127390
177801
134543
210314
340371
90922
58321
31510
109281
29616
238873
159659
201174
14492
145528
14995
287214
55576
306360
15222
120606
14475
13273
9872
335228
256452
367990
97044
253913
160636
227402
377298
173776
52278
144575
64394
154521
110549
15560
57745
171271
6636
215211
252149
197963
9766
25325
169077
86063
190126
66551
388851
20808
397563
364181
67892
180583
20128
96292
77098
150401
177793
230722
13792
57786
109741
86059
137833
52806
122225
73965
10522
344449
148810
404094
129696
206245
30611
292138
119799
115863
202052
17096
237611
355939
275101
109306
53309
337941
229438
7400
179019
339319
112529
30027
13040
294798
397071
11907
49108
261513
286762
11397
4076
84502
255622
87259
208453
97886
59298
174935
326028
142260
71803
47903
346247
82132
180688
12882
17739
76713
88379
281190
149261
188838
282864
66578
170729
356510
2177
115018
372511
61334
212851
20189
21582
139144
338631
182581
261259
47512
152352
14246
225478
247809
47428
145640
264887
22680
136008
70933
102371
96776
134872
225037
25524
91718
296900
4197
47085
300815
149185
58797
257092
101995
213805
81636
362362
200932
278957
262968
107372
269940
64095
211116
31653
69653
372802
288776
98235
32781
172744
99488
139639
351423
164424
50450
81842
83834
307397
146098
12401
94860
1409
263317
216085
73223
35115
168792
172219
64355
412469
339197
25533
173452
387230
217857
173095
179829
37738
363540
64086
51927
277557
128538
115439
271788
57516
114182
257350
74110
170970
129795
89214
250801
43902
80555
303762
384032
81254
249467
46096
46119
152868
214920
20831
92539
106527
137757
31454
136714
145838
325628
146037
206852
108312
7375
56836
73889
121237
395414
92470
61672
199907
206212
214359
27937
346885
63318
123844
217279
383213
18663
45075
22240
279551
101858
192623
372474
26729
162359
104990
204134
63587
131052
24693
127512
145004
109062
265541
92339
133970
79299
259457
531
230840
313266
151604
212655
64340
148494
64549
111412
87100
45056
43185
166549
381843
15663
32025
225815
154274
25025
4119
228100
54668
43600
16825
79690
57132
90368
326123
234249
216597
29698
136483
297537
307540
21771
177442
43335
63094
144493
246372
326794
169907
180169
157870
17564
199982
87932
184413
64220
77790
104441
18973
124354
152856
114490
61563
32168
360165
77748
84243
130964
104770
190583
241308
7467
338419
162082
93420
42889
379086
186870
41218
98030
306654
145453
134031
239037
250227
7688
103026
171675
325528
199156
127394
368440
23411
26520
41588
265947
193267
358714
32709
64903
185418
34360
302446
61948
61782
161330
265655
224936
115580
267755
265201
86386
52701
207810
56324
50936
298865
77448
36311
305933
23362
120332
384961
383699
173449
196186
242683
245203
19576
286898
194246
218840
340855
91947
90167
43363
199039
15289
57185
53177
105096
133440
137728
225702
178668
101938
32051
53028
1355
338649
192796
141892
51992
78527
165613
37117
22714
104726
114372
79839
45447
8845
49641
6485
399945
52093
367757
16766
214780
58104
108077
281639
152668
216525
58032
256734
63888
87158
27570
39029
207884
93417
218576
181766
244360
286269
224924
23725
135477
103445
80975
282491
125200
122316
368933
252457
86512
172343
52832
34691
133795
11933
247478
155452
162883
72349
115064
143444
63102
179676
172496
101116
45411
62886
50257
246113
40191
187204
181700
216153
316554
109084
93011
5241
131675
179745
12084
32234
42804
72091
33978
36392
282782
110328
44505
81970
115188
66227
306962
306715
257179
205370
403124
61321
12366
169556
111086
331987
116692
81169
107063
38066
255580
53418
4394
6930
6850
207479
222471
15724
181169
109682
12502
175240
94562
39733
96261
44338
237131
142710
375035
95450
207750
230643
92805
276400
209172
116964
148082
48579
11725
140779
164891
207893
252724
61761
39011
8401
252882
128199
45026
164721
303143
185870
122116
15124
374942
338240
114559
94757
32107
162156
67658
186918
127046
136922
62536
233273
106181
67648
150517
50245
68383
109557
132917
357702
11976
139010
139469
91220
253582
132831
85269
124038
155549
128409
21130
417986
233467
63697
350707
140370
109772
175738
250261
62429
194834
153433
35288
9541
161774
45864
289532
90820
48488
18447
39735
54075
3729
260809
142921
145238
139313
201756
276997
200669
8927
63878
201142
170065
1414
64593
170720
160697
52601
243152
112525
178757
8935
188399
116018
24551
76948
9800
340035
261499
215062
88652
13939
194407
153634
279438
83886
20828
197136
31708
301630
82915
23906
116009
27939
37605
241550
7076
82085
185360
177654
296151
235076
235428
106257
180503
142990
67955
1569
115538
163201
17298
101302
238154
112791
130855
38852
113534
86937
46508
243042
355751
167466
279214
2570
44535
163516
263486
