23495
9315
22290
24714
33800
7790
14081
23852
16860
5527
9677
32795
4794
10419
7442
13939
10039
13408
11112
27347
16860
17521
30677
9505
19998
16190
31953
23315
7815
413
2743
8534
5474
2656
14893
1821
24991
7561
8998
1408
1640
31539
4563
10809
28879
16561
13506
3934
25248
12554
9188
34017
11400
1317
15389
10833
29579
5821
7551
11100
5769
23097
33862
16217
14875
18129
11408
19178
4680
18779
13629
4037
1108
13372
4448
29251
4675
9239
7839
30640
4480
17628
9385
3740
17911
33704
29098
6348
3202
6672
5166
25546
16932
3206
12824
34429
13892
3848
4713
8892
