9715
22961
7720
27600
7469
12946
33229
6837
14409
3095
7072
1776
25632
22302
5984
27161
1799
23963
5056
17234
4175
19172
27520
12350
1532
15922
10762
4954
4168
15909
32347
23771
18633
22158
9238
8000
4986
23481
10411
17459
30841
17690
24103
18816
12233
5396
1726
2367
5037
9461
23310
19012
2843
26152
36566
4003
23609
25402
19076
23323
19098
3336
8704
20007
12503
8316
21780
22158
16470
15122
15693
3937
30849
2624
11547
7638
31462
1803
18960
21309
14849
18760
18093
13465
9476
16115
7837
22242
1181
18937
6484
9825
3785
34888
21467
9000
2724
14297
24440
6022
